Archive member included to satisfy reference by file (symbol)

c:/st/stm32cubeide_1.6.0/stm32cubeide/plugins/com.st.stm32cube.ide.mcu.externaltools.gnu-tools-for-stm32.9-2020-q2-update.win32_1.5.0.202011040924/tools/bin/../lib/gcc/arm-none-eabi/9.3.1/../../../../arm-none-eabi/lib/thumb/v7e-m+fp/hard\libc_nano.a(lib_a-errno.o)
                              Core/Src/syscalls.o (__errno)
c:/st/stm32cubeide_1.6.0/stm32cubeide/plugins/com.st.stm32cube.ide.mcu.externaltools.gnu-tools-for-stm32.9-2020-q2-update.win32_1.5.0.202011040924/tools/bin/../lib/gcc/arm-none-eabi/9.3.1/../../../../arm-none-eabi/lib/thumb/v7e-m+fp/hard\libc_nano.a(lib_a-exit.o)
                              c:/st/stm32cubeide_1.6.0/stm32cubeide/plugins/com.st.stm32cube.ide.mcu.externaltools.gnu-tools-for-stm32.9-2020-q2-update.win32_1.5.0.202011040924/tools/bin/../lib/gcc/arm-none-eabi/9.3.1/../../../../arm-none-eabi/lib/thumb/v7e-m+fp/hard/crt0.o (exit)
c:/st/stm32cubeide_1.6.0/stm32cubeide/plugins/com.st.stm32cube.ide.mcu.externaltools.gnu-tools-for-stm32.9-2020-q2-update.win32_1.5.0.202011040924/tools/bin/../lib/gcc/arm-none-eabi/9.3.1/../../../../arm-none-eabi/lib/thumb/v7e-m+fp/hard\libc_nano.a(lib_a-impure.o)
                              c:/st/stm32cubeide_1.6.0/stm32cubeide/plugins/com.st.stm32cube.ide.mcu.externaltools.gnu-tools-for-stm32.9-2020-q2-update.win32_1.5.0.202011040924/tools/bin/../lib/gcc/arm-none-eabi/9.3.1/../../../../arm-none-eabi/lib/thumb/v7e-m+fp/hard\libc_nano.a(lib_a-exit.o) (_global_impure_ptr)
c:/st/stm32cubeide_1.6.0/stm32cubeide/plugins/com.st.stm32cube.ide.mcu.externaltools.gnu-tools-for-stm32.9-2020-q2-update.win32_1.5.0.202011040924/tools/bin/../lib/gcc/arm-none-eabi/9.3.1/../../../../arm-none-eabi/lib/thumb/v7e-m+fp/hard\libc_nano.a(lib_a-init.o)
                              c:/st/stm32cubeide_1.6.0/stm32cubeide/plugins/com.st.stm32cube.ide.mcu.externaltools.gnu-tools-for-stm32.9-2020-q2-update.win32_1.5.0.202011040924/tools/bin/../lib/gcc/arm-none-eabi/9.3.1/../../../../arm-none-eabi/lib/thumb/v7e-m+fp/hard/crt0.o (__libc_init_array)
c:/st/stm32cubeide_1.6.0/stm32cubeide/plugins/com.st.stm32cube.ide.mcu.externaltools.gnu-tools-for-stm32.9-2020-q2-update.win32_1.5.0.202011040924/tools/bin/../lib/gcc/arm-none-eabi/9.3.1/../../../../arm-none-eabi/lib/thumb/v7e-m+fp/hard\libc_nano.a(lib_a-memset.o)
                              c:/st/stm32cubeide_1.6.0/stm32cubeide/plugins/com.st.stm32cube.ide.mcu.externaltools.gnu-tools-for-stm32.9-2020-q2-update.win32_1.5.0.202011040924/tools/bin/../lib/gcc/arm-none-eabi/9.3.1/../../../../arm-none-eabi/lib/thumb/v7e-m+fp/hard/crt0.o (memset)

Allocating common symbols
Common symbol       size              file

hUsbDeviceFS        0x2d0             USB_DEVICE/App/usb_device.o
hpcd_USB_OTG_FS     0x408             USB_DEVICE/Target/usbd_conf.o
cnt                 0x4               Core/Src/main.o
uwTick              0x4               Drivers/STM32L4xx_HAL_Driver/Src/stm32l4xx_hal.o
htim5               0x4c              Core/Src/main.o
UserRxBufferFS      0x800             USB_DEVICE/App/usbd_cdc_if.o
UserTxBufferFS      0x800             USB_DEVICE/App/usbd_cdc_if.o
feedback            0x4               Core/Src/main.o
cnt_old             0x4               Core/Src/main.o
htim1               0x4c              Core/Src/main.o
htim2               0x4c              Core/Src/main.o
X0                  0x1               Core/Src/main.o
USBD_StrDesc        0x200             USB_DEVICE/App/usbd_desc.o
Y0                  0x1               Core/Src/main.o

Discarded input sections

 .text          0x0000000000000000        0x0 c:/st/stm32cubeide_1.6.0/stm32cubeide/plugins/com.st.stm32cube.ide.mcu.externaltools.gnu-tools-for-stm32.9-2020-q2-update.win32_1.5.0.202011040924/tools/bin/../lib/gcc/arm-none-eabi/9.3.1/thumb/v7e-m+fp/hard/crti.o
 .data          0x0000000000000000        0x0 c:/st/stm32cubeide_1.6.0/stm32cubeide/plugins/com.st.stm32cube.ide.mcu.externaltools.gnu-tools-for-stm32.9-2020-q2-update.win32_1.5.0.202011040924/tools/bin/../lib/gcc/arm-none-eabi/9.3.1/thumb/v7e-m+fp/hard/crti.o
 .bss           0x0000000000000000        0x0 c:/st/stm32cubeide_1.6.0/stm32cubeide/plugins/com.st.stm32cube.ide.mcu.externaltools.gnu-tools-for-stm32.9-2020-q2-update.win32_1.5.0.202011040924/tools/bin/../lib/gcc/arm-none-eabi/9.3.1/thumb/v7e-m+fp/hard/crti.o
 .data          0x0000000000000000        0x4 c:/st/stm32cubeide_1.6.0/stm32cubeide/plugins/com.st.stm32cube.ide.mcu.externaltools.gnu-tools-for-stm32.9-2020-q2-update.win32_1.5.0.202011040924/tools/bin/../lib/gcc/arm-none-eabi/9.3.1/thumb/v7e-m+fp/hard/crtbegin.o
 .text          0x0000000000000000       0x7c c:/st/stm32cubeide_1.6.0/stm32cubeide/plugins/com.st.stm32cube.ide.mcu.externaltools.gnu-tools-for-stm32.9-2020-q2-update.win32_1.5.0.202011040924/tools/bin/../lib/gcc/arm-none-eabi/9.3.1/../../../../arm-none-eabi/lib/thumb/v7e-m+fp/hard/crt0.o
[...]
Memory Configuration

Name             Origin             Length             Attributes
RAM              0x0000000020000000 0x0000000000018000 xrw
RAM2             0x0000000010000000 0x0000000000008000 xrw
FLASH            0x0000000008000000 0x0000000000100000 xr
*default*        0x0000000000000000 0xffffffffffffffff

Linker script and memory map

LOAD c:/st/stm32cubeide_1.6.0/stm32cubeide/plugins/com.st.stm32cube.ide.mcu.externaltools.gnu-tools-for-stm32.9-2020-q2-update.win32_1.5.0.202011040924/tools/bin/../lib/gcc/arm-none-eabi/9.3.1/thumb/v7e-m+fp/hard/crti.o
LOAD c:/st/stm32cubeide_1.6.0/stm32cubeide/plugins/com.st.stm32cube.ide.mcu.externaltools.gnu-tools-for-stm32.9-2020-q2-update.win32_1.5.0.202011040924/tools/bin/../lib/gcc/arm-none-eabi/9.3.1/thumb/v7e-m+fp/hard/crtbegin.o
LOAD c:/st/stm32cubeide_1.6.0/stm32cubeide/plugins/com.st.stm32cube.ide.mcu.externaltools.gnu-tools-for-stm32.9-2020-q2-update.win32_1.5.0.202011040924/tools/bin/../lib/gcc/arm-none-eabi/9.3.1/../../../../arm-none-eabi/lib/thumb/v7e-m+fp/hard/crt0.o
LOAD Core/Src/main.o
LOAD Core/Src/stm32l4xx_hal_msp.o
LOAD Core/Src/stm32l4xx_it.o
LOAD Core/Src/syscalls.o
LOAD Core/Src/sysmem.o
LOAD Core/Src/system_stm32l4xx.o
LOAD Core/Startup/startup_stm32l476vgtx.o
LOAD Drivers/STM32L4xx_HAL_Driver/Src/stm32l4xx_hal.o
LOAD Drivers/STM32L4xx_HAL_Driver/Src/stm32l4xx_hal_cortex.o
LOAD Drivers/STM32L4xx_HAL_Driver/Src/stm32l4xx_hal_dma.o
LOAD Drivers/STM32L4xx_HAL_Driver/Src/stm32l4xx_hal_dma_ex.o
LOAD Drivers/STM32L4xx_HAL_Driver/Src/stm32l4xx_hal_exti.o
LOAD Drivers/STM32L4xx_HAL_Driver/Src/stm32l4xx_hal_flash.o
LOAD Drivers/STM32L4xx_HAL_Driver/Src/stm32l4xx_hal_flash_ex.o
LOAD Drivers/STM32L4xx_HAL_Driver/Src/stm32l4xx_hal_flash_ramfunc.o
LOAD Drivers/STM32L4xx_HAL_Driver/Src/stm32l4xx_hal_gpio.o
LOAD Drivers/STM32L4xx_HAL_Driver/Src/stm32l4xx_hal_i2c.o
LOAD Drivers/STM32L4xx_HAL_Driver/Src/stm32l4xx_hal_i2c_ex.o
LOAD Drivers/STM32L4xx_HAL_Driver/Src/stm32l4xx_hal_pcd.o
LOAD Drivers/STM32L4xx_HAL_Driver/Src/stm32l4xx_hal_pcd_ex.o
LOAD Drivers/STM32L4xx_HAL_Driver/Src/stm32l4xx_hal_pwr.o
LOAD Drivers/STM32L4xx_HAL_Driver/Src/stm32l4xx_hal_pwr_ex.o
LOAD Drivers/STM32L4xx_HAL_Driver/Src/stm32l4xx_hal_rcc.o
LOAD Drivers/STM32L4xx_HAL_Driver/Src/stm32l4xx_hal_rcc_ex.o
LOAD Drivers/STM32L4xx_HAL_Driver/Src/stm32l4xx_hal_tim.o
LOAD Drivers/STM32L4xx_HAL_Driver/Src/stm32l4xx_hal_tim_ex.o
LOAD Drivers/STM32L4xx_HAL_Driver/Src/stm32l4xx_ll_usb.o
LOAD Middlewares/ST/STM32_USB_Device_Library/Class/CDC/Src/usbd_cdc.o
LOAD Middlewares/ST/STM32_USB_Device_Library/Core/Src/usbd_core.o
LOAD Middlewares/ST/STM32_USB_Device_Library/Core/Src/usbd_ctlreq.o
LOAD Middlewares/ST/STM32_USB_Device_Library/Core/Src/usbd_ioreq.o
LOAD USB_DEVICE/App/usb_device.o
LOAD USB_DEVICE/App/usbd_cdc_if.o
LOAD USB_DEVICE/App/usbd_desc.o
LOAD USB_DEVICE/Target/usbd_conf.o
START GROUP
LOAD c:/st/stm32cubeide_1.6.0/stm32cubeide/plugins/com.st.stm32cube.ide.mcu.externaltools.gnu-tools-for-stm32.9-2020-q2-update.win32_1.5.0.202011040924/tools/bin/../lib/gcc/arm-none-eabi/9.3.1/../../../../arm-none-eabi/lib/thumb/v7e-m+fp/hard\libc_nano.a
LOAD c:/st/stm32cubeide_1.6.0/stm32cubeide/plugins/com.st.stm32cube.ide.mcu.externaltools.gnu-tools-for-stm32.9-2020-q2-update.win32_1.5.0.202011040924/tools/bin/../lib/gcc/arm-none-eabi/9.3.1/../../../../arm-none-eabi/lib/thumb/v7e-m+fp/hard\libm.a
END GROUP
START GROUP
LOAD c:/st/stm32cubeide_1.6.0/stm32cubeide/plugins/com.st.stm32cube.ide.mcu.externaltools.gnu-tools-for-stm32.9-2020-q2-update.win32_1.5.0.202011040924/tools/bin/../lib/gcc/arm-none-eabi/9.3.1/thumb/v7e-m+fp/hard\libgcc.a
LOAD c:/st/stm32cubeide_1.6.0/stm32cubeide/plugins/com.st.stm32cube.ide.mcu.externaltools.gnu-tools-for-stm32.9-2020-q2-update.win32_1.5.0.202011040924/tools/bin/../lib/gcc/arm-none-eabi/9.3.1/../../../../arm-none-eabi/lib/thumb/v7e-m+fp/hard\libc_nano.a
END GROUP
START GROUP
LOAD c:/st/stm32cubeide_1.6.0/stm32cubeide/plugins/com.st.stm32cube.ide.mcu.externaltools.gnu-tools-for-stm32.9-2020-q2-update.win32_1.5.0.202011040924/tools/bin/../lib/gcc/arm-none-eabi/9.3.1/thumb/v7e-m+fp/hard\libgcc.a
LOAD c:/st/stm32cubeide_1.6.0/stm32cubeide/plugins/com.st.stm32cube.ide.mcu.externaltools.gnu-tools-for-stm32.9-2020-q2-update.win32_1.5.0.202011040924/tools/bin/../lib/gcc/arm-none-eabi/9.3.1/../../../../arm-none-eabi/lib/thumb/v7e-m+fp/hard\libc_nano.a
LOAD c:/st/stm32cubeide_1.6.0/stm32cubeide/plugins/com.st.stm32cube.ide.mcu.externaltools.gnu-tools-for-stm32.9-2020-q2-update.win32_1.5.0.202011040924/tools/bin/../lib/gcc/arm-none-eabi/9.3.1/../../../../arm-none-eabi/lib/thumb/v7e-m+fp/hard\libnosys.a
END GROUP
START GROUP
LOAD c:/st/stm32cubeide_1.6.0/stm32cubeide/plugins/com.st.stm32cube.ide.mcu.externaltools.gnu-tools-for-stm32.9-2020-q2-update.win32_1.5.0.202011040924/tools/bin/../lib/gcc/arm-none-eabi/9.3.1/thumb/v7e-m+fp/hard\libgcc.a
LOAD c:/st/stm32cubeide_1.6.0/stm32cubeide/plugins/com.st.stm32cube.ide.mcu.externaltools.gnu-tools-for-stm32.9-2020-q2-update.win32_1.5.0.202011040924/tools/bin/../lib/gcc/arm-none-eabi/9.3.1/../../../../arm-none-eabi/lib/thumb/v7e-m+fp/hard\libc_nano.a
LOAD c:/st/stm32cubeide_1.6.0/stm32cubeide/plugins/com.st.stm32cube.ide.mcu.externaltools.gnu-tools-for-stm32.9-2020-q2-update.win32_1.5.0.202011040924/tools/bin/../lib/gcc/arm-none-eabi/9.3.1/../../../../arm-none-eabi/lib/thumb/v7e-m+fp/hard\libnosys.a
END GROUP
LOAD c:/st/stm32cubeide_1.6.0/stm32cubeide/plugins/com.st.stm32cube.ide.mcu.externaltools.gnu-tools-for-stm32.9-2020-q2-update.win32_1.5.0.202011040924/tools/bin/../lib/gcc/arm-none-eabi/9.3.1/thumb/v7e-m+fp/hard/crtend.o
LOAD c:/st/stm32cubeide_1.6.0/stm32cubeide/plugins/com.st.stm32cube.ide.mcu.externaltools.gnu-tools-for-stm32.9-2020-q2-update.win32_1.5.0.202011040924/tools/bin/../lib/gcc/arm-none-eabi/9.3.1/thumb/v7e-m+fp/hard/crtn.o
                0x0000000020018000                _estack = (ORIGIN (RAM) + LENGTH (RAM))
                0x0000000000000200                _Min_Heap_Size = 0x200
                0x0000000000000400                _Min_Stack_Size = 0x400

.isr_vector     0x0000000008000000      0x188
                0x0000000008000000                . = ALIGN (0x4)
 *(.isr_vector)
 .isr_vector    0x0000000008000000      0x188 Core/Startup/startup_stm32l476vgtx.o
                0x0000000008000000                g_pfnVectors
                0x0000000008000188                . = ALIGN (0x4)

.text           0x0000000008000188     0x7ef0
                0x0000000008000188                . = ALIGN (0x4)
 *(.text)
 .text          0x0000000008000188       0x40 c:/st/stm32cubeide_1.6.0/stm32cubeide/plugins/com.st.stm32cube.ide.mcu.externaltools.gnu-tools-for-stm32.9-2020-q2-update.win32_1.5.0.202011040924/tools/bin/../lib/gcc/arm-none-eabi/9.3.1/thumb/v7e-m+fp/hard/crtbegin.o
 *(.text*)
 .text.main     0x00000000080001c8       0xe0 Core/Src/main.o
                0x00000000080001c8                main
 .text.SystemClock_Config
                0x00000000080002a8      0x110 Core/Src/main.o
                0x00000000080002a8                SystemClock_Config
 .text.MX_TIM1_Init
                0x00000000080003b8       0xa4 Core/Src/main.o
 .text.MX_TIM2_Init
                0x000000000800045c       0x9c Core/Src/main.o
 .text.MX_TIM5_Init
                0x00000000080004f8       0xac Core/Src/main.o
 .text.MX_GPIO_Init
                0x00000000080005a4      0x108 Core/Src/main.o
 .text.HAL_TIM_PeriodElapsedCallback
                0x00000000080006ac       0x60 Core/Src/main.o
                0x00000000080006ac                HAL_TIM_PeriodElapsedCallback
 .text.CDC_ReceiveCallback
                0x000000000800070c       0x70 Core/Src/main.o
                0x000000000800070c                CDC_ReceiveCallback
 .text.Error_Handler
                0x000000000800077c        0xa Core/Src/main.o
                0x000000000800077c                Error_Handler
 *fill*         0x0000000008000786        0x2 
 .text.HAL_MspInit
                0x0000000008000788       0x54 Core/Src/stm32l4xx_hal_msp.o
                0x0000000008000788                HAL_MspInit
 .text.HAL_TIM_Base_MspInit
                0x00000000080007dc       0xb0 Core/Src/stm32l4xx_hal_msp.o
                0x00000000080007dc                HAL_TIM_Base_MspInit
 .text.HAL_TIM_Encoder_MspInit
                0x000000000800088c       0x94 Core/Src/stm32l4xx_hal_msp.o
                0x000000000800088c                HAL_TIM_Encoder_MspInit
 .text.NMI_Handler
                0x0000000008000920        0x6 Core/Src/stm32l4xx_it.o
                0x0000000008000920                NMI_Handler
 .text.HardFault_Handler
                0x0000000008000926        0x6 Core/Src/stm32l4xx_it.o
                0x0000000008000926                HardFault_Handler
 .text.MemManage_Handler
                0x000000000800092c        0x6 Core/Src/stm32l4xx_it.o
                0x000000000800092c                MemManage_Handler
 .text.BusFault_Handler
                0x0000000008000932        0x6 Core/Src/stm32l4xx_it.o
                0x0000000008000932                BusFault_Handler
 .text.UsageFault_Handler
                0x0000000008000938        0x6 Core/Src/stm32l4xx_it.o
                0x0000000008000938                UsageFault_Handler
 .text.SVC_Handler
                0x000000000800093e        0xe Core/Src/stm32l4xx_it.o
                0x000000000800093e                SVC_Handler
 .text.DebugMon_Handler
                0x000000000800094c        0xe Core/Src/stm32l4xx_it.o
                0x000000000800094c                DebugMon_Handler
 .text.PendSV_Handler
                0x000000000800095a        0xe Core/Src/stm32l4xx_it.o
                0x000000000800095a                PendSV_Handler
 .text.SysTick_Handler
                0x0000000008000968        0xc Core/Src/stm32l4xx_it.o
                0x0000000008000968                SysTick_Handler
 .text.RCC_IRQHandler
                0x0000000008000974        0xe Core/Src/stm32l4xx_it.o
                0x0000000008000974                RCC_IRQHandler
 *fill*         0x0000000008000982        0x2 
 .text.TIM1_BRK_TIM15_IRQHandler
                0x0000000008000984       0x14 Core/Src/stm32l4xx_it.o
                0x0000000008000984                TIM1_BRK_TIM15_IRQHandler
 .text.TIM1_UP_TIM16_IRQHandler
                0x0000000008000998       0x14 Core/Src/stm32l4xx_it.o
                0x0000000008000998                TIM1_UP_TIM16_IRQHandler
 .text.TIM1_TRG_COM_TIM17_IRQHandler
                0x00000000080009ac       0x14 Core/Src/stm32l4xx_it.o
                0x00000000080009ac                TIM1_TRG_COM_TIM17_IRQHandler
 .text.TIM1_CC_IRQHandler
                0x00000000080009c0       0x14 Core/Src/stm32l4xx_it.o
                0x00000000080009c0                TIM1_CC_IRQHandler
 .text.TIM2_IRQHandler
                0x00000000080009d4       0x14 Core/Src/stm32l4xx_it.o
                0x00000000080009d4                TIM2_IRQHandler
 .text.EXTI15_10_IRQHandler
                0x00000000080009e8       0x18 Core/Src/stm32l4xx_it.o
                0x00000000080009e8                EXTI15_10_IRQHandler
 .text.TIM5_IRQHandler
                0x0000000008000a00       0x14 Core/Src/stm32l4xx_it.o
                0x0000000008000a00                TIM5_IRQHandler
 .text.OTG_FS_IRQHandler
                0x0000000008000a14       0x14 Core/Src/stm32l4xx_it.o
                0x0000000008000a14                OTG_FS_IRQHandler
 .text.SystemInit
                0x0000000008000a28       0x64 Core/Src/system_stm32l4xx.o
                0x0000000008000a28                SystemInit
 .text.Reset_Handler
                0x0000000008000a8c       0x50 Core/Startup/startup_stm32l476vgtx.o
                0x0000000008000a8c                Reset_Handler
 .text.Default_Handler
                0x0000000008000adc        0x2 Core/Startup/startup_stm32l476vgtx.o
                0x0000000008000adc                RTC_Alarm_IRQHandler
                0x0000000008000adc                EXTI2_IRQHandler
                0x0000000008000adc                TIM8_TRG_COM_IRQHandler
                0x0000000008000adc                TIM8_CC_IRQHandler
                0x0000000008000adc                TSC_IRQHandler
                0x0000000008000adc                TAMP_STAMP_IRQHandler
                0x0000000008000adc                EXTI3_IRQHandler
                0x0000000008000adc                LPTIM2_IRQHandler
                0x0000000008000adc                DFSDM1_FLT1_IRQHandler
                0x0000000008000adc                I2C3_ER_IRQHandler
                0x0000000008000adc                DFSDM1_FLT2_IRQHandler
                0x0000000008000adc                EXTI0_IRQHandler
                0x0000000008000adc                I2C2_EV_IRQHandler
                0x0000000008000adc                CAN1_RX0_IRQHandler
                0x0000000008000adc                FPU_IRQHandler
                0x0000000008000adc                ADC1_2_IRQHandler
                0x0000000008000adc                SPI1_IRQHandler
                0x0000000008000adc                TIM6_DAC_IRQHandler
                0x0000000008000adc                TIM8_UP_IRQHandler
                0x0000000008000adc                DMA2_Channel2_IRQHandler
                0x0000000008000adc                DMA1_Channel4_IRQHandler
                0x0000000008000adc                SAI2_IRQHandler
                0x0000000008000adc                DFSDM1_FLT3_IRQHandler
                0x0000000008000adc                USART3_IRQHandler
                0x0000000008000adc                DMA1_Channel7_IRQHandler
                0x0000000008000adc                CAN1_RX1_IRQHandler
                0x0000000008000adc                LCD_IRQHandler
                0x0000000008000adc                UART5_IRQHandler
                0x0000000008000adc                ADC3_IRQHandler
                0x0000000008000adc                TIM4_IRQHandler
                0x0000000008000adc                DMA2_Channel1_IRQHandler
                0x0000000008000adc                QUADSPI_IRQHandler
                0x0000000008000adc                I2C1_EV_IRQHandler
                0x0000000008000adc                DMA1_Channel6_IRQHandler
                0x0000000008000adc                UART4_IRQHandler
                0x0000000008000adc                DMA2_Channel4_IRQHandler
                0x0000000008000adc                TIM3_IRQHandler
                0x0000000008000adc                DMA1_Channel1_IRQHandler
                0x0000000008000adc                Default_Handler
                0x0000000008000adc                DMA2_Channel7_IRQHandler
                0x0000000008000adc                TIM7_IRQHandler
                0x0000000008000adc                SDMMC1_IRQHandler
                0x0000000008000adc                I2C3_EV_IRQHandler
                0x0000000008000adc                EXTI9_5_IRQHandler
                0x0000000008000adc                RTC_WKUP_IRQHandler
                0x0000000008000adc                PVD_PVM_IRQHandler
                0x0000000008000adc                SPI2_IRQHandler
                0x0000000008000adc                CAN1_TX_IRQHandler
                0x0000000008000adc                DMA2_Channel5_IRQHandler
                0x0000000008000adc                DMA1_Channel5_IRQHandler
                0x0000000008000adc                EXTI4_IRQHandler
                0x0000000008000adc                RNG_IRQHandler
                0x0000000008000adc                DMA1_Channel3_IRQHandler
                0x0000000008000adc                COMP_IRQHandler
                0x0000000008000adc                WWDG_IRQHandler
                0x0000000008000adc                LPUART1_IRQHandler
                0x0000000008000adc                DMA2_Channel6_IRQHandler
                0x0000000008000adc                EXTI1_IRQHandler
                0x0000000008000adc                USART2_IRQHandler
                0x0000000008000adc                DFSDM1_FLT0_IRQHandler
                0x0000000008000adc                I2C2_ER_IRQHandler
                0x0000000008000adc                DMA1_Channel2_IRQHandler
                0x0000000008000adc                TIM8_BRK_IRQHandler
                0x0000000008000adc                CAN1_SCE_IRQHandler
                0x0000000008000adc                FLASH_IRQHandler
                0x0000000008000adc                USART1_IRQHandler
                0x0000000008000adc                SPI3_IRQHandler
                0x0000000008000adc                I2C1_ER_IRQHandler
                0x0000000008000adc                FMC_IRQHandler
                0x0000000008000adc                SWPMI1_IRQHandler
                0x0000000008000adc                LPTIM1_IRQHandler
                0x0000000008000adc                SAI1_IRQHandler
                0x0000000008000adc                DMA2_Channel3_IRQHandler
 .text.HAL_Init
                0x0000000008000ade       0x30 Drivers/STM32L4xx_HAL_Driver/Src/stm32l4xx_hal.o
                0x0000000008000ade                HAL_Init
 *fill*         0x0000000008000b0e        0x2 
 .text.HAL_InitTick
                0x0000000008000b10       0x78 Drivers/STM32L4xx_HAL_Driver/Src/stm32l4xx_hal.o
                0x0000000008000b10                HAL_InitTick
 .text.HAL_IncTick
                0x0000000008000b88       0x28 Drivers/STM32L4xx_HAL_Driver/Src/stm32l4xx_hal.o
                0x0000000008000b88                HAL_IncTick
 .text.HAL_GetTick
                0x0000000008000bb0       0x18 Drivers/STM32L4xx_HAL_Driver/Src/stm32l4xx_hal.o
                0x0000000008000bb0                HAL_GetTick
 .text.HAL_Delay
                0x0000000008000bc8       0x48 Drivers/STM32L4xx_HAL_Driver/Src/stm32l4xx_hal.o
                0x0000000008000bc8                HAL_Delay
 .text.__NVIC_SetPriorityGrouping
                0x0000000008000c10       0x48 Drivers/STM32L4xx_HAL_Driver/Src/stm32l4xx_hal_cortex.o
 .text.__NVIC_GetPriorityGrouping
                0x0000000008000c58       0x1c Drivers/STM32L4xx_HAL_Driver/Src/stm32l4xx_hal_cortex.o
 .text.__NVIC_EnableIRQ
                0x0000000008000c74       0x3c Drivers/STM32L4xx_HAL_Driver/Src/stm32l4xx_hal_cortex.o
 .text.__NVIC_SetPriority
                0x0000000008000cb0       0x54 Drivers/STM32L4xx_HAL_Driver/Src/stm32l4xx_hal_cortex.o
 .text.NVIC_EncodePriority
                0x0000000008000d04       0x66 Drivers/STM32L4xx_HAL_Driver/Src/stm32l4xx_hal_cortex.o
 *fill*         0x0000000008000d6a        0x2 
 .text.SysTick_Config
                0x0000000008000d6c       0x44 Drivers/STM32L4xx_HAL_Driver/Src/stm32l4xx_hal_cortex.o
 .text.HAL_NVIC_SetPriorityGrouping
                0x0000000008000db0       0x16 Drivers/STM32L4xx_HAL_Driver/Src/stm32l4xx_hal_cortex.o
                0x0000000008000db0                HAL_NVIC_SetPriorityGrouping
 .text.HAL_NVIC_SetPriority
                0x0000000008000dc6       0x38 Drivers/STM32L4xx_HAL_Driver/Src/stm32l4xx_hal_cortex.o
                0x0000000008000dc6                HAL_NVIC_SetPriority
 .text.HAL_NVIC_EnableIRQ
                0x0000000008000dfe       0x1c Drivers/STM32L4xx_HAL_Driver/Src/stm32l4xx_hal_cortex.o
                0x0000000008000dfe                HAL_NVIC_EnableIRQ
 .text.HAL_SYSTICK_Config
                0x0000000008000e1a       0x18 Drivers/STM32L4xx_HAL_Driver/Src/stm32l4xx_hal_cortex.o
                0x0000000008000e1a                HAL_SYSTICK_Config
 *fill*         0x0000000008000e32        0x2 
 .text.HAL_GPIO_Init
                0x0000000008000e34      0x354 Drivers/STM32L4xx_HAL_Driver/Src/stm32l4xx_hal_gpio.o
                0x0000000008000e34                HAL_GPIO_Init
 .text.HAL_GPIO_ReadPin
                0x0000000008001188       0x30 Drivers/STM32L4xx_HAL_Driver/Src/stm32l4xx_hal_gpio.o
                0x0000000008001188                HAL_GPIO_ReadPin
 .text.HAL_GPIO_WritePin
                0x00000000080011b8       0x30 Drivers/STM32L4xx_HAL_Driver/Src/stm32l4xx_hal_gpio.o
                0x00000000080011b8                HAL_GPIO_WritePin
 .text.HAL_GPIO_EXTI_IRQHandler
                0x00000000080011e8       0x30 Drivers/STM32L4xx_HAL_Driver/Src/stm32l4xx_hal_gpio.o
                0x00000000080011e8                HAL_GPIO_EXTI_IRQHandler
 .text.HAL_GPIO_EXTI_Callback
                0x0000000008001218       0x16 Drivers/STM32L4xx_HAL_Driver/Src/stm32l4xx_hal_gpio.o
                0x0000000008001218                HAL_GPIO_EXTI_Callback
 .text.HAL_PCD_Init
                0x000000000800122e      0x248 Drivers/STM32L4xx_HAL_Driver/Src/stm32l4xx_hal_pcd.o
                0x000000000800122e                HAL_PCD_Init
 .text.HAL_PCD_Start
                0x0000000008001476       0x5e Drivers/STM32L4xx_HAL_Driver/Src/stm32l4xx_hal_pcd.o
                0x0000000008001476                HAL_PCD_Start
 .text.HAL_PCD_IRQHandler
                0x00000000080014d4      0x748 Drivers/STM32L4xx_HAL_Driver/Src/stm32l4xx_hal_pcd.o
                0x00000000080014d4                HAL_PCD_IRQHandler
 .text.HAL_PCD_SetAddress
                0x0000000008001c1c       0x4a Drivers/STM32L4xx_HAL_Driver/Src/stm32l4xx_hal_pcd.o
                0x0000000008001c1c                HAL_PCD_SetAddress
 .text.HAL_PCD_EP_Open
                0x0000000008001c66       0xd0 Drivers/STM32L4xx_HAL_Driver/Src/stm32l4xx_hal_pcd.o
                0x0000000008001c66                HAL_PCD_EP_Open
 .text.HAL_PCD_EP_Close
                0x0000000008001d36       0x94 Drivers/STM32L4xx_HAL_Driver/Src/stm32l4xx_hal_pcd.o
                0x0000000008001d36                HAL_PCD_EP_Close
 .text.HAL_PCD_EP_Receive
                0x0000000008001dca       0x7c Drivers/STM32L4xx_HAL_Driver/Src/stm32l4xx_hal_pcd.o
                0x0000000008001dca                HAL_PCD_EP_Receive
 .text.HAL_PCD_EP_GetRxCount
                0x0000000008001e46       0x30 Drivers/STM32L4xx_HAL_Driver/Src/stm32l4xx_hal_pcd.o
                0x0000000008001e46                HAL_PCD_EP_GetRxCount
 .text.HAL_PCD_EP_Transmit
                0x0000000008001e76       0x7a Drivers/STM32L4xx_HAL_Driver/Src/stm32l4xx_hal_pcd.o
                0x0000000008001e76                HAL_PCD_EP_Transmit
 .text.HAL_PCD_EP_SetStall
                0x0000000008001ef0       0xc4 Drivers/STM32L4xx_HAL_Driver/Src/stm32l4xx_hal_pcd.o
                0x0000000008001ef0                HAL_PCD_EP_SetStall
 .text.HAL_PCD_EP_ClrStall
                0x0000000008001fb4       0xac Drivers/STM32L4xx_HAL_Driver/Src/stm32l4xx_hal_pcd.o
                0x0000000008001fb4                HAL_PCD_EP_ClrStall
 .text.PCD_WriteEmptyTxFifo
                0x0000000008002060      0x110 Drivers/STM32L4xx_HAL_Driver/Src/stm32l4xx_hal_pcd.o
 .text.PCD_EP_OutXfrComplete_int
                0x0000000008002170       0x9c Drivers/STM32L4xx_HAL_Driver/Src/stm32l4xx_hal_pcd.o
 .text.PCD_EP_OutSetupPacket_int
                0x000000000800220c       0x68 Drivers/STM32L4xx_HAL_Driver/Src/stm32l4xx_hal_pcd.o
 .text.HAL_PCDEx_SetTxFiFo
                0x0000000008002274       0x8e Drivers/STM32L4xx_HAL_Driver/Src/stm32l4xx_hal_pcd_ex.o
                0x0000000008002274                HAL_PCDEx_SetTxFiFo
 .text.HAL_PCDEx_SetRxFiFo
                0x0000000008002302       0x22 Drivers/STM32L4xx_HAL_Driver/Src/stm32l4xx_hal_pcd_ex.o
                0x0000000008002302                HAL_PCDEx_SetRxFiFo
 .text.HAL_PCDEx_ActivateLPM
                0x0000000008002324       0x48 Drivers/STM32L4xx_HAL_Driver/Src/stm32l4xx_hal_pcd_ex.o
                0x0000000008002324                HAL_PCDEx_ActivateLPM
 .text.HAL_PWREx_GetVoltageRange
                0x000000000800236c       0x1c Drivers/STM32L4xx_HAL_Driver/Src/stm32l4xx_hal_pwr_ex.o
                0x000000000800236c                HAL_PWREx_GetVoltageRange
 .text.HAL_PWREx_ControlVoltageScaling
                0x0000000008002388       0xac Drivers/STM32L4xx_HAL_Driver/Src/stm32l4xx_hal_pwr_ex.o
                0x0000000008002388                HAL_PWREx_ControlVoltageScaling
 .text.HAL_PWREx_EnableVddUSB
                0x0000000008002434       0x20 Drivers/STM32L4xx_HAL_Driver/Src/stm32l4xx_hal_pwr_ex.o
                0x0000000008002434                HAL_PWREx_EnableVddUSB
 .text.HAL_RCC_OscConfig
                0x0000000008002454      0x7cc Drivers/STM32L4xx_HAL_Driver/Src/stm32l4xx_hal_rcc.o
                0x0000000008002454                HAL_RCC_OscConfig
 .text.HAL_RCC_ClockConfig
                0x0000000008002c20      0x1c4 Drivers/STM32L4xx_HAL_Driver/Src/stm32l4xx_hal_rcc.o
                0x0000000008002c20                HAL_RCC_ClockConfig
 .text.HAL_RCC_GetSysClockFreq
                0x0000000008002de4      0x118 Drivers/STM32L4xx_HAL_Driver/Src/stm32l4xx_hal_rcc.o
                0x0000000008002de4                HAL_RCC_GetSysClockFreq
 .text.HAL_RCC_GetHCLKFreq
                0x0000000008002efc       0x18 Drivers/STM32L4xx_HAL_Driver/Src/stm32l4xx_hal_rcc.o
                0x0000000008002efc                HAL_RCC_GetHCLKFreq
 .text.RCC_SetFlashLatencyFromMSIRange
                0x0000000008002f14       0xc0 Drivers/STM32L4xx_HAL_Driver/Src/stm32l4xx_hal_rcc.o
 .text.HAL_RCCEx_PeriphCLKConfig
                0x0000000008002fd4      0x5d4 Drivers/STM32L4xx_HAL_Driver/Src/stm32l4xx_hal_rcc_ex.o
                0x0000000008002fd4                HAL_RCCEx_PeriphCLKConfig
 .text.RCCEx_PLLSAI1_Config
                0x00000000080035a8      0x1e8 Drivers/STM32L4xx_HAL_Driver/Src/stm32l4xx_hal_rcc_ex.o
 .text.RCCEx_PLLSAI2_Config
                0x0000000008003790      0x1bc Drivers/STM32L4xx_HAL_Driver/Src/stm32l4xx_hal_rcc_ex.o
 .text.HAL_TIM_Base_Init
                0x000000000800394c       0xae Drivers/STM32L4xx_HAL_Driver/Src/stm32l4xx_hal_tim.o
                0x000000000800394c                HAL_TIM_Base_Init
 *fill*         0x00000000080039fa        0x2 
 .text.HAL_TIM_Base_Start_IT
                0x00000000080039fc       0xe0 Drivers/STM32L4xx_HAL_Driver/Src/stm32l4xx_hal_tim.o
                0x00000000080039fc                HAL_TIM_Base_Start_IT
 .text.HAL_TIM_Encoder_Init
                0x0000000008003adc      0x14c Drivers/STM32L4xx_HAL_Driver/Src/stm32l4xx_hal_tim.o
                0x0000000008003adc                HAL_TIM_Encoder_Init
 .text.HAL_TIM_Encoder_Start
                0x0000000008003c28      0x11c Drivers/STM32L4xx_HAL_Driver/Src/stm32l4xx_hal_tim.o
                0x0000000008003c28                HAL_TIM_Encoder_Start
 .text.HAL_TIM_IRQHandler
                0x0000000008003d44      0x23e Drivers/STM32L4xx_HAL_Driver/Src/stm32l4xx_hal_tim.o
                0x0000000008003d44                HAL_TIM_IRQHandler
 .text.HAL_TIM_ConfigClockSource
                0x0000000008003f82      0x18c Drivers/STM32L4xx_HAL_Driver/Src/stm32l4xx_hal_tim.o
                0x0000000008003f82                HAL_TIM_ConfigClockSource
 .text.HAL_TIM_OC_DelayElapsedCallback
                0x000000000800410e       0x14 Drivers/STM32L4xx_HAL_Driver/Src/stm32l4xx_hal_tim.o
                0x000000000800410e                HAL_TIM_OC_DelayElapsedCallback
 .text.HAL_TIM_IC_CaptureCallback
                0x0000000008004122       0x14 Drivers/STM32L4xx_HAL_Driver/Src/stm32l4xx_hal_tim.o
                0x0000000008004122                HAL_TIM_IC_CaptureCallback
 .text.HAL_TIM_PWM_PulseFinishedCallback
                0x0000000008004136       0x14 Drivers/STM32L4xx_HAL_Driver/Src/stm32l4xx_hal_tim.o
                0x0000000008004136                HAL_TIM_PWM_PulseFinishedCallback
 .text.HAL_TIM_TriggerCallback
                0x000000000800414a       0x14 Drivers/STM32L4xx_HAL_Driver/Src/stm32l4xx_hal_tim.o
                0x000000000800414a                HAL_TIM_TriggerCallback
 *fill*         0x000000000800415e        0x2 
 .text.TIM_Base_SetConfig
                0x0000000008004160      0x134 Drivers/STM32L4xx_HAL_Driver/Src/stm32l4xx_hal_tim.o
                0x0000000008004160                TIM_Base_SetConfig
 .text.TIM_TI1_ConfigInputStage
                0x0000000008004294       0x5e Drivers/STM32L4xx_HAL_Driver/Src/stm32l4xx_hal_tim.o
 .text.TIM_TI2_ConfigInputStage
                0x00000000080042f2       0x60 Drivers/STM32L4xx_HAL_Driver/Src/stm32l4xx_hal_tim.o
 .text.TIM_ITRx_SetConfig
                0x0000000008004352       0x36 Drivers/STM32L4xx_HAL_Driver/Src/stm32l4xx_hal_tim.o
 .text.TIM_ETR_SetConfig
                0x0000000008004388       0x40 Drivers/STM32L4xx_HAL_Driver/Src/stm32l4xx_hal_tim.o
                0x0000000008004388                TIM_ETR_SetConfig
 .text.TIM_CCxChannelCmd
                0x00000000080043c8       0x4a Drivers/STM32L4xx_HAL_Driver/Src/stm32l4xx_hal_tim.o
                0x00000000080043c8                TIM_CCxChannelCmd
 *fill*         0x0000000008004412        0x2 
 .text.HAL_TIMEx_MasterConfigSynchronization
                0x0000000008004414      0x110 Drivers/STM32L4xx_HAL_Driver/Src/stm32l4xx_hal_tim_ex.o
                0x0000000008004414                HAL_TIMEx_MasterConfigSynchronization
 .text.HAL_TIMEx_CommutCallback
                0x0000000008004524       0x14 Drivers/STM32L4xx_HAL_Driver/Src/stm32l4xx_hal_tim_ex.o
                0x0000000008004524                HAL_TIMEx_CommutCallback
 .text.HAL_TIMEx_BreakCallback
                0x0000000008004538       0x14 Drivers/STM32L4xx_HAL_Driver/Src/stm32l4xx_hal_tim_ex.o
                0x0000000008004538                HAL_TIMEx_BreakCallback
 .text.HAL_TIMEx_Break2Callback
                0x000000000800454c       0x14 Drivers/STM32L4xx_HAL_Driver/Src/stm32l4xx_hal_tim_ex.o
                0x000000000800454c                HAL_TIMEx_Break2Callback
 .text.USB_CoreInit
                0x0000000008004560       0x58 Drivers/STM32L4xx_HAL_Driver/Src/stm32l4xx_ll_usb.o
                0x0000000008004560                USB_CoreInit
 .text.USB_SetTurnaroundTime
                0x00000000080045b8      0x138 Drivers/STM32L4xx_HAL_Driver/Src/stm32l4xx_ll_usb.o
                0x00000000080045b8                USB_SetTurnaroundTime
 .text.USB_EnableGlobalInt
                0x00000000080046f0       0x22 Drivers/STM32L4xx_HAL_Driver/Src/stm32l4xx_ll_usb.o
                0x00000000080046f0                USB_EnableGlobalInt
 .text.USB_DisableGlobalInt
                0x0000000008004712       0x22 Drivers/STM32L4xx_HAL_Driver/Src/stm32l4xx_ll_usb.o
                0x0000000008004712                USB_DisableGlobalInt
 .text.USB_SetCurrentMode
                0x0000000008004734       0x54 Drivers/STM32L4xx_HAL_Driver/Src/stm32l4xx_ll_usb.o
                0x0000000008004734                USB_SetCurrentMode
 .text.USB_DevInit
                0x0000000008004788      0x298 Drivers/STM32L4xx_HAL_Driver/Src/stm32l4xx_ll_usb.o
                0x0000000008004788                USB_DevInit
 .text.USB_FlushTxFifo
                0x0000000008004a20       0x4c Drivers/STM32L4xx_HAL_Driver/Src/stm32l4xx_ll_usb.o
                0x0000000008004a20                USB_FlushTxFifo
 .text.USB_FlushRxFifo
                0x0000000008004a6c       0x44 Drivers/STM32L4xx_HAL_Driver/Src/stm32l4xx_ll_usb.o
                0x0000000008004a6c                USB_FlushRxFifo
 .text.USB_SetDevSpeed
                0x0000000008004ab0       0x32 Drivers/STM32L4xx_HAL_Driver/Src/stm32l4xx_ll_usb.o
                0x0000000008004ab0                USB_SetDevSpeed
 .text.USB_GetDevSpeed
                0x0000000008004ae2       0x3e Drivers/STM32L4xx_HAL_Driver/Src/stm32l4xx_ll_usb.o
                0x0000000008004ae2                USB_GetDevSpeed
 .text.USB_ActivateEndpoint
                0x0000000008004b20      0x10e Drivers/STM32L4xx_HAL_Driver/Src/stm32l4xx_ll_usb.o
                0x0000000008004b20                USB_ActivateEndpoint
 *fill*         0x0000000008004c2e        0x2 
 .text.USB_DeactivateEndpoint
                0x0000000008004c30      0x1b8 Drivers/STM32L4xx_HAL_Driver/Src/stm32l4xx_ll_usb.o
                0x0000000008004c30                USB_DeactivateEndpoint
 .text.USB_EPStartXfer
                0x0000000008004de8      0x3b8 Drivers/STM32L4xx_HAL_Driver/Src/stm32l4xx_ll_usb.o
                0x0000000008004de8                USB_EPStartXfer
 .text.USB_EP0StartXfer
                0x00000000080051a0      0x23c Drivers/STM32L4xx_HAL_Driver/Src/stm32l4xx_ll_usb.o
                0x00000000080051a0                USB_EP0StartXfer
 .text.USB_WritePacket
                0x00000000080053dc       0x62 Drivers/STM32L4xx_HAL_Driver/Src/stm32l4xx_ll_usb.o
                0x00000000080053dc                USB_WritePacket
 .text.USB_ReadPacket
                0x000000000800543e       0x52 Drivers/STM32L4xx_HAL_Driver/Src/stm32l4xx_ll_usb.o
                0x000000000800543e                USB_ReadPacket
 .text.USB_EPSetStall
                0x0000000008005490       0xdc Drivers/STM32L4xx_HAL_Driver/Src/stm32l4xx_ll_usb.o
                0x0000000008005490                USB_EPSetStall
 .text.USB_EPClearStall
                0x000000000800556c       0xcc Drivers/STM32L4xx_HAL_Driver/Src/stm32l4xx_ll_usb.o
                0x000000000800556c                USB_EPClearStall
 .text.USB_SetDevAddress
                0x0000000008005638       0x4c Drivers/STM32L4xx_HAL_Driver/Src/stm32l4xx_ll_usb.o
                0x0000000008005638                USB_SetDevAddress
 .text.USB_DevConnect
                0x0000000008005684       0x42 Drivers/STM32L4xx_HAL_Driver/Src/stm32l4xx_ll_usb.o
                0x0000000008005684                USB_DevConnect
 .text.USB_DevDisconnect
                0x00000000080056c6       0x42 Drivers/STM32L4xx_HAL_Driver/Src/stm32l4xx_ll_usb.o
                0x00000000080056c6                USB_DevDisconnect
 .text.USB_ReadInterrupts
                0x0000000008005708       0x26 Drivers/STM32L4xx_HAL_Driver/Src/stm32l4xx_ll_usb.o
                0x0000000008005708                USB_ReadInterrupts
 .text.USB_ReadDevAllOutEpInterrupt
                0x000000000800572e       0x34 Drivers/STM32L4xx_HAL_Driver/Src/stm32l4xx_ll_usb.o
                0x000000000800572e                USB_ReadDevAllOutEpInterrupt
 .text.USB_ReadDevAllInEpInterrupt
                0x0000000008005762       0x34 Drivers/STM32L4xx_HAL_Driver/Src/stm32l4xx_ll_usb.o
                0x0000000008005762                USB_ReadDevAllInEpInterrupt
 .text.USB_ReadDevOutEPInterrupt
                0x0000000008005796       0x3c Drivers/STM32L4xx_HAL_Driver/Src/stm32l4xx_ll_usb.o
                0x0000000008005796                USB_ReadDevOutEPInterrupt
 .text.USB_ReadDevInEPInterrupt
                0x00000000080057d2       0x5c Drivers/STM32L4xx_HAL_Driver/Src/stm32l4xx_ll_usb.o
                0x00000000080057d2                USB_ReadDevInEPInterrupt
 .text.USB_GetMode
                0x000000000800582e       0x1c Drivers/STM32L4xx_HAL_Driver/Src/stm32l4xx_ll_usb.o
                0x000000000800582e                USB_GetMode
 .text.USB_ActivateSetup
                0x000000000800584a       0x46 Drivers/STM32L4xx_HAL_Driver/Src/stm32l4xx_ll_usb.o
                0x000000000800584a                USB_ActivateSetup
 .text.USB_EP0_OutStart
                0x0000000008005890       0x90 Drivers/STM32L4xx_HAL_Driver/Src/stm32l4xx_ll_usb.o
                0x0000000008005890                USB_EP0_OutStart
 .text.USB_CoreReset
                0x0000000008005920       0x68 Drivers/STM32L4xx_HAL_Driver/Src/stm32l4xx_ll_usb.o
 .text.USBD_CDC_Init
                0x0000000008005988       0xfe Middlewares/ST/STM32_USB_Device_Library/Class/CDC/Src/usbd_cdc.o
 .text.USBD_CDC_DeInit
                0x0000000008005a86       0x74 Middlewares/ST/STM32_USB_Device_Library/Class/CDC/Src/usbd_cdc.o
 *fill*         0x0000000008005afa        0x2 
 .text.USBD_CDC_Setup
                0x0000000008005afc      0x190 Middlewares/ST/STM32_USB_Device_Library/Class/CDC/Src/usbd_cdc.o
 .text.USBD_CDC_DataIn
                0x0000000008005c8c       0xca Middlewares/ST/STM32_USB_Device_Library/Class/CDC/Src/usbd_cdc.o
 .text.USBD_CDC_DataOut
                0x0000000008005d56       0x56 Middlewares/ST/STM32_USB_Device_Library/Class/CDC/Src/usbd_cdc.o
 .text.USBD_CDC_EP0_RxReady
                0x0000000008005dac       0x5a Middlewares/ST/STM32_USB_Device_Library/Class/CDC/Src/usbd_cdc.o
 *fill*         0x0000000008005e06        0x2 
 .text.USBD_CDC_GetFSCfgDesc
                0x0000000008005e08       0x20 Middlewares/ST/STM32_USB_Device_Library/Class/CDC/Src/usbd_cdc.o
 .text.USBD_CDC_GetHSCfgDesc
                0x0000000008005e28       0x20 Middlewares/ST/STM32_USB_Device_Library/Class/CDC/Src/usbd_cdc.o
 .text.USBD_CDC_GetOtherSpeedCfgDesc
                0x0000000008005e48       0x20 Middlewares/ST/STM32_USB_Device_Library/Class/CDC/Src/usbd_cdc.o
 .text.USBD_CDC_GetDeviceQualifierDescriptor
                0x0000000008005e68       0x20 Middlewares/ST/STM32_USB_Device_Library/Class/CDC/Src/usbd_cdc.o
                0x0000000008005e68                USBD_CDC_GetDeviceQualifierDescriptor
 .text.USBD_CDC_RegisterInterface
                0x0000000008005e88       0x2a Middlewares/ST/STM32_USB_Device_Library/Class/CDC/Src/usbd_cdc.o
                0x0000000008005e88                USBD_CDC_RegisterInterface
 .text.USBD_CDC_SetTxBuffer
                0x0000000008005eb2       0x3c Middlewares/ST/STM32_USB_Device_Library/Class/CDC/Src/usbd_cdc.o
                0x0000000008005eb2                USBD_CDC_SetTxBuffer
 .text.USBD_CDC_SetRxBuffer
                0x0000000008005eee       0x32 Middlewares/ST/STM32_USB_Device_Library/Class/CDC/Src/usbd_cdc.o
                0x0000000008005eee                USBD_CDC_SetRxBuffer
 .text.USBD_CDC_TransmitPacket
                0x0000000008005f20       0x60 Middlewares/ST/STM32_USB_Device_Library/Class/CDC/Src/usbd_cdc.o
                0x0000000008005f20                USBD_CDC_TransmitPacket
 .text.USBD_CDC_ReceivePacket
                0x0000000008005f80       0x54 Middlewares/ST/STM32_USB_Device_Library/Class/CDC/Src/usbd_cdc.o
                0x0000000008005f80                USBD_CDC_ReceivePacket
 .text.USBD_Init
                0x0000000008005fd4       0x60 Middlewares/ST/STM32_USB_Device_Library/Core/Src/usbd_core.o
                0x0000000008005fd4                USBD_Init
 .text.USBD_RegisterClass
                0x0000000008006034       0x4e Middlewares/ST/STM32_USB_Device_Library/Core/Src/usbd_core.o
                0x0000000008006034                USBD_RegisterClass
 .text.USBD_Start
                0x0000000008006082       0x18 Middlewares/ST/STM32_USB_Device_Library/Core/Src/usbd_core.o
                0x0000000008006082                USBD_Start
 .text.USBD_RunTestMode
                0x000000000800609a       0x16 Middlewares/ST/STM32_USB_Device_Library/Core/Src/usbd_core.o
                0x000000000800609a                USBD_RunTestMode
 .text.USBD_SetClassConfig
                0x00000000080060b0       0x38 Middlewares/ST/STM32_USB_Device_Library/Core/Src/usbd_core.o
                0x00000000080060b0                USBD_SetClassConfig
 .text.USBD_ClrClassConfig
                0x00000000080060e8       0x30 Middlewares/ST/STM32_USB_Device_Library/Core/Src/usbd_core.o
                0x00000000080060e8                USBD_ClrClassConfig
 .text.USBD_LL_SetupStage
                0x0000000008006118       0xaa Middlewares/ST/STM32_USB_Device_Library/Core/Src/usbd_core.o
                0x0000000008006118                USBD_LL_SetupStage
 .text.USBD_LL_DataOutStage
                0x00000000080061c2       0xc6 Middlewares/ST/STM32_USB_Device_Library/Core/Src/usbd_core.o
                0x00000000080061c2                USBD_LL_DataOutStage
 .text.USBD_LL_DataInStage
                0x0000000008006288      0x12c Middlewares/ST/STM32_USB_Device_Library/Core/Src/usbd_core.o
                0x0000000008006288                USBD_LL_DataInStage
 .text.USBD_LL_Reset
                0x00000000080063b4       0x9c Middlewares/ST/STM32_USB_Device_Library/Core/Src/usbd_core.o
                0x00000000080063b4                USBD_LL_Reset
 .text.USBD_LL_SetSpeed
                0x0000000008006450       0x20 Middlewares/ST/STM32_USB_Device_Library/Core/Src/usbd_core.o
                0x0000000008006450                USBD_LL_SetSpeed
 .text.USBD_LL_Suspend
                0x0000000008006470       0x2c Middlewares/ST/STM32_USB_Device_Library/Core/Src/usbd_core.o
                0x0000000008006470                USBD_LL_Suspend
 .text.USBD_LL_Resume
                0x000000000800649c       0x30 Middlewares/ST/STM32_USB_Device_Library/Core/Src/usbd_core.o
                0x000000000800649c                USBD_LL_Resume
 .text.USBD_LL_SOF
                0x00000000080064cc       0x44 Middlewares/ST/STM32_USB_Device_Library/Core/Src/usbd_core.o
                0x00000000080064cc                USBD_LL_SOF
 .text.USBD_LL_IsoINIncomplete
                0x0000000008006510       0x4c Middlewares/ST/STM32_USB_Device_Library/Core/Src/usbd_core.o
                0x0000000008006510                USBD_LL_IsoINIncomplete
 .text.USBD_LL_IsoOUTIncomplete
                0x000000000800655c       0x4c Middlewares/ST/STM32_USB_Device_Library/Core/Src/usbd_core.o
                0x000000000800655c                USBD_LL_IsoOUTIncomplete
 .text.USBD_LL_DevConnected
                0x00000000080065a8       0x16 Middlewares/ST/STM32_USB_Device_Library/Core/Src/usbd_core.o
                0x00000000080065a8                USBD_LL_DevConnected
 .text.USBD_LL_DevDisconnected
                0x00000000080065be       0x38 Middlewares/ST/STM32_USB_Device_Library/Core/Src/usbd_core.o
                0x00000000080065be                USBD_LL_DevDisconnected
 .text.SWAPBYTE
                0x00000000080065f6       0x3c Middlewares/ST/STM32_USB_Device_Library/Core/Src/usbd_ctlreq.o
 *fill*         0x0000000008006632        0x2 
 .text.USBD_StdDevReq
                0x0000000008006634       0xdc Middlewares/ST/STM32_USB_Device_Library/Core/Src/usbd_ctlreq.o
                0x0000000008006634                USBD_StdDevReq
 .text.USBD_StdItfReq
                0x0000000008006710       0x92 Middlewares/ST/STM32_USB_Device_Library/Core/Src/usbd_ctlreq.o
                0x0000000008006710                USBD_StdItfReq
 .text.USBD_StdEPReq
                0x00000000080067a2      0x2c4 Middlewares/ST/STM32_USB_Device_Library/Core/Src/usbd_ctlreq.o
                0x00000000080067a2                USBD_StdEPReq
 *fill*         0x0000000008006a66        0x2 
 .text.USBD_GetDescriptor
                0x0000000008006a68      0x328 Middlewares/ST/STM32_USB_Device_Library/Core/Src/usbd_ctlreq.o
 .text.USBD_SetAddress
                0x0000000008006d90       0x88 Middlewares/ST/STM32_USB_Device_Library/Core/Src/usbd_ctlreq.o
 .text.USBD_SetConfig
                0x0000000008006e18      0x14c Middlewares/ST/STM32_USB_Device_Library/Core/Src/usbd_ctlreq.o
 .text.USBD_GetConfig
                0x0000000008006f64       0x6c Middlewares/ST/STM32_USB_Device_Library/Core/Src/usbd_ctlreq.o
 .text.USBD_GetStatus
                0x0000000008006fd0       0x68 Middlewares/ST/STM32_USB_Device_Library/Core/Src/usbd_ctlreq.o
 .text.USBD_SetFeature
                0x0000000008007038       0x28 Middlewares/ST/STM32_USB_Device_Library/Core/Src/usbd_ctlreq.o
 .text.USBD_ClrFeature
                0x0000000008007060       0x44 Middlewares/ST/STM32_USB_Device_Library/Core/Src/usbd_ctlreq.o
 .text.USBD_ParseSetupRequest
                0x00000000080070a4       0x74 Middlewares/ST/STM32_USB_Device_Library/Core/Src/usbd_ctlreq.o
                0x00000000080070a4                USBD_ParseSetupRequest
 .text.USBD_CtlError
                0x0000000008007118       0x22 Middlewares/ST/STM32_USB_Device_Library/Core/Src/usbd_ctlreq.o
                0x0000000008007118                USBD_CtlError
 .text.USBD_GetString
                0x000000000800713a       0x8c Middlewares/ST/STM32_USB_Device_Library/Core/Src/usbd_ctlreq.o
                0x000000000800713a                USBD_GetString
 .text.USBD_GetLen
                0x00000000080071c6       0x34 Middlewares/ST/STM32_USB_Device_Library/Core/Src/usbd_ctlreq.o
 .text.USBD_CtlSendData
                0x00000000080071fa       0x36 Middlewares/ST/STM32_USB_Device_Library/Core/Src/usbd_ioreq.o
                0x00000000080071fa                USBD_CtlSendData
 .text.USBD_CtlContinueSendData
                0x0000000008007230       0x22 Middlewares/ST/STM32_USB_Device_Library/Core/Src/usbd_ioreq.o
                0x0000000008007230                USBD_CtlContinueSendData
 .text.USBD_CtlPrepareRx
                0x0000000008007252       0x3a Middlewares/ST/STM32_USB_Device_Library/Core/Src/usbd_ioreq.o
                0x0000000008007252                USBD_CtlPrepareRx
 .text.USBD_CtlContinueRx
                0x000000000800728c       0x22 Middlewares/ST/STM32_USB_Device_Library/Core/Src/usbd_ioreq.o
                0x000000000800728c                USBD_CtlContinueRx
 .text.USBD_CtlSendStatus
                0x00000000080072ae       0x26 Middlewares/ST/STM32_USB_Device_Library/Core/Src/usbd_ioreq.o
                0x00000000080072ae                USBD_CtlSendStatus
 .text.USBD_CtlReceiveStatus
                0x00000000080072d4       0x26 Middlewares/ST/STM32_USB_Device_Library/Core/Src/usbd_ioreq.o
                0x00000000080072d4                USBD_CtlReceiveStatus
 *fill*         0x00000000080072fa        0x2 
 .text.MX_USB_DEVICE_Init
                0x00000000080072fc       0x60 USB_DEVICE/App/usb_device.o
                0x00000000080072fc                MX_USB_DEVICE_Init
 .text.CDC_Init_FS
                0x000000000800735c       0x28 USB_DEVICE/App/usbd_cdc_if.o
 .text.CDC_DeInit_FS
                0x0000000008007384       0x10 USB_DEVICE/App/usbd_cdc_if.o
 .text.CDC_Control_FS
                0x0000000008007394      0x15c USB_DEVICE/App/usbd_cdc_if.o
 .text.CDC_Receive_FS
                0x00000000080074f0       0x34 USB_DEVICE/App/usbd_cdc_if.o
 .text.CDC_Transmit_FS
                0x0000000008007524       0x4c USB_DEVICE/App/usbd_cdc_if.o
                0x0000000008007524                CDC_Transmit_FS
 .text.CDC_TransmitCplt_FS
                0x0000000008007570       0x22 USB_DEVICE/App/usbd_cdc_if.o
 *fill*         0x0000000008007592        0x2 
 .text.USBD_FS_DeviceDescriptor
                0x0000000008007594       0x24 USB_DEVICE/App/usbd_desc.o
                0x0000000008007594                USBD_FS_DeviceDescriptor
 .text.USBD_FS_LangIDStrDescriptor
                0x00000000080075b8       0x24 USB_DEVICE/App/usbd_desc.o
                0x00000000080075b8                USBD_FS_LangIDStrDescriptor
 .text.USBD_FS_ProductStrDescriptor
                0x00000000080075dc       0x3c USB_DEVICE/App/usbd_desc.o
                0x00000000080075dc                USBD_FS_ProductStrDescriptor
 .text.USBD_FS_ManufacturerStrDescriptor
                0x0000000008007618       0x28 USB_DEVICE/App/usbd_desc.o
                0x0000000008007618                USBD_FS_ManufacturerStrDescriptor
 .text.USBD_FS_SerialStrDescriptor
                0x0000000008007640       0x24 USB_DEVICE/App/usbd_desc.o
                0x0000000008007640                USBD_FS_SerialStrDescriptor
 .text.USBD_FS_ConfigStrDescriptor
                0x0000000008007664       0x3c USB_DEVICE/App/usbd_desc.o
                0x0000000008007664                USBD_FS_ConfigStrDescriptor
 .text.USBD_FS_InterfaceStrDescriptor
                0x00000000080076a0       0x3c USB_DEVICE/App/usbd_desc.o
                0x00000000080076a0                USBD_FS_InterfaceStrDescriptor
 .text.USBD_FS_USR_BOSDescriptor
                0x00000000080076dc       0x24 USB_DEVICE/App/usbd_desc.o
                0x00000000080076dc                USBD_FS_USR_BOSDescriptor
 .text.Get_SerialNum
                0x0000000008007700       0x58 USB_DEVICE/App/usbd_desc.o
 .text.IntToUnicode
                0x0000000008007758       0x7e USB_DEVICE/App/usbd_desc.o
 *fill*         0x00000000080077d6        0x2 
 .text.HAL_PCD_MspInit
                0x00000000080077d8       0xcc USB_DEVICE/Target/usbd_conf.o
                0x00000000080077d8                HAL_PCD_MspInit
 .text.HAL_PCD_SetupStageCallback
                0x00000000080078a4       0x24 USB_DEVICE/Target/usbd_conf.o
                0x00000000080078a4                HAL_PCD_SetupStageCallback
 .text.HAL_PCD_DataOutStageCallback
                0x00000000080078c8       0x36 USB_DEVICE/Target/usbd_conf.o
                0x00000000080078c8                HAL_PCD_DataOutStageCallback
 .text.HAL_PCD_DataInStageCallback
                0x00000000080078fe       0x34 USB_DEVICE/Target/usbd_conf.o
                0x00000000080078fe                HAL_PCD_DataInStageCallback
 .text.HAL_PCD_SOFCallback
                0x0000000008007932       0x1c USB_DEVICE/Target/usbd_conf.o
                0x0000000008007932                HAL_PCD_SOFCallback
 .text.HAL_PCD_ResetCallback
                0x000000000800794e       0x3c USB_DEVICE/Target/usbd_conf.o
                0x000000000800794e                HAL_PCD_ResetCallback
 *fill*         0x000000000800798a        0x2 
 .text.HAL_PCD_SuspendCallback
                0x000000000800798c       0x4c USB_DEVICE/Target/usbd_conf.o
                0x000000000800798c                HAL_PCD_SuspendCallback
 .text.HAL_PCD_ResumeCallback
                0x00000000080079d8       0x50 USB_DEVICE/Target/usbd_conf.o
                0x00000000080079d8                HAL_PCD_ResumeCallback
 .text.HAL_PCD_ISOOUTIncompleteCallback
                0x0000000008007a28       0x24 USB_DEVICE/Target/usbd_conf.o
                0x0000000008007a28                HAL_PCD_ISOOUTIncompleteCallback
 .text.HAL_PCD_ISOINIncompleteCallback
                0x0000000008007a4c       0x24 USB_DEVICE/Target/usbd_conf.o
                0x0000000008007a4c                HAL_PCD_ISOINIncompleteCallback
 .text.HAL_PCD_ConnectCallback
                0x0000000008007a70       0x1c USB_DEVICE/Target/usbd_conf.o
                0x0000000008007a70                HAL_PCD_ConnectCallback
 .text.HAL_PCD_DisconnectCallback
                0x0000000008007a8c       0x1c USB_DEVICE/Target/usbd_conf.o
                0x0000000008007a8c                HAL_PCD_DisconnectCallback
 .text.USBD_LL_Init
                0x0000000008007aa8       0x98 USB_DEVICE/Target/usbd_conf.o
                0x0000000008007aa8                USBD_LL_Init
 .text.USBD_LL_Start
                0x0000000008007b40       0x64 USB_DEVICE/Target/usbd_conf.o
                0x0000000008007b40                USBD_LL_Start
 .text.USBD_LL_OpenEP
                0x0000000008007ba4       0x7c USB_DEVICE/Target/usbd_conf.o
                0x0000000008007ba4                USBD_LL_OpenEP
 .text.USBD_LL_CloseEP
                0x0000000008007c20       0x6c USB_DEVICE/Target/usbd_conf.o
                0x0000000008007c20                USBD_LL_CloseEP
 .text.USBD_LL_StallEP
                0x0000000008007c8c       0x6c USB_DEVICE/Target/usbd_conf.o
                0x0000000008007c8c                USBD_LL_StallEP
 .text.USBD_LL_ClearStallEP
                0x0000000008007cf8       0x6c USB_DEVICE/Target/usbd_conf.o
                0x0000000008007cf8                USBD_LL_ClearStallEP
 .text.USBD_LL_IsStallEP
                0x0000000008007d64       0x58 USB_DEVICE/Target/usbd_conf.o
                0x0000000008007d64                USBD_LL_IsStallEP
 .text.USBD_LL_SetUSBAddress
                0x0000000008007dbc       0x6c USB_DEVICE/Target/usbd_conf.o
                0x0000000008007dbc                USBD_LL_SetUSBAddress
 .text.USBD_LL_Transmit
                0x0000000008007e28       0x70 USB_DEVICE/Target/usbd_conf.o
                0x0000000008007e28                USBD_LL_Transmit
 .text.USBD_LL_PrepareReceive
                0x0000000008007e98       0x70 USB_DEVICE/Target/usbd_conf.o
                0x0000000008007e98                USBD_LL_PrepareReceive
 .text.USBD_LL_GetRxDataSize
                0x0000000008007f08       0x26 USB_DEVICE/Target/usbd_conf.o
                0x0000000008007f08                USBD_LL_GetRxDataSize
 *fill*         0x0000000008007f2e        0x2 
 .text.HAL_PCDEx_LPM_Callback
                0x0000000008007f30       0x9c USB_DEVICE/Target/usbd_conf.o
                0x0000000008007f30                HAL_PCDEx_LPM_Callback
 .text.USBD_static_malloc
                0x0000000008007fcc       0x1c USB_DEVICE/Target/usbd_conf.o
                0x0000000008007fcc                USBD_static_malloc
 .text.USBD_static_free
                0x0000000008007fe8       0x14 USB_DEVICE/Target/usbd_conf.o
                0x0000000008007fe8                USBD_static_free
 .text.SystemClockConfig_Resume
                0x0000000008007ffc        0xc USB_DEVICE/Target/usbd_conf.o
 .text.__libc_init_array
                0x0000000008008008       0x48 c:/st/stm32cubeide_1.6.0/stm32cubeide/plugins/com.st.stm32cube.ide.mcu.externaltools.gnu-tools-for-stm32.9-2020-q2-update.win32_1.5.0.202011040924/tools/bin/../lib/gcc/arm-none-eabi/9.3.1/../../../../arm-none-eabi/lib/thumb/v7e-m+fp/hard\libc_nano.a(lib_a-init.o)
                0x0000000008008008                __libc_init_array
 .text.memset   0x0000000008008050       0x10 c:/st/stm32cubeide_1.6.0/stm32cubeide/plugins/com.st.stm32cube.ide.mcu.externaltools.gnu-tools-for-stm32.9-2020-q2-update.win32_1.5.0.202011040924/tools/bin/../lib/gcc/arm-none-eabi/9.3.1/../../../../arm-none-eabi/lib/thumb/v7e-m+fp/hard\libc_nano.a(lib_a-memset.o)
                0x0000000008008050                memset
 *(.glue_7)
 .glue_7        0x0000000008008060        0x0 linker stubs
 *(.glue_7t)
 .glue_7t       0x0000000008008060        0x0 linker stubs
 *(.eh_frame)
 .eh_frame      0x0000000008008060        0x0 c:/st/stm32cubeide_1.6.0/stm32cubeide/plugins/com.st.stm32cube.ide.mcu.externaltools.gnu-tools-for-stm32.9-2020-q2-update.win32_1.5.0.202011040924/tools/bin/../lib/gcc/arm-none-eabi/9.3.1/thumb/v7e-m+fp/hard/crtbegin.o
 *(.init)
 .init          0x0000000008008060        0x4 c:/st/stm32cubeide_1.6.0/stm32cubeide/plugins/com.st.stm32cube.ide.mcu.externaltools.gnu-tools-for-stm32.9-2020-q2-update.win32_1.5.0.202011040924/tools/bin/../lib/gcc/arm-none-eabi/9.3.1/thumb/v7e-m+fp/hard/crti.o
                0x0000000008008060                _init
 .init          0x0000000008008064        0x8 c:/st/stm32cubeide_1.6.0/stm32cubeide/plugins/com.st.stm32cube.ide.mcu.externaltools.gnu-tools-for-stm32.9-2020-q2-update.win32_1.5.0.202011040924/tools/bin/../lib/gcc/arm-none-eabi/9.3.1/thumb/v7e-m+fp/hard/crtn.o
 *(.fini)
 .fini          0x000000000800806c        0x4 c:/st/stm32cubeide_1.6.0/stm32cubeide/plugins/com.st.stm32cube.ide.mcu.externaltools.gnu-tools-for-stm32.9-2020-q2-update.win32_1.5.0.202011040924/tools/bin/../lib/gcc/arm-none-eabi/9.3.1/thumb/v7e-m+fp/hard/crti.o
                0x000000000800806c                _fini
 .fini          0x0000000008008070        0x8 c:/st/stm32cubeide_1.6.0/stm32cubeide/plugins/com.st.stm32cube.ide.mcu.externaltools.gnu-tools-for-stm32.9-2020-q2-update.win32_1.5.0.202011040924/tools/bin/../lib/gcc/arm-none-eabi/9.3.1/thumb/v7e-m+fp/hard/crtn.o
                0x0000000008008078                . = ALIGN (0x4)
                0x0000000008008078                _etext = .

.vfp11_veneer   0x0000000008008078        0x0
 .vfp11_veneer  0x0000000008008078        0x0 linker stubs

.v4_bx          0x0000000008008078        0x0
 .v4_bx         0x0000000008008078        0x0 linker stubs

.iplt           0x0000000008008078        0x0
 .iplt          0x0000000008008078        0x0 c:/st/stm32cubeide_1.6.0/stm32cubeide/plugins/com.st.stm32cube.ide.mcu.externaltools.gnu-tools-for-stm32.9-2020-q2-update.win32_1.5.0.202011040924/tools/bin/../lib/gcc/arm-none-eabi/9.3.1/thumb/v7e-m+fp/hard/crtbegin.o

.rodata         0x0000000008008078       0x88
                0x0000000008008078                . = ALIGN (0x4)
 *(.rodata)
 .rodata        0x0000000008008078       0x46 USB_DEVICE/App/usbd_desc.o
 *(.rodata*)
 *fill*         0x00000000080080be        0x2 
 .rodata.AHBPrescTable
                0x00000000080080c0       0x10 Core/Src/system_stm32l4xx.o
                0x00000000080080c0                AHBPrescTable
 .rodata.MSIRangeTable
                0x00000000080080d0       0x30 Core/Src/system_stm32l4xx.o
                0x00000000080080d0                MSIRangeTable
                0x0000000008008100                . = ALIGN (0x4)

.rel.dyn        0x0000000008008100        0x0
 .rel.iplt      0x0000000008008100        0x0 c:/st/stm32cubeide_1.6.0/stm32cubeide/plugins/com.st.stm32cube.ide.mcu.externaltools.gnu-tools-for-stm32.9-2020-q2-update.win32_1.5.0.202011040924/tools/bin/../lib/gcc/arm-none-eabi/9.3.1/thumb/v7e-m+fp/hard/crtbegin.o

.ARM.extab      0x0000000008008100        0x0
                0x0000000008008100                . = ALIGN (0x4)
 *(.ARM.extab* .gnu.linkonce.armextab.*)
                0x0000000008008100                . = ALIGN (0x4)

.ARM            0x0000000008008100        0x0
                0x0000000008008100                . = ALIGN (0x4)
                0x0000000008008100                __exidx_start = .
 *(.ARM.exidx*)
                0x0000000008008100                __exidx_end = .
                0x0000000008008100                . = ALIGN (0x4)

.preinit_array  0x0000000008008100        0x0
                0x0000000008008100                . = ALIGN (0x4)
                0x0000000008008100                PROVIDE (__preinit_array_start = .)
 *(.preinit_array*)
                0x0000000008008100                PROVIDE (__preinit_array_end = .)
                0x0000000008008100                . = ALIGN (0x4)

.init_array     0x0000000008008100        0x4
                0x0000000008008100                . = ALIGN (0x4)
                0x0000000008008100                PROVIDE (__init_array_start = .)
 *(SORT_BY_NAME(.init_array.*))
 *(.init_array*)
 .init_array    0x0000000008008100        0x4 c:/st/stm32cubeide_1.6.0/stm32cubeide/plugins/com.st.stm32cube.ide.mcu.externaltools.gnu-tools-for-stm32.9-2020-q2-update.win32_1.5.0.202011040924/tools/bin/../lib/gcc/arm-none-eabi/9.3.1/thumb/v7e-m+fp/hard/crtbegin.o
                0x0000000008008104                PROVIDE (__init_array_end = .)
                0x0000000008008104                . = ALIGN (0x4)

.fini_array     0x0000000008008104        0x4
                0x0000000008008104                . = ALIGN (0x4)
                [!provide]                        PROVIDE (__fini_array_start = .)
 *(SORT_BY_NAME(.fini_array.*))
 *(.fini_array*)
 .fini_array    0x0000000008008104        0x4 c:/st/stm32cubeide_1.6.0/stm32cubeide/plugins/com.st.stm32cube.ide.mcu.externaltools.gnu-tools-for-stm32.9-2020-q2-update.win32_1.5.0.202011040924/tools/bin/../lib/gcc/arm-none-eabi/9.3.1/thumb/v7e-m+fp/hard/crtbegin.o
                [!provide]                        PROVIDE (__fini_array_end = .)
                0x0000000008008108                . = ALIGN (0x4)
                0x0000000008008108                _sidata = LOADADDR (.data)

.data           0x0000000020000000      0x198 load address 0x0000000008008108
                0x0000000020000000                . = ALIGN (0x4)
                0x0000000020000000                _sdata = .
 *(.data)
 *(.data*)
 .data.SystemCoreClock
                0x0000000020000000        0x4 Core/Src/system_stm32l4xx.o
                0x0000000020000000                SystemCoreClock
 .data.uwTickPrio
                0x0000000020000004        0x4 Drivers/STM32L4xx_HAL_Driver/Src/stm32l4xx_hal.o
                0x0000000020000004                uwTickPrio
 .data.uwTickFreq
                0x0000000020000008        0x1 Drivers/STM32L4xx_HAL_Driver/Src/stm32l4xx_hal.o
                0x0000000020000008                uwTickFreq
 *fill*         0x0000000020000009        0x3 
 .data.USBD_CDC_DeviceQualifierDesc
                0x000000002000000c        0xa Middlewares/ST/STM32_USB_Device_Library/Class/CDC/Src/usbd_cdc.o
 *fill*         0x0000000020000016        0x2 
 .data.USBD_CDC
                0x0000000020000018       0x38 Middlewares/ST/STM32_USB_Device_Library/Class/CDC/Src/usbd_cdc.o
                0x0000000020000018                USBD_CDC
 .data.USBD_CDC_CfgHSDesc
                0x0000000020000050       0x43 Middlewares/ST/STM32_USB_Device_Library/Class/CDC/Src/usbd_cdc.o
 *fill*         0x0000000020000093        0x1 
 .data.USBD_CDC_CfgFSDesc
                0x0000000020000094       0x43 Middlewares/ST/STM32_USB_Device_Library/Class/CDC/Src/usbd_cdc.o
 *fill*         0x00000000200000d7        0x1 
 .data.USBD_CDC_OtherSpeedCfgDesc
                0x00000000200000d8       0x43 Middlewares/ST/STM32_USB_Device_Library/Class/CDC/Src/usbd_cdc.o
 *fill*         0x000000002000011b        0x1 
 .data.LineCoding
                0x000000002000011c        0x8 USB_DEVICE/App/usbd_cdc_if.o
                0x000000002000011c                LineCoding
 .data.USBD_Interface_fops_FS
                0x0000000020000124       0x14 USB_DEVICE/App/usbd_cdc_if.o
                0x0000000020000124                USBD_Interface_fops_FS
 .data.FS_Desc  0x0000000020000138       0x20 USB_DEVICE/App/usbd_desc.o
                0x0000000020000138                FS_Desc
 .data.USBD_FS_DeviceDesc
                0x0000000020000158       0x12 USB_DEVICE/App/usbd_desc.o
                0x0000000020000158                USBD_FS_DeviceDesc
 *fill*         0x000000002000016a        0x2 
 .data.USBD_FS_BOSDesc
                0x000000002000016c        0xc USB_DEVICE/App/usbd_desc.o
                0x000000002000016c                USBD_FS_BOSDesc
 .data.USBD_LangIDDesc
                0x0000000020000178        0x4 USB_DEVICE/App/usbd_desc.o
                0x0000000020000178                USBD_LangIDDesc
 .data.USBD_StringSerial
                0x000000002000017c       0x1a USB_DEVICE/App/usbd_desc.o
                0x000000002000017c                USBD_StringSerial
 *(.RamFunc)
 *(.RamFunc*)
                0x0000000020000198                . = ALIGN (0x4)
 *fill*         0x0000000020000196        0x2 
                0x0000000020000198                _edata = .

.igot.plt       0x0000000020000198        0x0 load address 0x00000000080082a0
 .igot.plt      0x0000000020000198        0x0 c:/st/stm32cubeide_1.6.0/stm32cubeide/plugins/com.st.stm32cube.ide.mcu.externaltools.gnu-tools-for-stm32.9-2020-q2-update.win32_1.5.0.202011040924/tools/bin/../lib/gcc/arm-none-eabi/9.3.1/thumb/v7e-m+fp/hard/crtbegin.o
                0x0000000020000198                . = ALIGN (0x4)

.bss            0x0000000020000198     0x1c14 load address 0x00000000080082a0
                0x0000000020000198                _sbss = .
                0x0000000020000198                __bss_start__ = _sbss
 *(.bss)
 .bss           0x0000000020000198       0x1c c:/st/stm32cubeide_1.6.0/stm32cubeide/plugins/com.st.stm32cube.ide.mcu.externaltools.gnu-tools-for-stm32.9-2020-q2-update.win32_1.5.0.202011040924/tools/bin/../lib/gcc/arm-none-eabi/9.3.1/thumb/v7e-m+fp/hard/crtbegin.o
 *(.bss*)
 .bss.laps      0x00000000200001b4        0x4 Core/Src/main.o
                0x00000000200001b4                laps
 .bss.cfgidx.11054
                0x00000000200001b8        0x1 Middlewares/ST/STM32_USB_Device_Library/Core/Src/usbd_ctlreq.o
 *fill*         0x00000000200001b9        0x3 
 .bss.mem.11202
                0x00000000200001bc      0x220 USB_DEVICE/Target/usbd_conf.o
 *(COMMON)
 COMMON         0x00000000200003dc       0xf2 Core/Src/main.o
                0x00000000200003dc                cnt
                0x00000000200003e0                htim5
                0x000000002000042c                feedback
                0x0000000020000430                cnt_old
                0x0000000020000434                htim1
                0x0000000020000480                htim2
                0x00000000200004cc                X0
                0x00000000200004cd                Y0
 *fill*         0x00000000200004ce        0x2 
 COMMON         0x00000000200004d0        0x4 Drivers/STM32L4xx_HAL_Driver/Src/stm32l4xx_hal.o
                0x00000000200004d0                uwTick
 COMMON         0x00000000200004d4      0x2d0 USB_DEVICE/App/usb_device.o
                0x00000000200004d4                hUsbDeviceFS
 COMMON         0x00000000200007a4     0x1000 USB_DEVICE/App/usbd_cdc_if.o
                0x00000000200007a4                UserRxBufferFS
                0x0000000020000fa4                UserTxBufferFS
 COMMON         0x00000000200017a4      0x200 USB_DEVICE/App/usbd_desc.o
                0x00000000200017a4                USBD_StrDesc
 COMMON         0x00000000200019a4      0x408 USB_DEVICE/Target/usbd_conf.o
                0x00000000200019a4                hpcd_USB_OTG_FS
                0x0000000020001dac                . = ALIGN (0x4)
                0x0000000020001dac                _ebss = .
                0x0000000020001dac                __bss_end__ = _ebss

._user_heap_stack
                0x0000000020001dac      0x604 load address 0x00000000080082a0
                0x0000000020001db0                . = ALIGN (0x8)
 *fill*         0x0000000020001dac        0x4 
                [!provide]                        PROVIDE (end = .)
                0x0000000020001db0                PROVIDE (_end = .)
                0x0000000020001fb0                . = (. + _Min_Heap_Size)
 *fill*         0x0000000020001db0      0x200 
                0x00000000200023b0                . = (. + _Min_Stack_Size)
 *fill*         0x0000000020001fb0      0x400 
                0x00000000200023b0                . = ALIGN (0x8)

/DISCARD/
 libc.a(*)
 libm.a(*)
 libgcc.a(*)

.ARM.attributes
                0x0000000000000000       0x30
 *(.ARM.attributes)
 .ARM.attributes
                0x0000000000000000       0x1e c:/st/stm32cubeide_1.6.0/stm32cubeide/plugins/com.st.stm32cube.ide.mcu.externaltools.gnu-tools-for-stm32.9-2020-q2-update.win32_1.5.0.202011040924/tools/bin/../lib/gcc/arm-none-eabi/9.3.1/thumb/v7e-m+fp/hard/crti.o
 .ARM.attributes
                0x000000000000001e       0x34 c:/st/stm32cubeide_1.6.0/stm32cubeide/plugins/com.st.stm32cube.ide.mcu.externaltools.gnu-tools-for-stm32.9-2020-q2-update.win32_1.5.0.202011040924/tools/bin/../lib/gcc/arm-none-eabi/9.3.1/thumb/v7e-m+fp/hard/crtbegin.o
 .ARM.attributes
                0x0000000000000052       0x34 Core/Src/main.o
 .ARM.attributes
                0x0000000000000086       0x34 Core/Src/stm32l4xx_hal_msp.o
 .ARM.attributes
                0x00000000000000ba       0x34 Core/Src/stm32l4xx_it.o
 .ARM.attributes
                0x00000000000000ee       0x34 Core/Src/system_stm32l4xx.o
 .ARM.attributes
                0x0000000000000122       0x21 Core/Startup/startup_stm32l476vgtx.o
 .ARM.attributes
                0x0000000000000143       0x34 Drivers/STM32L4xx_HAL_Driver/Src/stm32l4xx_hal.o
 .ARM.attributes
                0x0000000000000177       0x34 Drivers/STM32L4xx_HAL_Driver/Src/stm32l4xx_hal_cortex.o
 .ARM.attributes
                0x00000000000001ab       0x34 Drivers/STM32L4xx_HAL_Driver/Src/stm32l4xx_hal_gpio.o
 .ARM.attributes
                0x00000000000001df       0x34 Drivers/STM32L4xx_HAL_Driver/Src/stm32l4xx_hal_pcd.o
 .ARM.attributes
                0x0000000000000213       0x34 Drivers/STM32L4xx_HAL_Driver/Src/stm32l4xx_hal_pcd_ex.o
 .ARM.attributes
                0x0000000000000247       0x34 Drivers/STM32L4xx_HAL_Driver/Src/stm32l4xx_hal_pwr_ex.o
 .ARM.attributes
                0x000000000000027b       0x34 Drivers/STM32L4xx_HAL_Driver/Src/stm32l4xx_hal_rcc.o
 .ARM.attributes
                0x00000000000002af       0x34 Drivers/STM32L4xx_HAL_Driver/Src/stm32l4xx_hal_rcc_ex.o
 .ARM.attributes
                0x00000000000002e3       0x34 Drivers/STM32L4xx_HAL_Driver/Src/stm32l4xx_hal_tim.o
 .ARM.attributes
                0x0000000000000317       0x34 Drivers/STM32L4xx_HAL_Driver/Src/stm32l4xx_hal_tim_ex.o
 .ARM.attributes
                0x000000000000034b       0x34 Drivers/STM32L4xx_HAL_Driver/Src/stm32l4xx_ll_usb.o
 .ARM.attributes
                0x000000000000037f       0x34 Middlewares/ST/STM32_USB_Device_Library/Class/CDC/Src/usbd_cdc.o
 .ARM.attributes
                0x00000000000003b3       0x34 Middlewares/ST/STM32_USB_Device_Library/Core/Src/usbd_core.o
 .ARM.attributes
                0x00000000000003e7       0x34 Middlewares/ST/STM32_USB_Device_Library/Core/Src/usbd_ctlreq.o
 .ARM.attributes
                0x000000000000041b       0x34 Middlewares/ST/STM32_USB_Device_Library/Core/Src/usbd_ioreq.o
 .ARM.attributes
                0x000000000000044f       0x34 USB_DEVICE/App/usb_device.o
 .ARM.attributes
                0x0000000000000483       0x34 USB_DEVICE/App/usbd_cdc_if.o
 .ARM.attributes
                0x00000000000004b7       0x34 USB_DEVICE/App/usbd_desc.o
 .ARM.attributes
                0x00000000000004eb       0x34 USB_DEVICE/Target/usbd_conf.o
 .ARM.attributes
                0x000000000000051f       0x34 c:/st/stm32cubeide_1.6.0/stm32cubeide/plugins/com.st.stm32cube.ide.mcu.externaltools.gnu-tools-for-stm32.9-2020-q2-update.win32_1.5.0.202011040924/tools/bin/../lib/gcc/arm-none-eabi/9.3.1/../../../../arm-none-eabi/lib/thumb/v7e-m+fp/hard\libc_nano.a(lib_a-init.o)
 .ARM.attributes
                0x0000000000000553       0x34 c:/st/stm32cubeide_1.6.0/stm32cubeide/plugins/com.st.stm32cube.ide.mcu.externaltools.gnu-tools-for-stm32.9-2020-q2-update.win32_1.5.0.202011040924/tools/bin/../lib/gcc/arm-none-eabi/9.3.1/../../../../arm-none-eabi/lib/thumb/v7e-m+fp/hard\libc_nano.a(lib_a-memset.o)
 .ARM.attributes
                0x0000000000000587       0x1e c:/st/stm32cubeide_1.6.0/stm32cubeide/plugins/com.st.stm32cube.ide.mcu.externaltools.gnu-tools-for-stm32.9-2020-q2-update.win32_1.5.0.202011040924/tools/bin/../lib/gcc/arm-none-eabi/9.3.1/thumb/v7e-m+fp/hard/crtn.o
OUTPUT(Grating_2.elf elf32-littlearm)
LOAD linker stubs
LOAD c:/st/stm32cubeide_1.6.0/stm32cubeide/plugins/com.st.stm32cube.ide.mcu.externaltools.gnu-tools-for-stm32.9-2020-q2-update.win32_1.5.0.202011040924/tools/bin/../lib/gcc/arm-none-eabi/9.3.1/../../../../arm-none-eabi/lib/thumb/v7e-m+fp/hard\libc.a
LOAD c:/st/stm32cubeide_1.6.0/stm32cubeide/plugins/com.st.stm32cube.ide.mcu.externaltools.gnu-tools-for-stm32.9-2020-q2-update.win32_1.5.0.202011040924/tools/bin/../lib/gcc/arm-none-eabi/9.3.1/../../../../arm-none-eabi/lib/thumb/v7e-m+fp/hard\libm.a
LOAD c:/st/stm32cubeide_1.6.0/stm32cubeide/plugins/com.st.stm32cube.ide.mcu.externaltools.gnu-tools-for-stm32.9-2020-q2-update.win32_1.5.0.202011040924/tools/bin/../lib/gcc/arm-none-eabi/9.3.1/thumb/v7e-m+fp/hard\libgcc.a

.debug_info     0x0000000000000000    0x1cc7a
 .debug_info    0x0000000000000000     0x2401 Core/Src/main.o
 .debug_info    0x0000000000002401      0xf86 Core/Src/stm32l4xx_hal_msp.o
 .debug_info    0x0000000000003387      0xf01 Core/Src/stm32l4xx_it.o
 .debug_info    0x0000000000004288      0x779 Core/Src/system_stm32l4xx.o
 .debug_info    0x0000000000004a01       0x22 Core/Startup/startup_stm32l476vgtx.o
 .debug_info    0x0000000000004a23      0xcb9 Drivers/STM32L4xx_HAL_Driver/Src/stm32l4xx_hal.o
 .debug_info    0x00000000000056dc     0x102e Drivers/STM32L4xx_HAL_Driver/Src/stm32l4xx_hal_cortex.o
 .debug_info    0x000000000000670a      0xa5f Drivers/STM32L4xx_HAL_Driver/Src/stm32l4xx_hal_gpio.o
 .debug_info    0x0000000000007169     0x13e2 Drivers/STM32L4xx_HAL_Driver/Src/stm32l4xx_hal_pcd.o
 .debug_info    0x000000000000854b      0xa9f Drivers/STM32L4xx_HAL_Driver/Src/stm32l4xx_hal_pcd_ex.o
 .debug_info    0x0000000000008fea      0xbda Drivers/STM32L4xx_HAL_Driver/Src/stm32l4xx_hal_pwr_ex.o
 .debug_info    0x0000000000009bc4      0xe0b Drivers/STM32L4xx_HAL_Driver/Src/stm32l4xx_hal_rcc.o
 .debug_info    0x000000000000a9cf     0x103f Drivers/STM32L4xx_HAL_Driver/Src/stm32l4xx_hal_rcc_ex.o
 .debug_info    0x000000000000ba0e     0x2cb9 Drivers/STM32L4xx_HAL_Driver/Src/stm32l4xx_hal_tim.o
 .debug_info    0x000000000000e6c7     0x1813 Drivers/STM32L4xx_HAL_Driver/Src/stm32l4xx_hal_tim_ex.o
 .debug_info    0x000000000000feda     0x1c05 Drivers/STM32L4xx_HAL_Driver/Src/stm32l4xx_ll_usb.o
 .debug_info    0x0000000000011adf     0x1b41 Middlewares/ST/STM32_USB_Device_Library/Class/CDC/Src/usbd_cdc.o
 .debug_info    0x0000000000013620     0x1506 Middlewares/ST/STM32_USB_Device_Library/Core/Src/usbd_core.o
 .debug_info    0x0000000000014b26     0x14d2 Middlewares/ST/STM32_USB_Device_Library/Core/Src/usbd_ctlreq.o
 .debug_info    0x0000000000015ff8     0x11f4 Middlewares/ST/STM32_USB_Device_Library/Core/Src/usbd_ioreq.o
 .debug_info    0x00000000000171ec     0x115d USB_DEVICE/App/usb_device.o
 .debug_info    0x0000000000018349     0x1422 USB_DEVICE/App/usbd_cdc_if.o
 .debug_info    0x000000000001976b      0xfb8 USB_DEVICE/App/usbd_desc.o
 .debug_info    0x000000000001a723     0x2557 USB_DEVICE/Target/usbd_conf.o

.debug_abbrev   0x0000000000000000     0x38b6
 .debug_abbrev  0x0000000000000000      0x337 Core/Src/main.o
 .debug_abbrev  0x0000000000000337      0x1c8 Core/Src/stm32l4xx_hal_msp.o
 .debug_abbrev  0x00000000000004ff      0x1e1 Core/Src/stm32l4xx_it.o
 .debug_abbrev  0x00000000000006e0      0x165 Core/Src/system_stm32l4xx.o
 .debug_abbrev  0x0000000000000845       0x12 Core/Startup/startup_stm32l476vgtx.o
 .debug_abbrev  0x0000000000000857      0x227 Drivers/STM32L4xx_HAL_Driver/Src/stm32l4xx_hal.o
 .debug_abbrev  0x0000000000000a7e      0x33c Drivers/STM32L4xx_HAL_Driver/Src/stm32l4xx_hal_cortex.o
 .debug_abbrev  0x0000000000000dba      0x1e8 Drivers/STM32L4xx_HAL_Driver/Src/stm32l4xx_hal_gpio.o
 .debug_abbrev  0x0000000000000fa2      0x2a0 Drivers/STM32L4xx_HAL_Driver/Src/stm32l4xx_hal_pcd.o
 .debug_abbrev  0x0000000000001242      0x246 Drivers/STM32L4xx_HAL_Driver/Src/stm32l4xx_hal_pcd_ex.o
 .debug_abbrev  0x0000000000001488      0x1f3 Drivers/STM32L4xx_HAL_Driver/Src/stm32l4xx_hal_pwr_ex.o
 .debug_abbrev  0x000000000000167b      0x275 Drivers/STM32L4xx_HAL_Driver/Src/stm32l4xx_hal_rcc.o
 .debug_abbrev  0x00000000000018f0      0x268 Drivers/STM32L4xx_HAL_Driver/Src/stm32l4xx_hal_rcc_ex.o
 .debug_abbrev  0x0000000000001b58      0x25e Drivers/STM32L4xx_HAL_Driver/Src/stm32l4xx_hal_tim.o
 .debug_abbrev  0x0000000000001db6      0x266 Drivers/STM32L4xx_HAL_Driver/Src/stm32l4xx_hal_tim_ex.o
 .debug_abbrev  0x000000000000201c      0x2a7 Drivers/STM32L4xx_HAL_Driver/Src/stm32l4xx_ll_usb.o
 .debug_abbrev  0x00000000000022c3      0x2fc Middlewares/ST/STM32_USB_Device_Library/Class/CDC/Src/usbd_cdc.o
 .debug_abbrev  0x00000000000025bf      0x2b7 Middlewares/ST/STM32_USB_Device_Library/Core/Src/usbd_core.o
 .debug_abbrev  0x0000000000002876      0x2fc Middlewares/ST/STM32_USB_Device_Library/Core/Src/usbd_ctlreq.o
 .debug_abbrev  0x0000000000002b72      0x22a Middlewares/ST/STM32_USB_Device_Library/Core/Src/usbd_ioreq.o
 .debug_abbrev  0x0000000000002d9c      0x204 USB_DEVICE/App/usb_device.o
 .debug_abbrev  0x0000000000002fa0      0x328 USB_DEVICE/App/usbd_cdc_if.o
 .debug_abbrev  0x00000000000032c8      0x2aa USB_DEVICE/App/usbd_desc.o
 .debug_abbrev  0x0000000000003572      0x344 USB_DEVICE/Target/usbd_conf.o

.debug_aranges  0x0000000000000000     0x1370
 .debug_aranges
                0x0000000000000000       0x60 Core/Src/main.o
 .debug_aranges
                0x0000000000000060       0x40 Core/Src/stm32l4xx_hal_msp.o
 .debug_aranges
                0x00000000000000a0       0xa8 Core/Src/stm32l4xx_it.o
 .debug_aranges
                0x0000000000000148       0x28 Core/Src/system_stm32l4xx.o
 .debug_aranges
                0x0000000000000170       0x28 Core/Startup/startup_stm32l476vgtx.o
 .debug_aranges
                0x0000000000000198      0x130 Drivers/STM32L4xx_HAL_Driver/Src/stm32l4xx_hal.o
 .debug_aranges
                0x00000000000002c8      0x118 Drivers/STM32L4xx_HAL_Driver/Src/stm32l4xx_hal_cortex.o
 .debug_aranges
                0x00000000000003e0       0x58 Drivers/STM32L4xx_HAL_Driver/Src/stm32l4xx_hal_gpio.o
 .debug_aranges
                0x0000000000000438      0x130 Drivers/STM32L4xx_HAL_Driver/Src/stm32l4xx_hal_pcd.o
 .debug_aranges
                0x0000000000000568       0x60 Drivers/STM32L4xx_HAL_Driver/Src/stm32l4xx_hal_pcd_ex.o
 .debug_aranges
                0x00000000000005c8      0x150 Drivers/STM32L4xx_HAL_Driver/Src/stm32l4xx_hal_pwr_ex.o
 .debug_aranges
                0x0000000000000718       0x88 Drivers/STM32L4xx_HAL_Driver/Src/stm32l4xx_hal_rcc.o
 .debug_aranges
                0x00000000000007a0       0xc0 Drivers/STM32L4xx_HAL_Driver/Src/stm32l4xx_hal_rcc_ex.o
 .debug_aranges
                0x0000000000000860      0x3e0 Drivers/STM32L4xx_HAL_Driver/Src/stm32l4xx_hal_tim.o
 .debug_aranges
                0x0000000000000c40      0x180 Drivers/STM32L4xx_HAL_Driver/Src/stm32l4xx_hal_tim_ex.o
 .debug_aranges
                0x0000000000000dc0      0x198 Drivers/STM32L4xx_HAL_Driver/Src/stm32l4xx_ll_usb.o
 .debug_aranges
                0x0000000000000f58       0x90 Middlewares/ST/STM32_USB_Device_Library/Class/CDC/Src/usbd_cdc.o
 .debug_aranges
                0x0000000000000fe8       0xb8 Middlewares/ST/STM32_USB_Device_Library/Core/Src/usbd_core.o
 .debug_aranges
                0x00000000000010a0       0x90 Middlewares/ST/STM32_USB_Device_Library/Core/Src/usbd_ctlreq.o
 .debug_aranges
                0x0000000000001130       0x50 Middlewares/ST/STM32_USB_Device_Library/Core/Src/usbd_ioreq.o
 .debug_aranges
                0x0000000000001180       0x20 USB_DEVICE/App/usb_device.o
 .debug_aranges
                0x00000000000011a0       0x50 USB_DEVICE/App/usbd_cdc_if.o
 .debug_aranges
                0x00000000000011f0       0x68 USB_DEVICE/App/usbd_desc.o
 .debug_aranges
                0x0000000000001258      0x118 USB_DEVICE/Target/usbd_conf.o

.debug_ranges   0x0000000000000000     0x11f8
 .debug_ranges  0x0000000000000000       0x50 Core/Src/main.o
 .debug_ranges  0x0000000000000050       0x30 Core/Src/stm32l4xx_hal_msp.o
 .debug_ranges  0x0000000000000080       0x98 Core/Src/stm32l4xx_it.o
 .debug_ranges  0x0000000000000118       0x18 Core/Src/system_stm32l4xx.o
 .debug_ranges  0x0000000000000130       0x20 Core/Startup/startup_stm32l476vgtx.o
 .debug_ranges  0x0000000000000150      0x120 Drivers/STM32L4xx_HAL_Driver/Src/stm32l4xx_hal.o
 .debug_ranges  0x0000000000000270      0x108 Drivers/STM32L4xx_HAL_Driver/Src/stm32l4xx_hal_cortex.o
 .debug_ranges  0x0000000000000378       0x48 Drivers/STM32L4xx_HAL_Driver/Src/stm32l4xx_hal_gpio.o
 .debug_ranges  0x00000000000003c0      0x120 Drivers/STM32L4xx_HAL_Driver/Src/stm32l4xx_hal_pcd.o
 .debug_ranges  0x00000000000004e0       0x50 Drivers/STM32L4xx_HAL_Driver/Src/stm32l4xx_hal_pcd_ex.o
 .debug_ranges  0x0000000000000530      0x140 Drivers/STM32L4xx_HAL_Driver/Src/stm32l4xx_hal_pwr_ex.o
 .debug_ranges  0x0000000000000670       0x78 Drivers/STM32L4xx_HAL_Driver/Src/stm32l4xx_hal_rcc.o
 .debug_ranges  0x00000000000006e8       0xb0 Drivers/STM32L4xx_HAL_Driver/Src/stm32l4xx_hal_rcc_ex.o
 .debug_ranges  0x0000000000000798      0x3d0 Drivers/STM32L4xx_HAL_Driver/Src/stm32l4xx_hal_tim.o
 .debug_ranges  0x0000000000000b68      0x170 Drivers/STM32L4xx_HAL_Driver/Src/stm32l4xx_hal_tim_ex.o
 .debug_ranges  0x0000000000000cd8      0x188 Drivers/STM32L4xx_HAL_Driver/Src/stm32l4xx_ll_usb.o
 .debug_ranges  0x0000000000000e60       0x80 Middlewares/ST/STM32_USB_Device_Library/Class/CDC/Src/usbd_cdc.o
 .debug_ranges  0x0000000000000ee0       0xa8 Middlewares/ST/STM32_USB_Device_Library/Core/Src/usbd_core.o
 .debug_ranges  0x0000000000000f88       0x80 Middlewares/ST/STM32_USB_Device_Library/Core/Src/usbd_ctlreq.o
 .debug_ranges  0x0000000000001008       0x40 Middlewares/ST/STM32_USB_Device_Library/Core/Src/usbd_ioreq.o
 .debug_ranges  0x0000000000001048       0x10 USB_DEVICE/App/usb_device.o
 .debug_ranges  0x0000000000001058       0x40 USB_DEVICE/App/usbd_cdc_if.o
 .debug_ranges  0x0000000000001098       0x58 USB_DEVICE/App/usbd_desc.o
 .debug_ranges  0x00000000000010f0      0x108 USB_DEVICE/Target/usbd_conf.o

.debug_macro    0x0000000000000000    0x29681
 .debug_macro   0x0000000000000000      0x428 Core/Src/main.o
 .debug_macro   0x0000000000000428      0xaa8 Core/Src/main.o
 .debug_macro   0x0000000000000ed0      0x1ad Core/Src/main.o
 .debug_macro   0x000000000000107d       0x2e Core/Src/main.o
 .debug_macro   0x00000000000010ab       0x28 Core/Src/main.o
 .debug_macro   0x00000000000010d3       0x22 Core/Src/main.o
 .debug_macro   0x00000000000010f5       0x8e Core/Src/main.o
 .debug_macro   0x0000000000001183       0x51 Core/Src/main.o
 .debug_macro   0x00000000000011d4      0x103 Core/Src/main.o
 .debug_macro   0x00000000000012d7       0x6a Core/Src/main.o
 .debug_macro   0x0000000000001341      0x1df Core/Src/main.o
 .debug_macro   0x0000000000001520       0x1c Core/Src/main.o
 .debug_macro   0x000000000000153c       0x22 Core/Src/main.o
 .debug_macro   0x000000000000155e      0x101 Core/Src/main.o
 .debug_macro   0x000000000000165f     0x1011 Core/Src/main.o
 .debug_macro   0x0000000000002670      0x11f Core/Src/main.o
 .debug_macro   0x000000000000278f    0x1a13d Core/Src/main.o
 .debug_macro   0x000000000001c8cc       0x43 Core/Src/main.o
 .debug_macro   0x000000000001c90f     0x3897 Core/Src/main.o
 .debug_macro   0x00000000000201a6      0x174 Core/Src/main.o
 .debug_macro   0x000000000002031a       0x5c Core/Src/main.o
 .debug_macro   0x0000000000020376     0x155f Core/Src/main.o
 .debug_macro   0x00000000000218d5      0x59e Core/Src/main.o
 .debug_macro   0x0000000000021e73      0x13d Core/Src/main.o
 .debug_macro   0x0000000000021fb0      0x18b Core/Src/main.o
 .debug_macro   0x000000000002213b      0x26b Core/Src/main.o
 .debug_macro   0x00000000000223a6      0x23d Core/Src/main.o
 .debug_macro   0x00000000000225e3      0x241 Core/Src/main.o
 .debug_macro   0x0000000000022824      0x37c Core/Src/main.o
 .debug_macro   0x0000000000022ba0       0xd6 Core/Src/main.o
 .debug_macro   0x0000000000022c76      0x22c Core/Src/main.o
 .debug_macro   0x0000000000022ea2       0x61 Core/Src/main.o
 .debug_macro   0x0000000000022f03       0xa5 Core/Src/main.o
 .debug_macro   0x0000000000022fa8      0x1ed Core/Src/main.o
 .debug_macro   0x0000000000023195       0x97 Core/Src/main.o
 .debug_macro   0x000000000002322c      0x122 Core/Src/main.o
 .debug_macro   0x000000000002334e      0x3e9 Core/Src/main.o
 .debug_macro   0x0000000000023737      0xa75 Core/Src/main.o
 .debug_macro   0x00000000000241ac      0x1e7 Core/Src/main.o
 .debug_macro   0x0000000000024393      0x331 Core/Src/main.o
 .debug_macro   0x00000000000246c4       0x52 Core/Src/main.o
 .debug_macro   0x0000000000024716       0x18 Core/Src/main.o
 .debug_macro   0x000000000002472e       0x3c Core/Src/main.o
 .debug_macro   0x000000000002476a       0x34 Core/Src/main.o
 .debug_macro   0x000000000002479e       0x16 Core/Src/main.o
 .debug_macro   0x00000000000247b4       0x35 Core/Src/main.o
 .debug_macro   0x00000000000247e9      0x333 Core/Src/main.o
 .debug_macro   0x0000000000024b1c       0x10 Core/Src/main.o
 .debug_macro   0x0000000000024b2c       0x16 Core/Src/main.o
 .debug_macro   0x0000000000024b42       0x43 Core/Src/main.o
 .debug_macro   0x0000000000024b85       0x34 Core/Src/main.o
 .debug_macro   0x0000000000024bb9       0x10 Core/Src/main.o
 .debug_macro   0x0000000000024bc9       0x58 Core/Src/main.o
 .debug_macro   0x0000000000024c21       0x71 Core/Src/main.o
 .debug_macro   0x0000000000024c92       0x1c Core/Src/main.o
 .debug_macro   0x0000000000024cae      0x12a Core/Src/main.o
 .debug_macro   0x0000000000024dd8       0x10 Core/Src/main.o
 .debug_macro   0x0000000000024de8       0x1c Core/Src/main.o
 .debug_macro   0x0000000000024e04       0x52 Core/Src/main.o
 .debug_macro   0x0000000000024e56       0x22 Core/Src/main.o
 .debug_macro   0x0000000000024e78       0x10 Core/Src/main.o
 .debug_macro   0x0000000000024e88       0x40 Core/Src/main.o
 .debug_macro   0x0000000000024ec8       0xd5 Core/Src/main.o
 .debug_macro   0x0000000000024f9d       0x1c Core/Src/main.o
 .debug_macro   0x0000000000024fb9       0x3d Core/Src/main.o
 .debug_macro   0x0000000000024ff6       0x16 Core/Src/main.o
 .debug_macro   0x000000000002500c      0x145 Core/Src/main.o
 .debug_macro   0x0000000000025151       0x16 Core/Src/main.o
 .debug_macro   0x0000000000025167       0x16 Core/Src/main.o
 .debug_macro   0x000000000002517d       0x29 Core/Src/main.o
 .debug_macro   0x00000000000251a6       0x16 Core/Src/main.o
 .debug_macro   0x00000000000251bc       0x20 Core/Src/main.o
 .debug_macro   0x00000000000251dc       0x5f Core/Src/main.o
 .debug_macro   0x000000000002523b      0x1ef Core/Src/main.o
 .debug_macro   0x000000000002542a       0x95 Core/Src/main.o
 .debug_macro   0x00000000000254bf       0x10 Core/Src/main.o
 .debug_macro   0x00000000000254cf      0x1f3 Core/Src/stm32l4xx_hal_msp.o
 .debug_macro   0x00000000000256c2      0x1fd Core/Src/stm32l4xx_it.o
 .debug_macro   0x00000000000258bf      0x1e9 Core/Src/system_stm32l4xx.o
 .debug_macro   0x0000000000025aa8      0x237 Drivers/STM32L4xx_HAL_Driver/Src/stm32l4xx_hal.o
 .debug_macro   0x0000000000025cdf      0x1e9 Drivers/STM32L4xx_HAL_Driver/Src/stm32l4xx_hal_cortex.o
 .debug_macro   0x0000000000025ec8      0x228 Drivers/STM32L4xx_HAL_Driver/Src/stm32l4xx_hal_gpio.o
 .debug_macro   0x00000000000260f0      0x1f5 Drivers/STM32L4xx_HAL_Driver/Src/stm32l4xx_hal_pcd.o
 .debug_macro   0x00000000000262e5      0x1e9 Drivers/STM32L4xx_HAL_Driver/Src/stm32l4xx_hal_pcd_ex.o
 .debug_macro   0x00000000000264ce      0x20d Drivers/STM32L4xx_HAL_Driver/Src/stm32l4xx_hal_pwr_ex.o
 .debug_macro   0x00000000000266db      0x22b Drivers/STM32L4xx_HAL_Driver/Src/stm32l4xx_hal_rcc.o
 .debug_macro   0x0000000000026906      0x21f Drivers/STM32L4xx_HAL_Driver/Src/stm32l4xx_hal_rcc_ex.o
 .debug_macro   0x0000000000026b25      0x1ea Drivers/STM32L4xx_HAL_Driver/Src/stm32l4xx_hal_tim.o
 .debug_macro   0x0000000000026d0f      0x1e9 Drivers/STM32L4xx_HAL_Driver/Src/stm32l4xx_hal_tim_ex.o
 .debug_macro   0x0000000000026ef8      0x1e9 Drivers/STM32L4xx_HAL_Driver/Src/stm32l4xx_ll_usb.o
 .debug_macro   0x00000000000270e1      0x409 Middlewares/ST/STM32_USB_Device_Library/Class/CDC/Src/usbd_cdc.o
 .debug_macro   0x00000000000274ea       0x97 Middlewares/ST/STM32_USB_Device_Library/Class/CDC/Src/usbd_cdc.o
 .debug_macro   0x0000000000027581       0xfd Middlewares/ST/STM32_USB_Device_Library/Class/CDC/Src/usbd_cdc.o
 .debug_macro   0x000000000002767e       0xfb Middlewares/ST/STM32_USB_Device_Library/Class/CDC/Src/usbd_cdc.o
 .debug_macro   0x0000000000027779       0x56 Middlewares/ST/STM32_USB_Device_Library/Class/CDC/Src/usbd_cdc.o
 .debug_macro   0x00000000000277cf      0x3f0 Middlewares/ST/STM32_USB_Device_Library/Core/Src/usbd_core.o
 .debug_macro   0x0000000000027bbf      0x1f5 Middlewares/ST/STM32_USB_Device_Library/Core/Src/usbd_core.o
 .debug_macro   0x0000000000027db4      0x3fa Middlewares/ST/STM32_USB_Device_Library/Core/Src/usbd_ctlreq.o
 .debug_macro   0x00000000000281ae      0x3f6 Middlewares/ST/STM32_USB_Device_Library/Core/Src/usbd_ioreq.o
 .debug_macro   0x00000000000285a4      0x42f USB_DEVICE/App/usb_device.o
 .debug_macro   0x00000000000289d3       0x22 USB_DEVICE/App/usb_device.o
 .debug_macro   0x00000000000289f5       0x16 USB_DEVICE/App/usb_device.o
 .debug_macro   0x0000000000028a0b      0x414 USB_DEVICE/App/usbd_cdc_if.o
 .debug_macro   0x0000000000028e1f      0x433 USB_DEVICE/App/usbd_desc.o
 .debug_macro   0x0000000000029252       0x1c USB_DEVICE/App/usbd_desc.o
 .debug_macro   0x000000000002926e      0x413 USB_DEVICE/Target/usbd_conf.o

.debug_line     0x0000000000000000    0x16cd2
 .debug_line    0x0000000000000000      0xcda Core/Src/main.o
 .debug_line    0x0000000000000cda      0x7c6 Core/Src/stm32l4xx_hal_msp.o
 .debug_line    0x00000000000014a0      0x8a3 Core/Src/stm32l4xx_it.o
 .debug_line    0x0000000000001d43      0x7bd Core/Src/system_stm32l4xx.o
 .debug_line    0x0000000000002500       0x87 Core/Startup/startup_stm32l476vgtx.o
 .debug_line    0x0000000000002587      0xafc Drivers/STM32L4xx_HAL_Driver/Src/stm32l4xx_hal.o
 .debug_line    0x0000000000003083      0xca3 Drivers/STM32L4xx_HAL_Driver/Src/stm32l4xx_hal_cortex.o
 .debug_line    0x0000000000003d26      0xb76 Drivers/STM32L4xx_HAL_Driver/Src/stm32l4xx_hal_gpio.o
 .debug_line    0x000000000000489c     0x11f4 Drivers/STM32L4xx_HAL_Driver/Src/stm32l4xx_hal_pcd.o
 .debug_line    0x0000000000005a90      0x8e8 Drivers/STM32L4xx_HAL_Driver/Src/stm32l4xx_hal_pcd_ex.o
 .debug_line    0x0000000000006378      0xcb8 Drivers/STM32L4xx_HAL_Driver/Src/stm32l4xx_hal_pwr_ex.o
 .debug_line    0x0000000000007030      0xf40 Drivers/STM32L4xx_HAL_Driver/Src/stm32l4xx_hal_rcc.o
 .debug_line    0x0000000000007f70     0x14b5 Drivers/STM32L4xx_HAL_Driver/Src/stm32l4xx_hal_rcc_ex.o
 .debug_line    0x0000000000009425     0x3c86 Drivers/STM32L4xx_HAL_Driver/Src/stm32l4xx_hal_tim.o
 .debug_line    0x000000000000d0ab     0x1bcb Drivers/STM32L4xx_HAL_Driver/Src/stm32l4xx_hal_tim_ex.o
 .debug_line    0x000000000000ec76     0x1764 Drivers/STM32L4xx_HAL_Driver/Src/stm32l4xx_ll_usb.o
 .debug_line    0x00000000000103da      0xdda Middlewares/ST/STM32_USB_Device_Library/Class/CDC/Src/usbd_cdc.o
 .debug_line    0x00000000000111b4      0xe5d Middlewares/ST/STM32_USB_Device_Library/Core/Src/usbd_core.o
 .debug_line    0x0000000000012011     0x10fa Middlewares/ST/STM32_USB_Device_Library/Core/Src/usbd_ctlreq.o
 .debug_line    0x000000000001310b      0xab4 Middlewares/ST/STM32_USB_Device_Library/Core/Src/usbd_ioreq.o
 .debug_line    0x0000000000013bbf      0xa70 USB_DEVICE/App/usb_device.o
 .debug_line    0x000000000001462f      0xb6b USB_DEVICE/App/usbd_cdc_if.o
 .debug_line    0x000000000001519a      0xb54 USB_DEVICE/App/usbd_desc.o
 .debug_line    0x0000000000015cee      0xfe4 USB_DEVICE/Target/usbd_conf.o

.debug_str      0x0000000000000000    0xf2828
 .debug_str     0x0000000000000000    0xedd90 Core/Src/main.o
                                      0xee367 (size before relaxing)
 .debug_str     0x00000000000edd90       0xa1 Core/Src/stm32l4xx_hal_msp.o
                                      0xe8a2e (size before relaxing)
 .debug_str     0x00000000000ede31      0x4c1 Core/Src/stm32l4xx_it.o
                                      0xe8807 (size before relaxing)
 .debug_str     0x00000000000ee2f2       0xb8 Core/Src/system_stm32l4xx.o
                                      0xe800b (size before relaxing)
 .debug_str     0x00000000000ee3aa       0x36 Core/Startup/startup_stm32l476vgtx.o
                                         0x72 (size before relaxing)
 .debug_str     0x00000000000ee3e0      0x5b6 Drivers/STM32L4xx_HAL_Driver/Src/stm32l4xx_hal.o
                                      0xe8b0a (size before relaxing)
 .debug_str     0x00000000000ee996      0x389 Drivers/STM32L4xx_HAL_Driver/Src/stm32l4xx_hal_cortex.o
                                      0xe887a (size before relaxing)
 .debug_str     0x00000000000eed1f      0x23b Drivers/STM32L4xx_HAL_Driver/Src/stm32l4xx_hal_gpio.o
                                      0xe82a5 (size before relaxing)
 .debug_str     0x00000000000eef5a      0x558 Drivers/STM32L4xx_HAL_Driver/Src/stm32l4xx_hal_pcd.o
                                      0xe878a (size before relaxing)
 .debug_str     0x00000000000ef4b2      0x1b4 Drivers/STM32L4xx_HAL_Driver/Src/stm32l4xx_hal_pcd_ex.o
                                      0xe8402 (size before relaxing)
 .debug_str     0x00000000000ef666      0x4b4 Drivers/STM32L4xx_HAL_Driver/Src/stm32l4xx_hal_pwr_ex.o
                                      0xe8541 (size before relaxing)
 .debug_str     0x00000000000efb1a      0x3b5 Drivers/STM32L4xx_HAL_Driver/Src/stm32l4xx_hal_rcc.o
                                      0xe85e8 (size before relaxing)
 .debug_str     0x00000000000efecf      0x3a6 Drivers/STM32L4xx_HAL_Driver/Src/stm32l4xx_hal_rcc_ex.o
                                      0xe8779 (size before relaxing)
 .debug_str     0x00000000000f0275      0xd2e Drivers/STM32L4xx_HAL_Driver/Src/stm32l4xx_hal_tim.o
                                      0xe92a7 (size before relaxing)
 .debug_str     0x00000000000f0fa3      0x5fc Drivers/STM32L4xx_HAL_Driver/Src/stm32l4xx_hal_tim_ex.o
                                      0xe8b79 (size before relaxing)
 .debug_str     0x00000000000f159f      0x68c Drivers/STM32L4xx_HAL_Driver/Src/stm32l4xx_ll_usb.o
                                      0xe8913 (size before relaxing)
 .debug_str     0x00000000000f1c2b      0x2aa Middlewares/ST/STM32_USB_Device_Library/Class/CDC/Src/usbd_cdc.o
                                      0xed7a3 (size before relaxing)
 .debug_str     0x00000000000f1ed5      0x1a2 Middlewares/ST/STM32_USB_Device_Library/Core/Src/usbd_core.o
                                      0xed01b (size before relaxing)
 .debug_str     0x00000000000f2077      0x152 Middlewares/ST/STM32_USB_Device_Library/Core/Src/usbd_ctlreq.o
                                      0xecfd9 (size before relaxing)
 .debug_str     0x00000000000f21c9       0xc9 Middlewares/ST/STM32_USB_Device_Library/Core/Src/usbd_ioreq.o
                                      0xecf29 (size before relaxing)
 .debug_str     0x00000000000f2292       0xc2 USB_DEVICE/App/usb_device.o
                                      0xed2b8 (size before relaxing)
 .debug_str     0x00000000000f2354       0xe3 USB_DEVICE/App/usbd_cdc_if.o
                                      0xed367 (size before relaxing)
 .debug_str     0x00000000000f2437      0x298 USB_DEVICE/App/usbd_desc.o
                                      0xecea5 (size before relaxing)
 .debug_str     0x00000000000f26cf      0x159 USB_DEVICE/Target/usbd_conf.o
                                      0xedf65 (size before relaxing)

.comment        0x0000000000000000       0x53
 .comment       0x0000000000000000       0x53 Core/Src/main.o
                                         0x54 (size before relaxing)
 .comment       0x0000000000000053       0x54 Core/Src/stm32l4xx_hal_msp.o
 .comment       0x0000000000000053       0x54 Core/Src/stm32l4xx_it.o
 .comment       0x0000000000000053       0x54 Core/Src/system_stm32l4xx.o
 .comment       0x0000000000000053       0x54 Drivers/STM32L4xx_HAL_Driver/Src/stm32l4xx_hal.o
 .comment       0x0000000000000053       0x54 Drivers/STM32L4xx_HAL_Driver/Src/stm32l4xx_hal_cortex.o
 .comment       0x0000000000000053       0x54 Drivers/STM32L4xx_HAL_Driver/Src/stm32l4xx_hal_gpio.o
 .comment       0x0000000000000053       0x54 Drivers/STM32L4xx_HAL_Driver/Src/stm32l4xx_hal_pcd.o
 .comment       0x0000000000000053       0x54 Drivers/STM32L4xx_HAL_Driver/Src/stm32l4xx_hal_pcd_ex.o
 .comment       0x0000000000000053       0x54 Drivers/STM32L4xx_HAL_Driver/Src/stm32l4xx_hal_pwr_ex.o
 .comment       0x0000000000000053       0x54 Drivers/STM32L4xx_HAL_Driver/Src/stm32l4xx_hal_rcc.o
 .comment       0x0000000000000053       0x54 Drivers/STM32L4xx_HAL_Driver/Src/stm32l4xx_hal_rcc_ex.o