Archive member included to satisfy reference by file (symbol)

c:/st/stm32cubeide_1.6.1/stm32cubeide/plugins/com.st.stm32cube.ide.mcu.externaltools.gnu-tools-for-stm32.9-2020-q2-update.win32_1.5.0.202011040924/tools/bin/../lib/gcc/arm-none-eabi/9.3.1/../../../../arm-none-eabi/lib/thumb/v7e-m+fp/hard\libc_nano.a(lib_a-errno.o)
                              Core/Src/syscalls.o (__errno)
c:/st/stm32cubeide_1.6.1/stm32cubeide/plugins/com.st.stm32cube.ide.mcu.externaltools.gnu-tools-for-stm32.9-2020-q2-update.win32_1.5.0.202011040924/tools/bin/../lib/gcc/arm-none-eabi/9.3.1/../../../../arm-none-eabi/lib/thumb/v7e-m+fp/hard\libc_nano.a(lib_a-exit.o)
                              c:/st/stm32cubeide_1.6.1/stm32cubeide/plugins/com.st.stm32cube.ide.mcu.externaltools.gnu-tools-for-stm32.9-2020-q2-update.win32_1.5.0.202011040924/tools/bin/../lib/gcc/arm-none-eabi/9.3.1/../../../../arm-none-eabi/lib/thumb/v7e-m+fp/hard/crt0.o (exit)
c:/st/stm32cubeide_1.6.1/stm32cubeide/plugins/com.st.stm32cube.ide.mcu.externaltools.gnu-tools-for-stm32.9-2020-q2-update.win32_1.5.0.202011040924/tools/bin/../lib/gcc/arm-none-eabi/9.3.1/../../../../arm-none-eabi/lib/thumb/v7e-m+fp/hard\libc_nano.a(lib_a-impure.o)
                              c:/st/stm32cubeide_1.6.1/stm32cubeide/plugins/com.st.stm32cube.ide.mcu.externaltools.gnu-tools-for-stm32.9-2020-q2-update.win32_1.5.0.202011040924/tools/bin/../lib/gcc/arm-none-eabi/9.3.1/../../../../arm-none-eabi/lib/thumb/v7e-m+fp/hard\libc_nano.a(lib_a-exit.o) (_global_impure_ptr)
c:/st/stm32cubeide_1.6.1/stm32cubeide/plugins/com.st.stm32cube.ide.mcu.externaltools.gnu-tools-for-stm32.9-2020-q2-update.win32_1.5.0.202011040924/tools/bin/../lib/gcc/arm-none-eabi/9.3.1/../../../../arm-none-eabi/lib/thumb/v7e-m+fp/hard\libc_nano.a(lib_a-init.o)
                              c:/st/stm32cubeide_1.6.1/stm32cubeide/plugins/com.st.stm32cube.ide.mcu.externaltools.gnu-tools-for-stm32.9-2020-q2-update.win32_1.5.0.202011040924/tools/bin/../lib/gcc/arm-none-eabi/9.3.1/../../../../arm-none-eabi/lib/thumb/v7e-m+fp/hard/crt0.o (__libc_init_array)
c:/st/stm32cubeide_1.6.1/stm32cubeide/plugins/com.st.stm32cube.ide.mcu.externaltools.gnu-tools-for-stm32.9-2020-q2-update.win32_1.5.0.202011040924/tools/bin/../lib/gcc/arm-none-eabi/9.3.1/../../../../arm-none-eabi/lib/thumb/v7e-m+fp/hard\libc_nano.a(lib_a-memcpy-stub.o)
                              Middlewares/Third_Party/FreeRTOS/Source/CMSIS_RTOS_V2/cmsis_os2.o (memcpy)
c:/st/stm32cubeide_1.6.1/stm32cubeide/plugins/com.st.stm32cube.ide.mcu.externaltools.gnu-tools-for-stm32.9-2020-q2-update.win32_1.5.0.202011040924/tools/bin/../lib/gcc/arm-none-eabi/9.3.1/../../../../arm-none-eabi/lib/thumb/v7e-m+fp/hard\libc_nano.a(lib_a-memset.o)
                              c:/st/stm32cubeide_1.6.1/stm32cubeide/plugins/com.st.stm32cube.ide.mcu.externaltools.gnu-tools-for-stm32.9-2020-q2-update.win32_1.5.0.202011040924/tools/bin/../lib/gcc/arm-none-eabi/9.3.1/../../../../arm-none-eabi/lib/thumb/v7e-m+fp/hard/crt0.o (memset)

Allocating common symbols
Common symbol       size              file

rxbuf               0x20              Core/Src/main.o
hUsbDeviceFS        0x2d0             USB_DEVICE/App/usb_device.o
defaultTaskHandle   0x4               Core/Src/main.o
Zneg                0x1               Core/Src/main.o
htim8               0x4c              Core/Src/main.o
hpcd_USB_OTG_FS     0x408             USB_DEVICE/Target/usbd_conf.o
cnt                 0x4               Core/Src/main.o
Ypos                0x1               Core/Src/main.o
uwTick              0x4               Drivers/STM32L4xx_HAL_Driver/Src/stm32l4xx_hal.o
xQueueRegistry      0x40              Middlewares/Third_Party/FreeRTOS/Source/queue.o
htim5               0x4c              Core/Src/main.o
UserRxBufferFS      0x800             USB_DEVICE/App/usbd_cdc_if.o
htim3               0x4c              Core/Src/main.o
tim2Cnt             0x4               Core/Src/main.o
Xneg                0x1               Core/Src/main.o
tim4Cnt             0x4               Core/Src/main.o
Yneg                0x1               Core/Src/main.o
UserTxBufferFS      0x800             USB_DEVICE/App/usbd_cdc_if.o
myTask02Handle      0x4               Core/Src/main.o
feedback            0x4               Core/Src/main.o
cnt_old             0x4               Core/Src/main.o
htim1               0x4c              Core/Src/main.o
Xpos                0x1               Core/Src/main.o
xPul                0x4               Core/Src/stm32l4xx_it.o
tim5Cnt             0x4               Core/Src/main.o
myTask03Handle      0x4               Core/Src/main.o
htim2               0x4c              Core/Src/main.o
xSpeed              0x1               Core/Src/stm32l4xx_it.o
USBD_StrDesc        0x200             USB_DEVICE/App/usbd_desc.o
yPul                0x4               Core/Src/stm32l4xx_it.o
Zpos                0x1               Core/Src/main.o
ySpeed              0x1               Core/Src/stm32l4xx_it.o

Discarded input sections

[...]
Memory Configuration

Name             Origin             Length             Attributes
RAM              0x0000000020000000 0x0000000000018000 xrw
RAM2             0x0000000010000000 0x0000000000008000 xrw
FLASH            0x0000000008000000 0x0000000000100000 xr
*default*        0x0000000000000000 0xffffffffffffffff

Linker script and memory map

LOAD c:/st/stm32cubeide_1.6.1/stm32cubeide/plugins/com.st.stm32cube.ide.mcu.externaltools.gnu-tools-for-stm32.9-2020-q2-update.win32_1.5.0.202011040924/tools/bin/../lib/gcc/arm-none-eabi/9.3.1/thumb/v7e-m+fp/hard/crti.o
LOAD c:/st/stm32cubeide_1.6.1/stm32cubeide/plugins/com.st.stm32cube.ide.mcu.externaltools.gnu-tools-for-stm32.9-2020-q2-update.win32_1.5.0.202011040924/tools/bin/../lib/gcc/arm-none-eabi/9.3.1/thumb/v7e-m+fp/hard/crtbegin.o
LOAD c:/st/stm32cubeide_1.6.1/stm32cubeide/plugins/com.st.stm32cube.ide.mcu.externaltools.gnu-tools-for-stm32.9-2020-q2-update.win32_1.5.0.202011040924/tools/bin/../lib/gcc/arm-none-eabi/9.3.1/../../../../arm-none-eabi/lib/thumb/v7e-m+fp/hard/crt0.o
LOAD Core/Src/freertos.o
LOAD Core/Src/main.o
LOAD Core/Src/stm32l4xx_hal_msp.o
LOAD Core/Src/stm32l4xx_it.o
LOAD Core/Src/syscalls.o
LOAD Core/Src/sysmem.o
LOAD Core/Src/system_stm32l4xx.o
LOAD Core/Startup/startup_stm32l476vgtx.o
LOAD Drivers/STM32L4xx_HAL_Driver/Src/stm32l4xx_hal.o
LOAD Drivers/STM32L4xx_HAL_Driver/Src/stm32l4xx_hal_cortex.o
LOAD Drivers/STM32L4xx_HAL_Driver/Src/stm32l4xx_hal_dma.o
LOAD Drivers/STM32L4xx_HAL_Driver/Src/stm32l4xx_hal_dma_ex.o
LOAD Drivers/STM32L4xx_HAL_Driver/Src/stm32l4xx_hal_exti.o
LOAD Drivers/STM32L4xx_HAL_Driver/Src/stm32l4xx_hal_flash.o
LOAD Drivers/STM32L4xx_HAL_Driver/Src/stm32l4xx_hal_flash_ex.o
LOAD Drivers/STM32L4xx_HAL_Driver/Src/stm32l4xx_hal_flash_ramfunc.o
LOAD Drivers/STM32L4xx_HAL_Driver/Src/stm32l4xx_hal_gpio.o
LOAD Drivers/STM32L4xx_HAL_Driver/Src/stm32l4xx_hal_i2c.o
LOAD Drivers/STM32L4xx_HAL_Driver/Src/stm32l4xx_hal_i2c_ex.o
LOAD Drivers/STM32L4xx_HAL_Driver/Src/stm32l4xx_hal_pcd.o
LOAD Drivers/STM32L4xx_HAL_Driver/Src/stm32l4xx_hal_pcd_ex.o
LOAD Drivers/STM32L4xx_HAL_Driver/Src/stm32l4xx_hal_pwr.o
LOAD Drivers/STM32L4xx_HAL_Driver/Src/stm32l4xx_hal_pwr_ex.o
LOAD Drivers/STM32L4xx_HAL_Driver/Src/stm32l4xx_hal_rcc.o
LOAD Drivers/STM32L4xx_HAL_Driver/Src/stm32l4xx_hal_rcc_ex.o
LOAD Drivers/STM32L4xx_HAL_Driver/Src/stm32l4xx_hal_tim.o
LOAD Drivers/STM32L4xx_HAL_Driver/Src/stm32l4xx_hal_tim_ex.o
LOAD Drivers/STM32L4xx_HAL_Driver/Src/stm32l4xx_ll_usb.o
LOAD Middlewares/ST/STM32_USB_Device_Library/Class/CDC/Src/usbd_cdc.o
LOAD Middlewares/ST/STM32_USB_Device_Library/Core/Src/usbd_core.o
LOAD Middlewares/ST/STM32_USB_Device_Library/Core/Src/usbd_ctlreq.o
LOAD Middlewares/ST/STM32_USB_Device_Library/Core/Src/usbd_ioreq.o
LOAD Middlewares/Third_Party/FreeRTOS/Source/CMSIS_RTOS_V2/cmsis_os2.o
LOAD Middlewares/Third_Party/FreeRTOS/Source/croutine.o
LOAD Middlewares/Third_Party/FreeRTOS/Source/event_groups.o
LOAD Middlewares/Third_Party/FreeRTOS/Source/list.o
LOAD Middlewares/Third_Party/FreeRTOS/Source/queue.o
LOAD Middlewares/Third_Party/FreeRTOS/Source/stream_buffer.o
LOAD Middlewares/Third_Party/FreeRTOS/Source/tasks.o
LOAD Middlewares/Third_Party/FreeRTOS/Source/timers.o
LOAD Middlewares/Third_Party/FreeRTOS/Source/portable/GCC/ARM_CM4F/port.o
LOAD Middlewares/Third_Party/FreeRTOS/Source/portable/MemMang/heap_4.o
LOAD USB_DEVICE/App/usb_device.o
LOAD USB_DEVICE/App/usbd_cdc_if.o
LOAD USB_DEVICE/App/usbd_desc.o
LOAD USB_DEVICE/Target/usbd_conf.o
START GROUP
LOAD c:/st/stm32cubeide_1.6.1/stm32cubeide/plugins/com.st.stm32cube.ide.mcu.externaltools.gnu-tools-for-stm32.9-2020-q2-update.win32_1.5.0.202011040924/tools/bin/../lib/gcc/arm-none-eabi/9.3.1/../../../../arm-none-eabi/lib/thumb/v7e-m+fp/hard\libc_nano.a
LOAD c:/st/stm32cubeide_1.6.1/stm32cubeide/plugins/com.st.stm32cube.ide.mcu.externaltools.gnu-tools-for-stm32.9-2020-q2-update.win32_1.5.0.202011040924/tools/bin/../lib/gcc/arm-none-eabi/9.3.1/../../../../arm-none-eabi/lib/thumb/v7e-m+fp/hard\libm.a
END GROUP
START GROUP
LOAD c:/st/stm32cubeide_1.6.1/stm32cubeide/plugins/com.st.stm32cube.ide.mcu.externaltools.gnu-tools-for-stm32.9-2020-q2-update.win32_1.5.0.202011040924/tools/bin/../lib/gcc/arm-none-eabi/9.3.1/thumb/v7e-m+fp/hard\libgcc.a
LOAD c:/st/stm32cubeide_1.6.1/stm32cubeide/plugins/com.st.stm32cube.ide.mcu.externaltools.gnu-tools-for-stm32.9-2020-q2-update.win32_1.5.0.202011040924/tools/bin/../lib/gcc/arm-none-eabi/9.3.1/../../../../arm-none-eabi/lib/thumb/v7e-m+fp/hard\libc_nano.a
END GROUP
START GROUP
LOAD c:/st/stm32cubeide_1.6.1/stm32cubeide/plugins/com.st.stm32cube.ide.mcu.externaltools.gnu-tools-for-stm32.9-2020-q2-update.win32_1.5.0.202011040924/tools/bin/../lib/gcc/arm-none-eabi/9.3.1/thumb/v7e-m+fp/hard\libgcc.a
LOAD c:/st/stm32cubeide_1.6.1/stm32cubeide/plugins/com.st.stm32cube.ide.mcu.externaltools.gnu-tools-for-stm32.9-2020-q2-update.win32_1.5.0.202011040924/tools/bin/../lib/gcc/arm-none-eabi/9.3.1/../../../../arm-none-eabi/lib/thumb/v7e-m+fp/hard\libc_nano.a
LOAD c:/st/stm32cubeide_1.6.1/stm32cubeide/plugins/com.st.stm32cube.ide.mcu.externaltools.gnu-tools-for-stm32.9-2020-q2-update.win32_1.5.0.202011040924/tools/bin/../lib/gcc/arm-none-eabi/9.3.1/../../../../arm-none-eabi/lib/thumb/v7e-m+fp/hard\libnosys.a
END GROUP
START GROUP
LOAD c:/st/stm32cubeide_1.6.1/stm32cubeide/plugins/com.st.stm32cube.ide.mcu.externaltools.gnu-tools-for-stm32.9-2020-q2-update.win32_1.5.0.202011040924/tools/bin/../lib/gcc/arm-none-eabi/9.3.1/thumb/v7e-m+fp/hard\libgcc.a
LOAD c:/st/stm32cubeide_1.6.1/stm32cubeide/plugins/com.st.stm32cube.ide.mcu.externaltools.gnu-tools-for-stm32.9-2020-q2-update.win32_1.5.0.202011040924/tools/bin/../lib/gcc/arm-none-eabi/9.3.1/../../../../arm-none-eabi/lib/thumb/v7e-m+fp/hard\libc_nano.a
LOAD c:/st/stm32cubeide_1.6.1/stm32cubeide/plugins/com.st.stm32cube.ide.mcu.externaltools.gnu-tools-for-stm32.9-2020-q2-update.win32_1.5.0.202011040924/tools/bin/../lib/gcc/arm-none-eabi/9.3.1/../../../../arm-none-eabi/lib/thumb/v7e-m+fp/hard\libnosys.a
END GROUP
LOAD c:/st/stm32cubeide_1.6.1/stm32cubeide/plugins/com.st.stm32cube.ide.mcu.externaltools.gnu-tools-for-stm32.9-2020-q2-update.win32_1.5.0.202011040924/tools/bin/../lib/gcc/arm-none-eabi/9.3.1/thumb/v7e-m+fp/hard/crtend.o
LOAD c:/st/stm32cubeide_1.6.1/stm32cubeide/plugins/com.st.stm32cube.ide.mcu.externaltools.gnu-tools-for-stm32.9-2020-q2-update.win32_1.5.0.202011040924/tools/bin/../lib/gcc/arm-none-eabi/9.3.1/thumb/v7e-m+fp/hard/crtn.o
                0x0000000020018000                _estack = (ORIGIN (RAM) + LENGTH (RAM))
                0x0000000000000200                _Min_Heap_Size = 0x200
                0x0000000000000400                _Min_Stack_Size = 0x400

.isr_vector     0x0000000008000000      0x188
                0x0000000008000000                . = ALIGN (0x4)
 *(.isr_vector)
 .isr_vector    0x0000000008000000      0x188 Core/Startup/startup_stm32l476vgtx.o
                0x0000000008000000                g_pfnVectors
                0x0000000008000188                . = ALIGN (0x4)

.text           0x0000000008000190     0xb068
                0x0000000008000190                . = ALIGN (0x4)
 *(.text)
 .text          0x0000000008000190       0x40 c:/st/stm32cubeide_1.6.1/stm32cubeide/plugins/com.st.stm32cube.ide.mcu.externaltools.gnu-tools-for-stm32.9-2020-q2-update.win32_1.5.0.202011040924/tools/bin/../lib/gcc/arm-none-eabi/9.3.1/thumb/v7e-m+fp/hard/crtbegin.o
 *(.text*)
 .text.main     0x00000000080001d0       0xd8 Core/Src/main.o
                0x00000000080001d0                main
 .text.SystemClock_Config
                0x00000000080002a8      0x110 Core/Src/main.o
                0x00000000080002a8                SystemClock_Config
 .text.MX_TIM1_Init
                0x00000000080003b8       0xa4 Core/Src/main.o
 .text.MX_TIM2_Init
                0x000000000800045c       0xa8 Core/Src/main.o
 .text.MX_TIM3_Init
                0x0000000008000504       0xac Core/Src/main.o
 .text.MX_TIM5_Init
                0x00000000080005b0       0xac Core/Src/main.o
 .text.MX_TIM8_Init
                0x000000000800065c       0xb4 Core/Src/main.o
 .text.MX_GPIO_Init
                0x0000000008000710      0x208 Core/Src/main.o
 .text.HAL_TIM_PeriodElapsedCallback
                0x0000000008000918       0x60 Core/Src/main.o
                0x0000000008000918                HAL_TIM_PeriodElapsedCallback
 .text.CDC_ReceiveCallback
                0x0000000008000978       0x44 Core/Src/main.o
                0x0000000008000978                CDC_ReceiveCallback
 .text.StartDefaultTask
                0x00000000080009bc      0x184 Core/Src/main.o
                0x00000000080009bc                StartDefaultTask
 .text.StartTask02
                0x0000000008000b40       0xc0 Core/Src/main.o
                0x0000000008000b40                StartTask02
 .text.StartTask03
                0x0000000008000c00       0x10 Core/Src/main.o
                0x0000000008000c00                StartTask03
 .text.Error_Handler
                0x0000000008000c10        0xa Core/Src/main.o
                0x0000000008000c10                Error_Handler
 *fill*         0x0000000008000c1a        0x2 
 .text.HAL_MspInit
                0x0000000008000c1c       0x50 Core/Src/stm32l4xx_hal_msp.o
                0x0000000008000c1c                HAL_MspInit
 .text.HAL_TIM_Base_MspInit
                0x0000000008000c6c       0x6c Core/Src/stm32l4xx_hal_msp.o
                0x0000000008000c6c                HAL_TIM_Base_MspInit
 .text.HAL_TIM_Encoder_MspInit
                0x0000000008000cd8      0x1f8 Core/Src/stm32l4xx_hal_msp.o
                0x0000000008000cd8                HAL_TIM_Encoder_MspInit
 .text.NMI_Handler
                0x0000000008000ed0        0x6 Core/Src/stm32l4xx_it.o
                0x0000000008000ed0                NMI_Handler
 .text.HardFault_Handler
                0x0000000008000ed6        0x6 Core/Src/stm32l4xx_it.o
                0x0000000008000ed6                HardFault_Handler
 .text.MemManage_Handler
                0x0000000008000edc        0x6 Core/Src/stm32l4xx_it.o
                0x0000000008000edc                MemManage_Handler
 .text.BusFault_Handler
                0x0000000008000ee2        0x6 Core/Src/stm32l4xx_it.o
                0x0000000008000ee2                BusFault_Handler
 .text.UsageFault_Handler
                0x0000000008000ee8        0x6 Core/Src/stm32l4xx_it.o
                0x0000000008000ee8                UsageFault_Handler
 .text.DebugMon_Handler
                0x0000000008000eee        0xe Core/Src/stm32l4xx_it.o
                0x0000000008000eee                DebugMon_Handler
 .text.SysTick_Handler
                0x0000000008000efc       0x1a Core/Src/stm32l4xx_it.o
                0x0000000008000efc                SysTick_Handler
 *fill*         0x0000000008000f16        0x2 
 .text.TIM1_BRK_TIM15_IRQHandler
                0x0000000008000f18       0x14 Core/Src/stm32l4xx_it.o
                0x0000000008000f18                TIM1_BRK_TIM15_IRQHandler
 .text.TIM1_UP_TIM16_IRQHandler
                0x0000000008000f2c      0x120 Core/Src/stm32l4xx_it.o
                0x0000000008000f2c                TIM1_UP_TIM16_IRQHandler
 .text.TIM1_TRG_COM_TIM17_IRQHandler
                0x000000000800104c       0x14 Core/Src/stm32l4xx_it.o
                0x000000000800104c                TIM1_TRG_COM_TIM17_IRQHandler
 .text.TIM2_IRQHandler
                0x0000000008001060       0x14 Core/Src/stm32l4xx_it.o
                0x0000000008001060                TIM2_IRQHandler
 .text.EXTI15_10_IRQHandler
                0x0000000008001074       0x30 Core/Src/stm32l4xx_it.o
                0x0000000008001074                EXTI15_10_IRQHandler
 .text.OTG_FS_IRQHandler
                0x00000000080010a4       0x14 Core/Src/stm32l4xx_it.o
                0x00000000080010a4                OTG_FS_IRQHandler
 .text.HAL_GPIO_EXTI_Callback
                0x00000000080010b8       0x16 Core/Src/stm32l4xx_it.o
                0x00000000080010b8                HAL_GPIO_EXTI_Callback
 *fill*         0x00000000080010ce        0x2 
 .text.SystemInit
                0x00000000080010d0       0x64 Core/Src/system_stm32l4xx.o
                0x00000000080010d0                SystemInit
 .text.Reset_Handler
                0x0000000008001134       0x50 Core/Startup/startup_stm32l476vgtx.o
                0x0000000008001134                Reset_Handler
 .text.Default_Handler
                0x0000000008001184        0x2 Core/Startup/startup_stm32l476vgtx.o
                0x0000000008001184                RTC_Alarm_IRQHandler
                0x0000000008001184                EXTI2_IRQHandler
                0x0000000008001184                TIM8_TRG_COM_IRQHandler
                0x0000000008001184                TIM8_CC_IRQHandler
                0x0000000008001184                TIM1_CC_IRQHandler
                0x0000000008001184                TSC_IRQHandler
                0x0000000008001184                TAMP_STAMP_IRQHandler
                0x0000000008001184                EXTI3_IRQHandler
                0x0000000008001184                LPTIM2_IRQHandler
                0x0000000008001184                DFSDM1_FLT1_IRQHandler
                0x0000000008001184                I2C3_ER_IRQHandler
                0x0000000008001184                DFSDM1_FLT2_IRQHandler
                0x0000000008001184                EXTI0_IRQHandler
                0x0000000008001184                I2C2_EV_IRQHandler
                0x0000000008001184                CAN1_RX0_IRQHandler
                0x0000000008001184                FPU_IRQHandler
                0x0000000008001184                ADC1_2_IRQHandler
                0x0000000008001184                SPI1_IRQHandler
                0x0000000008001184                TIM6_DAC_IRQHandler
                0x0000000008001184                TIM8_UP_IRQHandler
                0x0000000008001184                DMA2_Channel2_IRQHandler
                0x0000000008001184                DMA1_Channel4_IRQHandler
                0x0000000008001184                SAI2_IRQHandler
                0x0000000008001184                DFSDM1_FLT3_IRQHandler
                0x0000000008001184                USART3_IRQHandler
                0x0000000008001184                DMA1_Channel7_IRQHandler
                0x0000000008001184                CAN1_RX1_IRQHandler
                0x0000000008001184                LCD_IRQHandler
                0x0000000008001184                UART5_IRQHandler
                0x0000000008001184                ADC3_IRQHandler
                0x0000000008001184                TIM4_IRQHandler
                0x0000000008001184                DMA2_Channel1_IRQHandler
                0x0000000008001184                QUADSPI_IRQHandler
                0x0000000008001184                I2C1_EV_IRQHandler
                0x0000000008001184                DMA1_Channel6_IRQHandler
                0x0000000008001184                UART4_IRQHandler
                0x0000000008001184                DMA2_Channel4_IRQHandler
                0x0000000008001184                TIM3_IRQHandler
                0x0000000008001184                RCC_IRQHandler
                0x0000000008001184                DMA1_Channel1_IRQHandler
                0x0000000008001184                Default_Handler
                0x0000000008001184                DMA2_Channel7_IRQHandler
                0x0000000008001184                TIM7_IRQHandler
                0x0000000008001184                SDMMC1_IRQHandler
                0x0000000008001184                TIM5_IRQHandler
                0x0000000008001184                I2C3_EV_IRQHandler
                0x0000000008001184                EXTI9_5_IRQHandler
                0x0000000008001184                RTC_WKUP_IRQHandler
                0x0000000008001184                PVD_PVM_IRQHandler
                0x0000000008001184                SPI2_IRQHandler
                0x0000000008001184                CAN1_TX_IRQHandler
                0x0000000008001184                DMA2_Channel5_IRQHandler
                0x0000000008001184                DMA1_Channel5_IRQHandler
                0x0000000008001184                EXTI4_IRQHandler
                0x0000000008001184                RNG_IRQHandler
                0x0000000008001184                DMA1_Channel3_IRQHandler
                0x0000000008001184                COMP_IRQHandler
                0x0000000008001184                WWDG_IRQHandler
                0x0000000008001184                LPUART1_IRQHandler
                0x0000000008001184                DMA2_Channel6_IRQHandler
                0x0000000008001184                EXTI1_IRQHandler
                0x0000000008001184                USART2_IRQHandler
                0x0000000008001184                DFSDM1_FLT0_IRQHandler
                0x0000000008001184                I2C2_ER_IRQHandler
                0x0000000008001184                DMA1_Channel2_IRQHandler
                0x0000000008001184                TIM8_BRK_IRQHandler
                0x0000000008001184                CAN1_SCE_IRQHandler
                0x0000000008001184                FLASH_IRQHandler
                0x0000000008001184                USART1_IRQHandler
                0x0000000008001184                SPI3_IRQHandler
                0x0000000008001184                I2C1_ER_IRQHandler
                0x0000000008001184                FMC_IRQHandler
                0x0000000008001184                SWPMI1_IRQHandler
                0x0000000008001184                LPTIM1_IRQHandler
                0x0000000008001184                SAI1_IRQHandler
                0x0000000008001184                DMA2_Channel3_IRQHandler
 .text.HAL_Init
                0x0000000008001186       0x30 Drivers/STM32L4xx_HAL_Driver/Src/stm32l4xx_hal.o
                0x0000000008001186                HAL_Init
 *fill*         0x00000000080011b6        0x2 
 .text.HAL_InitTick
                0x00000000080011b8       0x78 Drivers/STM32L4xx_HAL_Driver/Src/stm32l4xx_hal.o
                0x00000000080011b8                HAL_InitTick
 .text.HAL_IncTick
                0x0000000008001230       0x28 Drivers/STM32L4xx_HAL_Driver/Src/stm32l4xx_hal.o
                0x0000000008001230                HAL_IncTick
 .text.HAL_GetTick
                0x0000000008001258       0x18 Drivers/STM32L4xx_HAL_Driver/Src/stm32l4xx_hal.o
                0x0000000008001258                HAL_GetTick
 .text.HAL_Delay
                0x0000000008001270       0x48 Drivers/STM32L4xx_HAL_Driver/Src/stm32l4xx_hal.o
                0x0000000008001270                HAL_Delay
 .text.__NVIC_SetPriorityGrouping
                0x00000000080012b8       0x48 Drivers/STM32L4xx_HAL_Driver/Src/stm32l4xx_hal_cortex.o
 .text.__NVIC_GetPriorityGrouping
                0x0000000008001300       0x1c Drivers/STM32L4xx_HAL_Driver/Src/stm32l4xx_hal_cortex.o
 .text.__NVIC_EnableIRQ
                0x000000000800131c       0x3c Drivers/STM32L4xx_HAL_Driver/Src/stm32l4xx_hal_cortex.o
 .text.__NVIC_SetPriority
                0x0000000008001358       0x54 Drivers/STM32L4xx_HAL_Driver/Src/stm32l4xx_hal_cortex.o
 .text.NVIC_EncodePriority
                0x00000000080013ac       0x66 Drivers/STM32L4xx_HAL_Driver/Src/stm32l4xx_hal_cortex.o
 *fill*         0x0000000008001412        0x2 
 .text.SysTick_Config
                0x0000000008001414       0x44 Drivers/STM32L4xx_HAL_Driver/Src/stm32l4xx_hal_cortex.o
 .text.HAL_NVIC_SetPriorityGrouping
                0x0000000008001458       0x16 Drivers/STM32L4xx_HAL_Driver/Src/stm32l4xx_hal_cortex.o
                0x0000000008001458                HAL_NVIC_SetPriorityGrouping
 .text.HAL_NVIC_SetPriority
                0x000000000800146e       0x38 Drivers/STM32L4xx_HAL_Driver/Src/stm32l4xx_hal_cortex.o
                0x000000000800146e                HAL_NVIC_SetPriority
 .text.HAL_NVIC_EnableIRQ
                0x00000000080014a6       0x1c Drivers/STM32L4xx_HAL_Driver/Src/stm32l4xx_hal_cortex.o
                0x00000000080014a6                HAL_NVIC_EnableIRQ
 .text.HAL_SYSTICK_Config
                0x00000000080014c2       0x18 Drivers/STM32L4xx_HAL_Driver/Src/stm32l4xx_hal_cortex.o
                0x00000000080014c2                HAL_SYSTICK_Config
 *fill*         0x00000000080014da        0x2 
 .text.HAL_GPIO_Init
                0x00000000080014dc      0x354 Drivers/STM32L4xx_HAL_Driver/Src/stm32l4xx_hal_gpio.o
                0x00000000080014dc                HAL_GPIO_Init
 .text.HAL_GPIO_ReadPin
                0x0000000008001830       0x30 Drivers/STM32L4xx_HAL_Driver/Src/stm32l4xx_hal_gpio.o
                0x0000000008001830                HAL_GPIO_ReadPin
 .text.HAL_GPIO_WritePin
                0x0000000008001860       0x30 Drivers/STM32L4xx_HAL_Driver/Src/stm32l4xx_hal_gpio.o
                0x0000000008001860                HAL_GPIO_WritePin
 .text.HAL_GPIO_TogglePin
                0x0000000008001890       0x34 Drivers/STM32L4xx_HAL_Driver/Src/stm32l4xx_hal_gpio.o
                0x0000000008001890                HAL_GPIO_TogglePin
 .text.HAL_GPIO_EXTI_IRQHandler
                0x00000000080018c4       0x30 Drivers/STM32L4xx_HAL_Driver/Src/stm32l4xx_hal_gpio.o
                0x00000000080018c4                HAL_GPIO_EXTI_IRQHandler
 .text.HAL_I2CEx_EnableFastModePlus
                0x00000000080018f4       0x40 Drivers/STM32L4xx_HAL_Driver/Src/stm32l4xx_hal_i2c_ex.o
                0x00000000080018f4                HAL_I2CEx_EnableFastModePlus
 .text.HAL_PCD_Init
                0x0000000008001934      0x248 Drivers/STM32L4xx_HAL_Driver/Src/stm32l4xx_hal_pcd.o
                0x0000000008001934                HAL_PCD_Init
 .text.HAL_PCD_Start
                0x0000000008001b7c       0x5e Drivers/STM32L4xx_HAL_Driver/Src/stm32l4xx_hal_pcd.o
                0x0000000008001b7c                HAL_PCD_Start
 .text.HAL_PCD_IRQHandler
                0x0000000008001bda      0x748 Drivers/STM32L4xx_HAL_Driver/Src/stm32l4xx_hal_pcd.o
                0x0000000008001bda                HAL_PCD_IRQHandler
 .text.HAL_PCD_SetAddress
                0x0000000008002322       0x4a Drivers/STM32L4xx_HAL_Driver/Src/stm32l4xx_hal_pcd.o
                0x0000000008002322                HAL_PCD_SetAddress
 .text.HAL_PCD_EP_Open
                0x000000000800236c       0xd0 Drivers/STM32L4xx_HAL_Driver/Src/stm32l4xx_hal_pcd.o
                0x000000000800236c                HAL_PCD_EP_Open
 .text.HAL_PCD_EP_Close
                0x000000000800243c       0x94 Drivers/STM32L4xx_HAL_Driver/Src/stm32l4xx_hal_pcd.o
                0x000000000800243c                HAL_PCD_EP_Close
 .text.HAL_PCD_EP_Receive
                0x00000000080024d0       0x7c Drivers/STM32L4xx_HAL_Driver/Src/stm32l4xx_hal_pcd.o
                0x00000000080024d0                HAL_PCD_EP_Receive
 .text.HAL_PCD_EP_GetRxCount
                0x000000000800254c       0x30 Drivers/STM32L4xx_HAL_Driver/Src/stm32l4xx_hal_pcd.o
                0x000000000800254c                HAL_PCD_EP_GetRxCount
 .text.HAL_PCD_EP_Transmit
                0x000000000800257c       0x7a Drivers/STM32L4xx_HAL_Driver/Src/stm32l4xx_hal_pcd.o
                0x000000000800257c                HAL_PCD_EP_Transmit
 .text.HAL_PCD_EP_SetStall
                0x00000000080025f6       0xc4 Drivers/STM32L4xx_HAL_Driver/Src/stm32l4xx_hal_pcd.o
                0x00000000080025f6                HAL_PCD_EP_SetStall
 .text.HAL_PCD_EP_ClrStall
                0x00000000080026ba       0xac Drivers/STM32L4xx_HAL_Driver/Src/stm32l4xx_hal_pcd.o
                0x00000000080026ba                HAL_PCD_EP_ClrStall
 .text.PCD_WriteEmptyTxFifo
                0x0000000008002766      0x110 Drivers/STM32L4xx_HAL_Driver/Src/stm32l4xx_hal_pcd.o
 *fill*         0x0000000008002876        0x2 
 .text.PCD_EP_OutXfrComplete_int
                0x0000000008002878       0x9c Drivers/STM32L4xx_HAL_Driver/Src/stm32l4xx_hal_pcd.o
 .text.PCD_EP_OutSetupPacket_int
                0x0000000008002914       0x68 Drivers/STM32L4xx_HAL_Driver/Src/stm32l4xx_hal_pcd.o
 .text.HAL_PCDEx_SetTxFiFo
                0x000000000800297c       0x8e Drivers/STM32L4xx_HAL_Driver/Src/stm32l4xx_hal_pcd_ex.o
                0x000000000800297c                HAL_PCDEx_SetTxFiFo
 .text.HAL_PCDEx_SetRxFiFo
                0x0000000008002a0a       0x22 Drivers/STM32L4xx_HAL_Driver/Src/stm32l4xx_hal_pcd_ex.o
                0x0000000008002a0a                HAL_PCDEx_SetRxFiFo
 .text.HAL_PCDEx_ActivateLPM
                0x0000000008002a2c       0x48 Drivers/STM32L4xx_HAL_Driver/Src/stm32l4xx_hal_pcd_ex.o
                0x0000000008002a2c                HAL_PCDEx_ActivateLPM
 .text.HAL_PWREx_GetVoltageRange
                0x0000000008002a74       0x1c Drivers/STM32L4xx_HAL_Driver/Src/stm32l4xx_hal_pwr_ex.o
                0x0000000008002a74                HAL_PWREx_GetVoltageRange
 .text.HAL_PWREx_ControlVoltageScaling
                0x0000000008002a90       0xac Drivers/STM32L4xx_HAL_Driver/Src/stm32l4xx_hal_pwr_ex.o
                0x0000000008002a90                HAL_PWREx_ControlVoltageScaling
 .text.HAL_PWREx_EnableVddUSB
                0x0000000008002b3c       0x20 Drivers/STM32L4xx_HAL_Driver/Src/stm32l4xx_hal_pwr_ex.o
                0x0000000008002b3c                HAL_PWREx_EnableVddUSB
 .text.HAL_RCC_OscConfig
                0x0000000008002b5c      0x7cc Drivers/STM32L4xx_HAL_Driver/Src/stm32l4xx_hal_rcc.o
                0x0000000008002b5c                HAL_RCC_OscConfig
 .text.HAL_RCC_ClockConfig
                0x0000000008003328      0x1c4 Drivers/STM32L4xx_HAL_Driver/Src/stm32l4xx_hal_rcc.o
                0x0000000008003328                HAL_RCC_ClockConfig
 .text.HAL_RCC_GetSysClockFreq
                0x00000000080034ec      0x118 Drivers/STM32L4xx_HAL_Driver/Src/stm32l4xx_hal_rcc.o
                0x00000000080034ec                HAL_RCC_GetSysClockFreq
 .text.HAL_RCC_GetHCLKFreq
                0x0000000008003604       0x18 Drivers/STM32L4xx_HAL_Driver/Src/stm32l4xx_hal_rcc.o
                0x0000000008003604                HAL_RCC_GetHCLKFreq
 .text.RCC_SetFlashLatencyFromMSIRange
                0x000000000800361c       0xc0 Drivers/STM32L4xx_HAL_Driver/Src/stm32l4xx_hal_rcc.o
 .text.HAL_RCCEx_PeriphCLKConfig
                0x00000000080036dc      0x5d4 Drivers/STM32L4xx_HAL_Driver/Src/stm32l4xx_hal_rcc_ex.o
                0x00000000080036dc                HAL_RCCEx_PeriphCLKConfig
 .text.RCCEx_PLLSAI1_Config
                0x0000000008003cb0      0x1e8 Drivers/STM32L4xx_HAL_Driver/Src/stm32l4xx_hal_rcc_ex.o
 .text.RCCEx_PLLSAI2_Config
                0x0000000008003e98      0x1bc Drivers/STM32L4xx_HAL_Driver/Src/stm32l4xx_hal_rcc_ex.o
 .text.HAL_TIM_Base_Init
                0x0000000008004054       0xae Drivers/STM32L4xx_HAL_Driver/Src/stm32l4xx_hal_tim.o
                0x0000000008004054                HAL_TIM_Base_Init
 *fill*         0x0000000008004102        0x2 
 .text.HAL_TIM_Base_Start_IT
                0x0000000008004104       0xe0 Drivers/STM32L4xx_HAL_Driver/Src/stm32l4xx_hal_tim.o
                0x0000000008004104                HAL_TIM_Base_Start_IT
 .text.HAL_TIM_Encoder_Init
                0x00000000080041e4      0x14c Drivers/STM32L4xx_HAL_Driver/Src/stm32l4xx_hal_tim.o
                0x00000000080041e4                HAL_TIM_Encoder_Init
 .text.HAL_TIM_Encoder_Start
                0x0000000008004330      0x11c Drivers/STM32L4xx_HAL_Driver/Src/stm32l4xx_hal_tim.o
                0x0000000008004330                HAL_TIM_Encoder_Start
 .text.HAL_TIM_IRQHandler
                0x000000000800444c      0x23e Drivers/STM32L4xx_HAL_Driver/Src/stm32l4xx_hal_tim.o
                0x000000000800444c                HAL_TIM_IRQHandler
 .text.HAL_TIM_ConfigClockSource
                0x000000000800468a      0x18c Drivers/STM32L4xx_HAL_Driver/Src/stm32l4xx_hal_tim.o
                0x000000000800468a                HAL_TIM_ConfigClockSource
 .text.HAL_TIM_OC_DelayElapsedCallback
                0x0000000008004816       0x14 Drivers/STM32L4xx_HAL_Driver/Src/stm32l4xx_hal_tim.o
                0x0000000008004816                HAL_TIM_OC_DelayElapsedCallback
 .text.HAL_TIM_IC_CaptureCallback
                0x000000000800482a       0x14 Drivers/STM32L4xx_HAL_Driver/Src/stm32l4xx_hal_tim.o
                0x000000000800482a                HAL_TIM_IC_CaptureCallback
 .text.HAL_TIM_PWM_PulseFinishedCallback
                0x000000000800483e       0x14 Drivers/STM32L4xx_HAL_Driver/Src/stm32l4xx_hal_tim.o
                0x000000000800483e                HAL_TIM_PWM_PulseFinishedCallback
 .text.HAL_TIM_TriggerCallback
                0x0000000008004852       0x14 Drivers/STM32L4xx_HAL_Driver/Src/stm32l4xx_hal_tim.o
                0x0000000008004852                HAL_TIM_TriggerCallback
 *fill*         0x0000000008004866        0x2 
 .text.TIM_Base_SetConfig
                0x0000000008004868      0x134 Drivers/STM32L4xx_HAL_Driver/Src/stm32l4xx_hal_tim.o
                0x0000000008004868                TIM_Base_SetConfig
 .text.TIM_TI1_ConfigInputStage
                0x000000000800499c       0x5e Drivers/STM32L4xx_HAL_Driver/Src/stm32l4xx_hal_tim.o
 .text.TIM_TI2_ConfigInputStage
                0x00000000080049fa       0x60 Drivers/STM32L4xx_HAL_Driver/Src/stm32l4xx_hal_tim.o
 .text.TIM_ITRx_SetConfig
                0x0000000008004a5a       0x36 Drivers/STM32L4xx_HAL_Driver/Src/stm32l4xx_hal_tim.o
 .text.TIM_ETR_SetConfig
                0x0000000008004a90       0x40 Drivers/STM32L4xx_HAL_Driver/Src/stm32l4xx_hal_tim.o
                0x0000000008004a90                TIM_ETR_SetConfig
 .text.TIM_CCxChannelCmd
                0x0000000008004ad0       0x4a Drivers/STM32L4xx_HAL_Driver/Src/stm32l4xx_hal_tim.o
                0x0000000008004ad0                TIM_CCxChannelCmd
 *fill*         0x0000000008004b1a        0x2 
 .text.HAL_TIMEx_MasterConfigSynchronization
                0x0000000008004b1c      0x110 Drivers/STM32L4xx_HAL_Driver/Src/stm32l4xx_hal_tim_ex.o
                0x0000000008004b1c                HAL_TIMEx_MasterConfigSynchronization
 .text.HAL_TIMEx_CommutCallback
                0x0000000008004c2c       0x14 Drivers/STM32L4xx_HAL_Driver/Src/stm32l4xx_hal_tim_ex.o
                0x0000000008004c2c                HAL_TIMEx_CommutCallback
 .text.HAL_TIMEx_BreakCallback
                0x0000000008004c40       0x14 Drivers/STM32L4xx_HAL_Driver/Src/stm32l4xx_hal_tim_ex.o
                0x0000000008004c40                HAL_TIMEx_BreakCallback
 .text.HAL_TIMEx_Break2Callback
                0x0000000008004c54       0x14 Drivers/STM32L4xx_HAL_Driver/Src/stm32l4xx_hal_tim_ex.o
                0x0000000008004c54                HAL_TIMEx_Break2Callback
 .text.USB_CoreInit
                0x0000000008004c68       0x58 Drivers/STM32L4xx_HAL_Driver/Src/stm32l4xx_ll_usb.o
                0x0000000008004c68                USB_CoreInit
 .text.USB_SetTurnaroundTime
                0x0000000008004cc0      0x138 Drivers/STM32L4xx_HAL_Driver/Src/stm32l4xx_ll_usb.o
                0x0000000008004cc0                USB_SetTurnaroundTime
 .text.USB_EnableGlobalInt
                0x0000000008004df8       0x22 Drivers/STM32L4xx_HAL_Driver/Src/stm32l4xx_ll_usb.o
                0x0000000008004df8                USB_EnableGlobalInt
 .text.USB_DisableGlobalInt
                0x0000000008004e1a       0x22 Drivers/STM32L4xx_HAL_Driver/Src/stm32l4xx_ll_usb.o
                0x0000000008004e1a                USB_DisableGlobalInt
 .text.USB_SetCurrentMode
                0x0000000008004e3c       0x54 Drivers/STM32L4xx_HAL_Driver/Src/stm32l4xx_ll_usb.o
                0x0000000008004e3c                USB_SetCurrentMode
 .text.USB_DevInit
                0x0000000008004e90      0x298 Drivers/STM32L4xx_HAL_Driver/Src/stm32l4xx_ll_usb.o
                0x0000000008004e90                USB_DevInit
 .text.USB_FlushTxFifo
                0x0000000008005128       0x4c Drivers/STM32L4xx_HAL_Driver/Src/stm32l4xx_ll_usb.o
                0x0000000008005128                USB_FlushTxFifo
 .text.USB_FlushRxFifo
                0x0000000008005174       0x44 Drivers/STM32L4xx_HAL_Driver/Src/stm32l4xx_ll_usb.o
                0x0000000008005174                USB_FlushRxFifo
 .text.USB_SetDevSpeed
                0x00000000080051b8       0x32 Drivers/STM32L4xx_HAL_Driver/Src/stm32l4xx_ll_usb.o
                0x00000000080051b8                USB_SetDevSpeed
 .text.USB_GetDevSpeed
                0x00000000080051ea       0x3e Drivers/STM32L4xx_HAL_Driver/Src/stm32l4xx_ll_usb.o
                0x00000000080051ea                USB_GetDevSpeed
 .text.USB_ActivateEndpoint
                0x0000000008005228      0x10e Drivers/STM32L4xx_HAL_Driver/Src/stm32l4xx_ll_usb.o
                0x0000000008005228                USB_ActivateEndpoint
 *fill*         0x0000000008005336        0x2 
 .text.USB_DeactivateEndpoint
                0x0000000008005338      0x1b8 Drivers/STM32L4xx_HAL_Driver/Src/stm32l4xx_ll_usb.o
                0x0000000008005338                USB_DeactivateEndpoint
 .text.USB_EPStartXfer
                0x00000000080054f0      0x3b8 Drivers/STM32L4xx_HAL_Driver/Src/stm32l4xx_ll_usb.o
                0x00000000080054f0                USB_EPStartXfer
 .text.USB_EP0StartXfer
                0x00000000080058a8      0x23c Drivers/STM32L4xx_HAL_Driver/Src/stm32l4xx_ll_usb.o
                0x00000000080058a8                USB_EP0StartXfer
 .text.USB_WritePacket
                0x0000000008005ae4       0x62 Drivers/STM32L4xx_HAL_Driver/Src/stm32l4xx_ll_usb.o
                0x0000000008005ae4                USB_WritePacket
 .text.USB_ReadPacket
                0x0000000008005b46       0x52 Drivers/STM32L4xx_HAL_Driver/Src/stm32l4xx_ll_usb.o
                0x0000000008005b46                USB_ReadPacket
 .text.USB_EPSetStall
                0x0000000008005b98       0xdc Drivers/STM32L4xx_HAL_Driver/Src/stm32l4xx_ll_usb.o
                0x0000000008005b98                USB_EPSetStall
 .text.USB_EPClearStall
                0x0000000008005c74       0xcc Drivers/STM32L4xx_HAL_Driver/Src/stm32l4xx_ll_usb.o
                0x0000000008005c74                USB_EPClearStall
 .text.USB_SetDevAddress
                0x0000000008005d40       0x4c Drivers/STM32L4xx_HAL_Driver/Src/stm32l4xx_ll_usb.o
                0x0000000008005d40                USB_SetDevAddress
 .text.USB_DevConnect
                0x0000000008005d8c       0x42 Drivers/STM32L4xx_HAL_Driver/Src/stm32l4xx_ll_usb.o
                0x0000000008005d8c                USB_DevConnect
 .text.USB_DevDisconnect
                0x0000000008005dce       0x42 Drivers/STM32L4xx_HAL_Driver/Src/stm32l4xx_ll_usb.o
                0x0000000008005dce                USB_DevDisconnect
 .text.USB_ReadInterrupts
                0x0000000008005e10       0x26 Drivers/STM32L4xx_HAL_Driver/Src/stm32l4xx_ll_usb.o
                0x0000000008005e10                USB_ReadInterrupts
 .text.USB_ReadDevAllOutEpInterrupt
                0x0000000008005e36       0x34 Drivers/STM32L4xx_HAL_Driver/Src/stm32l4xx_ll_usb.o
                0x0000000008005e36                USB_ReadDevAllOutEpInterrupt
 .text.USB_ReadDevAllInEpInterrupt
                0x0000000008005e6a       0x34 Drivers/STM32L4xx_HAL_Driver/Src/stm32l4xx_ll_usb.o
                0x0000000008005e6a                USB_ReadDevAllInEpInterrupt
 .text.USB_ReadDevOutEPInterrupt
                0x0000000008005e9e       0x3c Drivers/STM32L4xx_HAL_Driver/Src/stm32l4xx_ll_usb.o
                0x0000000008005e9e                USB_ReadDevOutEPInterrupt
 .text.USB_ReadDevInEPInterrupt
                0x0000000008005eda       0x5c Drivers/STM32L4xx_HAL_Driver/Src/stm32l4xx_ll_usb.o
                0x0000000008005eda                USB_ReadDevInEPInterrupt
 .text.USB_GetMode
                0x0000000008005f36       0x1c Drivers/STM32L4xx_HAL_Driver/Src/stm32l4xx_ll_usb.o
                0x0000000008005f36                USB_GetMode
 .text.USB_ActivateSetup
                0x0000000008005f52       0x46 Drivers/STM32L4xx_HAL_Driver/Src/stm32l4xx_ll_usb.o
                0x0000000008005f52                USB_ActivateSetup
 .text.USB_EP0_OutStart
                0x0000000008005f98       0x90 Drivers/STM32L4xx_HAL_Driver/Src/stm32l4xx_ll_usb.o
                0x0000000008005f98                USB_EP0_OutStart
 .text.USB_CoreReset
                0x0000000008006028       0x68 Drivers/STM32L4xx_HAL_Driver/Src/stm32l4xx_ll_usb.o
 .text.USBD_CDC_Init
                0x0000000008006090       0xfe Middlewares/ST/STM32_USB_Device_Library/Class/CDC/Src/usbd_cdc.o
 .text.USBD_CDC_DeInit
                0x000000000800618e       0x74 Middlewares/ST/STM32_USB_Device_Library/Class/CDC/Src/usbd_cdc.o
 *fill*         0x0000000008006202        0x2 
 .text.USBD_CDC_Setup
                0x0000000008006204      0x190 Middlewares/ST/STM32_USB_Device_Library/Class/CDC/Src/usbd_cdc.o
 .text.USBD_CDC_DataIn
                0x0000000008006394       0xca Middlewares/ST/STM32_USB_Device_Library/Class/CDC/Src/usbd_cdc.o
 .text.USBD_CDC_DataOut
                0x000000000800645e       0x56 Middlewares/ST/STM32_USB_Device_Library/Class/CDC/Src/usbd_cdc.o
 .text.USBD_CDC_EP0_RxReady
                0x00000000080064b4       0x5a Middlewares/ST/STM32_USB_Device_Library/Class/CDC/Src/usbd_cdc.o
 *fill*         0x000000000800650e        0x2 
 .text.USBD_CDC_GetFSCfgDesc
                0x0000000008006510       0x20 Middlewares/ST/STM32_USB_Device_Library/Class/CDC/Src/usbd_cdc.o
 .text.USBD_CDC_GetHSCfgDesc
                0x0000000008006530       0x20 Middlewares/ST/STM32_USB_Device_Library/Class/CDC/Src/usbd_cdc.o
 .text.USBD_CDC_GetOtherSpeedCfgDesc
                0x0000000008006550       0x20 Middlewares/ST/STM32_USB_Device_Library/Class/CDC/Src/usbd_cdc.o
 .text.USBD_CDC_GetDeviceQualifierDescriptor
                0x0000000008006570       0x20 Middlewares/ST/STM32_USB_Device_Library/Class/CDC/Src/usbd_cdc.o
                0x0000000008006570                USBD_CDC_GetDeviceQualifierDescriptor
 .text.USBD_CDC_RegisterInterface
                0x0000000008006590       0x2a Middlewares/ST/STM32_USB_Device_Library/Class/CDC/Src/usbd_cdc.o
                0x0000000008006590                USBD_CDC_RegisterInterface
 .text.USBD_CDC_SetTxBuffer
                0x00000000080065ba       0x3c Middlewares/ST/STM32_USB_Device_Library/Class/CDC/Src/usbd_cdc.o
                0x00000000080065ba                USBD_CDC_SetTxBuffer
 .text.USBD_CDC_SetRxBuffer
                0x00000000080065f6       0x32 Middlewares/ST/STM32_USB_Device_Library/Class/CDC/Src/usbd_cdc.o
                0x00000000080065f6                USBD_CDC_SetRxBuffer
 .text.USBD_CDC_ReceivePacket
                0x0000000008006628       0x54 Middlewares/ST/STM32_USB_Device_Library/Class/CDC/Src/usbd_cdc.o
                0x0000000008006628                USBD_CDC_ReceivePacket
 .text.USBD_Init
                0x000000000800667c       0x60 Middlewares/ST/STM32_USB_Device_Library/Core/Src/usbd_core.o
                0x000000000800667c                USBD_Init
 .text.USBD_RegisterClass
                0x00000000080066dc       0x4e Middlewares/ST/STM32_USB_Device_Library/Core/Src/usbd_core.o
                0x00000000080066dc                USBD_RegisterClass
 .text.USBD_Start
                0x000000000800672a       0x18 Middlewares/ST/STM32_USB_Device_Library/Core/Src/usbd_core.o
                0x000000000800672a                USBD_Start
 .text.USBD_RunTestMode
                0x0000000008006742       0x16 Middlewares/ST/STM32_USB_Device_Library/Core/Src/usbd_core.o
                0x0000000008006742                USBD_RunTestMode
 .text.USBD_SetClassConfig
                0x0000000008006758       0x38 Middlewares/ST/STM32_USB_Device_Library/Core/Src/usbd_core.o
                0x0000000008006758                USBD_SetClassConfig
 .text.USBD_ClrClassConfig
                0x0000000008006790       0x30 Middlewares/ST/STM32_USB_Device_Library/Core/Src/usbd_core.o
                0x0000000008006790                USBD_ClrClassConfig
 .text.USBD_LL_SetupStage
                0x00000000080067c0       0xaa Middlewares/ST/STM32_USB_Device_Library/Core/Src/usbd_core.o
                0x00000000080067c0                USBD_LL_SetupStage
 .text.USBD_LL_DataOutStage
                0x000000000800686a       0xc6 Middlewares/ST/STM32_USB_Device_Library/Core/Src/usbd_core.o
                0x000000000800686a                USBD_LL_DataOutStage
 .text.USBD_LL_DataInStage
                0x0000000008006930      0x12c Middlewares/ST/STM32_USB_Device_Library/Core/Src/usbd_core.o
                0x0000000008006930                USBD_LL_DataInStage
 .text.USBD_LL_Reset
                0x0000000008006a5c       0x9c Middlewares/ST/STM32_USB_Device_Library/Core/Src/usbd_core.o
                0x0000000008006a5c                USBD_LL_Reset
 .text.USBD_LL_SetSpeed
                0x0000000008006af8       0x20 Middlewares/ST/STM32_USB_Device_Library/Core/Src/usbd_core.o
                0x0000000008006af8                USBD_LL_SetSpeed
 .text.USBD_LL_Suspend
                0x0000000008006b18       0x2c Middlewares/ST/STM32_USB_Device_Library/Core/Src/usbd_core.o
                0x0000000008006b18                USBD_LL_Suspend
 .text.USBD_LL_Resume
                0x0000000008006b44       0x30 Middlewares/ST/STM32_USB_Device_Library/Core/Src/usbd_core.o
                0x0000000008006b44                USBD_LL_Resume
 .text.USBD_LL_SOF
                0x0000000008006b74       0x44 Middlewares/ST/STM32_USB_Device_Library/Core/Src/usbd_core.o
                0x0000000008006b74                USBD_LL_SOF
 .text.USBD_LL_IsoINIncomplete
                0x0000000008006bb8       0x4c Middlewares/ST/STM32_USB_Device_Library/Core/Src/usbd_core.o
                0x0000000008006bb8                USBD_LL_IsoINIncomplete
 .text.USBD_LL_IsoOUTIncomplete
                0x0000000008006c04       0x4c Middlewares/ST/STM32_USB_Device_Library/Core/Src/usbd_core.o
                0x0000000008006c04                USBD_LL_IsoOUTIncomplete
 .text.USBD_LL_DevConnected
                0x0000000008006c50       0x16 Middlewares/ST/STM32_USB_Device_Library/Core/Src/usbd_core.o
                0x0000000008006c50                USBD_LL_DevConnected
 .text.USBD_LL_DevDisconnected
                0x0000000008006c66       0x38 Middlewares/ST/STM32_USB_Device_Library/Core/Src/usbd_core.o
                0x0000000008006c66                USBD_LL_DevDisconnected
 .text.SWAPBYTE
                0x0000000008006c9e       0x3c Middlewares/ST/STM32_USB_Device_Library/Core/Src/usbd_ctlreq.o
 *fill*         0x0000000008006cda        0x2 
 .text.USBD_StdDevReq
                0x0000000008006cdc       0xdc Middlewares/ST/STM32_USB_Device_Library/Core/Src/usbd_ctlreq.o
                0x0000000008006cdc                USBD_StdDevReq
 .text.USBD_StdItfReq
                0x0000000008006db8       0x92 Middlewares/ST/STM32_USB_Device_Library/Core/Src/usbd_ctlreq.o
                0x0000000008006db8                USBD_StdItfReq
 .text.USBD_StdEPReq
                0x0000000008006e4a      0x2c4 Middlewares/ST/STM32_USB_Device_Library/Core/Src/usbd_ctlreq.o
                0x0000000008006e4a                USBD_StdEPReq
 *fill*         0x000000000800710e        0x2 
 .text.USBD_GetDescriptor
                0x0000000008007110      0x328 Middlewares/ST/STM32_USB_Device_Library/Core/Src/usbd_ctlreq.o
 .text.USBD_SetAddress
                0x0000000008007438       0x88 Middlewares/ST/STM32_USB_Device_Library/Core/Src/usbd_ctlreq.o
 .text.USBD_SetConfig
                0x00000000080074c0      0x14c Middlewares/ST/STM32_USB_Device_Library/Core/Src/usbd_ctlreq.o
 .text.USBD_GetConfig
                0x000000000800760c       0x6c Middlewares/ST/STM32_USB_Device_Library/Core/Src/usbd_ctlreq.o
 .text.USBD_GetStatus
                0x0000000008007678       0x68 Middlewares/ST/STM32_USB_Device_Library/Core/Src/usbd_ctlreq.o
 .text.USBD_SetFeature
                0x00000000080076e0       0x28 Middlewares/ST/STM32_USB_Device_Library/Core/Src/usbd_ctlreq.o
 .text.USBD_ClrFeature
                0x0000000008007708       0x44 Middlewares/ST/STM32_USB_Device_Library/Core/Src/usbd_ctlreq.o
 .text.USBD_ParseSetupRequest
                0x000000000800774c       0x74 Middlewares/ST/STM32_USB_Device_Library/Core/Src/usbd_ctlreq.o
                0x000000000800774c                USBD_ParseSetupRequest
 .text.USBD_CtlError
                0x00000000080077c0       0x22 Middlewares/ST/STM32_USB_Device_Library/Core/Src/usbd_ctlreq.o
                0x00000000080077c0                USBD_CtlError
 .text.USBD_GetString
                0x00000000080077e2       0x8c Middlewares/ST/STM32_USB_Device_Library/Core/Src/usbd_ctlreq.o
                0x00000000080077e2                USBD_GetString
 .text.USBD_GetLen
                0x000000000800786e       0x34 Middlewares/ST/STM32_USB_Device_Library/Core/Src/usbd_ctlreq.o
 .text.USBD_CtlSendData
                0x00000000080078a2       0x36 Middlewares/ST/STM32_USB_Device_Library/Core/Src/usbd_ioreq.o
                0x00000000080078a2                USBD_CtlSendData
 .text.USBD_CtlContinueSendData
                0x00000000080078d8       0x22 Middlewares/ST/STM32_USB_Device_Library/Core/Src/usbd_ioreq.o
                0x00000000080078d8                USBD_CtlContinueSendData
 .text.USBD_CtlPrepareRx
                0x00000000080078fa       0x3a Middlewares/ST/STM32_USB_Device_Library/Core/Src/usbd_ioreq.o
                0x00000000080078fa                USBD_CtlPrepareRx
 .text.USBD_CtlContinueRx
                0x0000000008007934       0x22 Middlewares/ST/STM32_USB_Device_Library/Core/Src/usbd_ioreq.o
                0x0000000008007934                USBD_CtlContinueRx
 .text.USBD_CtlSendStatus
                0x0000000008007956       0x26 Middlewares/ST/STM32_USB_Device_Library/Core/Src/usbd_ioreq.o
                0x0000000008007956                USBD_CtlSendStatus
 .text.USBD_CtlReceiveStatus
                0x000000000800797c       0x26 Middlewares/ST/STM32_USB_Device_Library/Core/Src/usbd_ioreq.o
                0x000000000800797c                USBD_CtlReceiveStatus
 *fill*         0x00000000080079a2        0x2 
 .text.__NVIC_SetPriority
                0x00000000080079a4       0x54 Middlewares/Third_Party/FreeRTOS/Source/CMSIS_RTOS_V2/cmsis_os2.o
 .text.SVC_Setup
                0x00000000080079f8       0x12 Middlewares/Third_Party/FreeRTOS/Source/CMSIS_RTOS_V2/cmsis_os2.o
 *fill*         0x0000000008007a0a        0x2 
 .text.osKernelInitialize
                0x0000000008007a0c       0x48 Middlewares/Third_Party/FreeRTOS/Source/CMSIS_RTOS_V2/cmsis_os2.o
                0x0000000008007a0c                osKernelInitialize
 .text.osKernelStart
                0x0000000008007a54       0x4c Middlewares/Third_Party/FreeRTOS/Source/CMSIS_RTOS_V2/cmsis_os2.o
                0x0000000008007a54                osKernelStart
 .text.osThreadNew
                0x0000000008007aa0      0x124 Middlewares/Third_Party/FreeRTOS/Source/CMSIS_RTOS_V2/cmsis_os2.o
                0x0000000008007aa0                osThreadNew
 .text.osDelay  0x0000000008007bc4       0x36 Middlewares/Third_Party/FreeRTOS/Source/CMSIS_RTOS_V2/cmsis_os2.o
                0x0000000008007bc4                osDelay
 *fill*         0x0000000008007bfa        0x2 
 .text.vApplicationGetIdleTaskMemory
                0x0000000008007bfc       0x34 Middlewares/Third_Party/FreeRTOS/Source/CMSIS_RTOS_V2/cmsis_os2.o
                0x0000000008007bfc                vApplicationGetIdleTaskMemory
 .text.vApplicationGetTimerTaskMemory
                0x0000000008007c30       0x34 Middlewares/Third_Party/FreeRTOS/Source/CMSIS_RTOS_V2/cmsis_os2.o
                0x0000000008007c30                vApplicationGetTimerTaskMemory
 .text.vListInitialise
                0x0000000008007c64       0x40 Middlewares/Third_Party/FreeRTOS/Source/list.o
                0x0000000008007c64                vListInitialise
 .text.vListInitialiseItem
                0x0000000008007ca4       0x1a Middlewares/Third_Party/FreeRTOS/Source/list.o
                0x0000000008007ca4                vListInitialiseItem
 .text.vListInsertEnd
                0x0000000008007cbe       0x48 Middlewares/Third_Party/FreeRTOS/Source/list.o
                0x0000000008007cbe                vListInsertEnd
 .text.vListInsert
                0x0000000008007d06       0x72 Middlewares/Third_Party/FreeRTOS/Source/list.o
                0x0000000008007d06                vListInsert
 .text.uxListRemove
                0x0000000008007d78       0x54 Middlewares/Third_Party/FreeRTOS/Source/list.o
                0x0000000008007d78                uxListRemove
 .text.xQueueGenericReset
                0x0000000008007dcc       0xd0 Middlewares/Third_Party/FreeRTOS/Source/queue.o
                0x0000000008007dcc                xQueueGenericReset
 .text.xQueueGenericCreateStatic
                0x0000000008007e9c       0xf0 Middlewares/Third_Party/FreeRTOS/Source/queue.o
                0x0000000008007e9c                xQueueGenericCreateStatic
 .text.prvInitialiseNewQueue
                0x0000000008007f8c       0x46 Middlewares/Third_Party/FreeRTOS/Source/queue.o
 *fill*         0x0000000008007fd2        0x2 
 .text.xQueueGenericSend
                0x0000000008007fd4      0x1fc Middlewares/Third_Party/FreeRTOS/Source/queue.o
                0x0000000008007fd4                xQueueGenericSend
 .text.xQueueGenericSendFromISR
                0x00000000080081d0      0x136 Middlewares/Third_Party/FreeRTOS/Source/queue.o
                0x00000000080081d0                xQueueGenericSendFromISR
 *fill*         0x0000000008008306        0x2 
 .text.xQueueReceive
                0x0000000008008308      0x1c0 Middlewares/Third_Party/FreeRTOS/Source/queue.o
                0x0000000008008308                xQueueReceive
 .text.prvCopyDataToQueue
                0x00000000080084c8       0xd4 Middlewares/Third_Party/FreeRTOS/Source/queue.o
 .text.prvCopyDataFromQueue
                0x000000000800859c       0x4c Middlewares/Third_Party/FreeRTOS/Source/queue.o
 .text.prvUnlockQueue
                0x00000000080085e8       0xa4 Middlewares/Third_Party/FreeRTOS/Source/queue.o
 .text.prvIsQueueEmpty
                0x000000000800868c       0x2c Middlewares/Third_Party/FreeRTOS/Source/queue.o
 .text.prvIsQueueFull
                0x00000000080086b8       0x30 Middlewares/Third_Party/FreeRTOS/Source/queue.o
 .text.vQueueAddToRegistry
                0x00000000080086e8       0x54 Middlewares/Third_Party/FreeRTOS/Source/queue.o
                0x00000000080086e8                vQueueAddToRegistry
 .text.vQueueWaitForMessageRestricted
                0x000000000800873c       0x68 Middlewares/Third_Party/FreeRTOS/Source/queue.o
                0x000000000800873c                vQueueWaitForMessageRestricted
 .text.xTaskCreateStatic
                0x00000000080087a4       0xba Middlewares/Third_Party/FreeRTOS/Source/tasks.o
                0x00000000080087a4                xTaskCreateStatic
 .text.xTaskCreate
                0x000000000800885e       0x8a Middlewares/Third_Party/FreeRTOS/Source/tasks.o
                0x000000000800885e                xTaskCreate
 .text.prvInitialiseNewTask
                0x00000000080088e8      0x11e Middlewares/Third_Party/FreeRTOS/Source/tasks.o
 *fill*         0x0000000008008a06        0x2 
 .text.prvAddNewTaskToReadyList
                0x0000000008008a08       0xe0 Middlewares/Third_Party/FreeRTOS/Source/tasks.o
 .text.vTaskDelay
                0x0000000008008ae8       0x68 Middlewares/Third_Party/FreeRTOS/Source/tasks.o
                0x0000000008008ae8                vTaskDelay
 .text.vTaskStartScheduler
                0x0000000008008b50       0xcc Middlewares/Third_Party/FreeRTOS/Source/tasks.o
                0x0000000008008b50                vTaskStartScheduler
 .text.vTaskSuspendAll
                0x0000000008008c1c       0x1c Middlewares/Third_Party/FreeRTOS/Source/tasks.o
                0x0000000008008c1c                vTaskSuspendAll
 .text.xTaskResumeAll
                0x0000000008008c38      0x13c Middlewares/Third_Party/FreeRTOS/Source/tasks.o
                0x0000000008008c38                xTaskResumeAll
 .text.xTaskGetTickCount
                0x0000000008008d74       0x20 Middlewares/Third_Party/FreeRTOS/Source/tasks.o
                0x0000000008008d74                xTaskGetTickCount
 .text.xTaskIncrementTick
                0x0000000008008d94      0x174 Middlewares/Third_Party/FreeRTOS/Source/tasks.o
                0x0000000008008d94                xTaskIncrementTick
 .text.vTaskSwitchContext
                0x0000000008008f08       0xbc Middlewares/Third_Party/FreeRTOS/Source/tasks.o
                0x0000000008008f08                vTaskSwitchContext
 .text.vTaskPlaceOnEventList
                0x0000000008008fc4       0x48 Middlewares/Third_Party/FreeRTOS/Source/tasks.o
                0x0000000008008fc4                vTaskPlaceOnEventList
 .text.vTaskPlaceOnEventListRestricted
                0x000000000800900c       0x58 Middlewares/Third_Party/FreeRTOS/Source/tasks.o
                0x000000000800900c                vTaskPlaceOnEventListRestricted
 .text.xTaskRemoveFromEventList
                0x0000000008009064       0xc8 Middlewares/Third_Party/FreeRTOS/Source/tasks.o
                0x0000000008009064                xTaskRemoveFromEventList
 .text.vTaskInternalSetTimeOutState
                0x000000000800912c       0x2c Middlewares/Third_Party/FreeRTOS/Source/tasks.o
                0x000000000800912c                vTaskInternalSetTimeOutState
 .text.xTaskCheckForTimeOut
                0x0000000008009158       0xc4 Middlewares/Third_Party/FreeRTOS/Source/tasks.o
                0x0000000008009158                xTaskCheckForTimeOut
 .text.vTaskMissedYield
                0x000000000800921c       0x18 Middlewares/Third_Party/FreeRTOS/Source/tasks.o
                0x000000000800921c                vTaskMissedYield
 .text.prvIdleTask
                0x0000000008009234       0x30 Middlewares/Third_Party/FreeRTOS/Source/tasks.o
 .text.prvInitialiseTaskLists
                0x0000000008009264       0x80 Middlewares/Third_Party/FreeRTOS/Source/tasks.o
 .text.prvCheckTasksWaitingTermination
                0x00000000080092e4       0x5c Middlewares/Third_Party/FreeRTOS/Source/tasks.o
 .text.prvDeleteTCB
                0x0000000008009340       0x5e Middlewares/Third_Party/FreeRTOS/Source/tasks.o
 *fill*         0x000000000800939e        0x2 
 .text.prvResetNextTaskUnblockTime
                0x00000000080093a0       0x40 Middlewares/Third_Party/FreeRTOS/Source/tasks.o
 .text.xTaskGetSchedulerState
                0x00000000080093e0       0x3c Middlewares/Third_Party/FreeRTOS/Source/tasks.o
                0x00000000080093e0                xTaskGetSchedulerState
 .text.xTaskPriorityDisinherit
                0x000000000800941c       0xdc Middlewares/Third_Party/FreeRTOS/Source/tasks.o
                0x000000000800941c                xTaskPriorityDisinherit
 .text.prvAddCurrentTaskToDelayedList
                0x00000000080094f8       0xa8 Middlewares/Third_Party/FreeRTOS/Source/tasks.o
 .text.xTimerCreateTimerTask
                0x00000000080095a0       0x90 Middlewares/Third_Party/FreeRTOS/Source/timers.o
                0x00000000080095a0                xTimerCreateTimerTask
 .text.xTimerGenericCommand
                0x0000000008009630       0x9c Middlewares/Third_Party/FreeRTOS/Source/timers.o
                0x0000000008009630                xTimerGenericCommand
 .text.prvProcessExpiredTimer
                0x00000000080096cc       0x98 Middlewares/Third_Party/FreeRTOS/Source/timers.o
 .text.prvTimerTask
                0x0000000008009764       0x24 Middlewares/Third_Party/FreeRTOS/Source/timers.o
 .text.prvProcessTimerOrBlockTask
                0x0000000008009788       0x9c Middlewares/Third_Party/FreeRTOS/Source/timers.o
 .text.prvGetNextExpireTime
                0x0000000008009824       0x48 Middlewares/Third_Party/FreeRTOS/Source/timers.o
 .text.prvSampleTimeNow
                0x000000000800986c       0x40 Middlewares/Third_Party/FreeRTOS/Source/timers.o
 .text.prvInsertTimerInActiveList
                0x00000000080098ac       0x84 Middlewares/Third_Party/FreeRTOS/Source/timers.o
 .text.prvProcessReceivedCommands
                0x0000000008009930      0x1c4 Middlewares/Third_Party/FreeRTOS/Source/timers.o
 .text.prvSwitchTimerLists
                0x0000000008009af4       0xc8 Middlewares/Third_Party/FreeRTOS/Source/timers.o
 .text.prvCheckForValidListAndQueue
                0x0000000008009bbc       0x80 Middlewares/Third_Party/FreeRTOS/Source/timers.o
 .text.pxPortInitialiseStack
                0x0000000008009c3c       0x68 Middlewares/Third_Party/FreeRTOS/Source/portable/GCC/ARM_CM4F/port.o
                0x0000000008009c3c                pxPortInitialiseStack
 .text.prvTaskExitError
                0x0000000008009ca4       0x58 Middlewares/Third_Party/FreeRTOS/Source/portable/GCC/ARM_CM4F/port.o
 *fill*         0x0000000008009cfc        0x4 
 .text.SVC_Handler
                0x0000000008009d00       0x28 Middlewares/Third_Party/FreeRTOS/Source/portable/GCC/ARM_CM4F/port.o
                0x0000000008009d00                SVC_Handler
 .text.prvPortStartFirstTask
                0x0000000008009d28       0x28 Middlewares/Third_Party/FreeRTOS/Source/portable/GCC/ARM_CM4F/port.o
 .text.xPortStartScheduler
                0x0000000008009d50      0x144 Middlewares/Third_Party/FreeRTOS/Source/portable/GCC/ARM_CM4F/port.o
                0x0000000008009d50                xPortStartScheduler
 .text.vPortEnterCritical
                0x0000000008009e94       0x60 Middlewares/Third_Party/FreeRTOS/Source/portable/GCC/ARM_CM4F/port.o
                0x0000000008009e94                vPortEnterCritical
 .text.vPortExitCritical
                0x0000000008009ef4       0x54 Middlewares/Third_Party/FreeRTOS/Source/portable/GCC/ARM_CM4F/port.o
                0x0000000008009ef4                vPortExitCritical
 *fill*         0x0000000008009f48        0x8 
 .text.PendSV_Handler
                0x0000000008009f50       0x68 Middlewares/Third_Party/FreeRTOS/Source/portable/GCC/ARM_CM4F/port.o
                0x0000000008009f50                PendSV_Handler
 .text.xPortSysTickHandler
                0x0000000008009fb8       0x44 Middlewares/Third_Party/FreeRTOS/Source/portable/GCC/ARM_CM4F/port.o
                0x0000000008009fb8                xPortSysTickHandler
 .text.vPortSetupTimerInterrupt
                0x0000000008009ffc       0x48 Middlewares/Third_Party/FreeRTOS/Source/portable/GCC/ARM_CM4F/port.o
                0x0000000008009ffc                vPortSetupTimerInterrupt
 .text.vPortEnableVFP
                0x000000000800a044       0x14 Middlewares/Third_Party/FreeRTOS/Source/portable/GCC/ARM_CM4F/port.o
 .text.vPortValidateInterruptPriority
                0x000000000800a058       0x80 Middlewares/Third_Party/FreeRTOS/Source/portable/GCC/ARM_CM4F/port.o
                0x000000000800a058                vPortValidateInterruptPriority
 .text.pvPortMalloc
                0x000000000800a0d8      0x198 Middlewares/Third_Party/FreeRTOS/Source/portable/MemMang/heap_4.o
                0x000000000800a0d8                pvPortMalloc
 .text.vPortFree
                0x000000000800a270       0xc4 Middlewares/Third_Party/FreeRTOS/Source/portable/MemMang/heap_4.o
                0x000000000800a270                vPortFree
 .text.prvHeapInit
                0x000000000800a334       0xc4 Middlewares/Third_Party/FreeRTOS/Source/portable/MemMang/heap_4.o
 .text.prvInsertBlockIntoFreeList
                0x000000000800a3f8       0xb4 Middlewares/Third_Party/FreeRTOS/Source/portable/MemMang/heap_4.o
 .text.MX_USB_DEVICE_Init
                0x000000000800a4ac       0x60 USB_DEVICE/App/usb_device.o
                0x000000000800a4ac                MX_USB_DEVICE_Init
 .text.CDC_Init_FS
                0x000000000800a50c       0x28 USB_DEVICE/App/usbd_cdc_if.o
 .text.CDC_DeInit_FS
                0x000000000800a534       0x10 USB_DEVICE/App/usbd_cdc_if.o
 .text.CDC_Control_FS
                0x000000000800a544      0x15c USB_DEVICE/App/usbd_cdc_if.o
 .text.CDC_Receive_FS
                0x000000000800a6a0       0x34 USB_DEVICE/App/usbd_cdc_if.o
 .text.CDC_TransmitCplt_FS
                0x000000000800a6d4       0x22 USB_DEVICE/App/usbd_cdc_if.o
 *fill*         0x000000000800a6f6        0x2 
 .text.USBD_FS_DeviceDescriptor
                0x000000000800a6f8       0x24 USB_DEVICE/App/usbd_desc.o
                0x000000000800a6f8                USBD_FS_DeviceDescriptor
 .text.USBD_FS_LangIDStrDescriptor
                0x000000000800a71c       0x24 USB_DEVICE/App/usbd_desc.o
                0x000000000800a71c                USBD_FS_LangIDStrDescriptor
 .text.USBD_FS_ProductStrDescriptor
                0x000000000800a740       0x3c USB_DEVICE/App/usbd_desc.o
                0x000000000800a740                USBD_FS_ProductStrDescriptor
 .text.USBD_FS_ManufacturerStrDescriptor
                0x000000000800a77c       0x28 USB_DEVICE/App/usbd_desc.o
                0x000000000800a77c                USBD_FS_ManufacturerStrDescriptor
 .text.USBD_FS_SerialStrDescriptor
                0x000000000800a7a4       0x24 USB_DEVICE/App/usbd_desc.o
                0x000000000800a7a4                USBD_FS_SerialStrDescriptor
 .text.USBD_FS_ConfigStrDescriptor
                0x000000000800a7c8       0x3c USB_DEVICE/App/usbd_desc.o
                0x000000000800a7c8                USBD_FS_ConfigStrDescriptor
 .text.USBD_FS_InterfaceStrDescriptor
                0x000000000800a804       0x3c USB_DEVICE/App/usbd_desc.o
                0x000000000800a804                USBD_FS_InterfaceStrDescriptor
 .text.USBD_FS_USR_BOSDescriptor
                0x000000000800a840       0x24 USB_DEVICE/App/usbd_desc.o
                0x000000000800a840                USBD_FS_USR_BOSDescriptor
 .text.Get_SerialNum
                0x000000000800a864       0x58 USB_DEVICE/App/usbd_desc.o
 .text.IntToUnicode
                0x000000000800a8bc       0x7e USB_DEVICE/App/usbd_desc.o
 *fill*         0x000000000800a93a        0x2 
 .text.HAL_PCD_MspInit
                0x000000000800a93c       0xcc USB_DEVICE/Target/usbd_conf.o
                0x000000000800a93c                HAL_PCD_MspInit
 .text.HAL_PCD_SetupStageCallback
                0x000000000800aa08       0x24 USB_DEVICE/Target/usbd_conf.o
                0x000000000800aa08                HAL_PCD_SetupStageCallback
 .text.HAL_PCD_DataOutStageCallback
                0x000000000800aa2c       0x36 USB_DEVICE/Target/usbd_conf.o
                0x000000000800aa2c                HAL_PCD_DataOutStageCallback
 .text.HAL_PCD_DataInStageCallback
                0x000000000800aa62       0x34 USB_DEVICE/Target/usbd_conf.o
                0x000000000800aa62                HAL_PCD_DataInStageCallback
 .text.HAL_PCD_SOFCallback
                0x000000000800aa96       0x1c USB_DEVICE/Target/usbd_conf.o
                0x000000000800aa96                HAL_PCD_SOFCallback
 .text.HAL_PCD_ResetCallback
                0x000000000800aab2       0x3c USB_DEVICE/Target/usbd_conf.o
                0x000000000800aab2                HAL_PCD_ResetCallback
 *fill*         0x000000000800aaee        0x2 
 .text.HAL_PCD_SuspendCallback
                0x000000000800aaf0       0x4c USB_DEVICE/Target/usbd_conf.o
                0x000000000800aaf0                HAL_PCD_SuspendCallback
 .text.HAL_PCD_ResumeCallback
                0x000000000800ab3c       0x50 USB_DEVICE/Target/usbd_conf.o
                0x000000000800ab3c                HAL_PCD_ResumeCallback
 .text.HAL_PCD_ISOOUTIncompleteCallback
                0x000000000800ab8c       0x24 USB_DEVICE/Target/usbd_conf.o
                0x000000000800ab8c                HAL_PCD_ISOOUTIncompleteCallback
 .text.HAL_PCD_ISOINIncompleteCallback
                0x000000000800abb0       0x24 USB_DEVICE/Target/usbd_conf.o
                0x000000000800abb0                HAL_PCD_ISOINIncompleteCallback
 .text.HAL_PCD_ConnectCallback
                0x000000000800abd4       0x1c USB_DEVICE/Target/usbd_conf.o
                0x000000000800abd4                HAL_PCD_ConnectCallback
 .text.HAL_PCD_DisconnectCallback
                0x000000000800abf0       0x1c USB_DEVICE/Target/usbd_conf.o
                0x000000000800abf0                HAL_PCD_DisconnectCallback
 .text.USBD_LL_Init
                0x000000000800ac0c       0x98 USB_DEVICE/Target/usbd_conf.o
                0x000000000800ac0c                USBD_LL_Init
 .text.USBD_LL_Start
                0x000000000800aca4       0x64 USB_DEVICE/Target/usbd_conf.o
                0x000000000800aca4                USBD_LL_Start
 .text.USBD_LL_OpenEP
                0x000000000800ad08       0x7c USB_DEVICE/Target/usbd_conf.o
                0x000000000800ad08                USBD_LL_OpenEP
 .text.USBD_LL_CloseEP
                0x000000000800ad84       0x6c USB_DEVICE/Target/usbd_conf.o
                0x000000000800ad84                USBD_LL_CloseEP
 .text.USBD_LL_StallEP
                0x000000000800adf0       0x6c USB_DEVICE/Target/usbd_conf.o
                0x000000000800adf0                USBD_LL_StallEP
 .text.USBD_LL_ClearStallEP
                0x000000000800ae5c       0x6c USB_DEVICE/Target/usbd_conf.o
                0x000000000800ae5c                USBD_LL_ClearStallEP
 .text.USBD_LL_IsStallEP
                0x000000000800aec8       0x58 USB_DEVICE/Target/usbd_conf.o
                0x000000000800aec8                USBD_LL_IsStallEP
 .text.USBD_LL_SetUSBAddress
                0x000000000800af20       0x6c USB_DEVICE/Target/usbd_conf.o
                0x000000000800af20                USBD_LL_SetUSBAddress
 .text.USBD_LL_Transmit
                0x000000000800af8c       0x70 USB_DEVICE/Target/usbd_conf.o
                0x000000000800af8c                USBD_LL_Transmit
 .text.USBD_LL_PrepareReceive
                0x000000000800affc       0x70 USB_DEVICE/Target/usbd_conf.o
                0x000000000800affc                USBD_LL_PrepareReceive
 .text.USBD_LL_GetRxDataSize
                0x000000000800b06c       0x26 USB_DEVICE/Target/usbd_conf.o
                0x000000000800b06c                USBD_LL_GetRxDataSize
 *fill*         0x000000000800b092        0x2 
 .text.HAL_PCDEx_LPM_Callback
                0x000000000800b094       0x9c USB_DEVICE/Target/usbd_conf.o
                0x000000000800b094                HAL_PCDEx_LPM_Callback
 .text.USBD_static_malloc
                0x000000000800b130       0x1c USB_DEVICE/Target/usbd_conf.o
                0x000000000800b130                USBD_static_malloc
 .text.USBD_static_free
                0x000000000800b14c       0x14 USB_DEVICE/Target/usbd_conf.o
                0x000000000800b14c                USBD_static_free
 .text.SystemClockConfig_Resume
                0x000000000800b160        0xc USB_DEVICE/Target/usbd_conf.o
 .text.__libc_init_array
                0x000000000800b16c       0x48 c:/st/stm32cubeide_1.6.1/stm32cubeide/plugins/com.st.stm32cube.ide.mcu.externaltools.gnu-tools-for-stm32.9-2020-q2-update.win32_1.5.0.202011040924/tools/bin/../lib/gcc/arm-none-eabi/9.3.1/../../../../arm-none-eabi/lib/thumb/v7e-m+fp/hard\libc_nano.a(lib_a-init.o)
                0x000000000800b16c                __libc_init_array
 .text.memcpy   0x000000000800b1b4       0x1c c:/st/stm32cubeide_1.6.1/stm32cubeide/plugins/com.st.stm32cube.ide.mcu.externaltools.gnu-tools-for-stm32.9-2020-q2-update.win32_1.5.0.202011040924/tools/bin/../lib/gcc/arm-none-eabi/9.3.1/../../../../arm-none-eabi/lib/thumb/v7e-m+fp/hard\libc_nano.a(lib_a-memcpy-stub.o)
                0x000000000800b1b4                memcpy
 .text.memset   0x000000000800b1d0       0x10 c:/st/stm32cubeide_1.6.1/stm32cubeide/plugins/com.st.stm32cube.ide.mcu.externaltools.gnu-tools-for-stm32.9-2020-q2-update.win32_1.5.0.202011040924/tools/bin/../lib/gcc/arm-none-eabi/9.3.1/../../../../arm-none-eabi/lib/thumb/v7e-m+fp/hard\libc_nano.a(lib_a-memset.o)
                0x000000000800b1d0                memset
 *(.glue_7)
 .glue_7        0x000000000800b1e0        0x0 linker stubs
 *(.glue_7t)
 .glue_7t       0x000000000800b1e0        0x0 linker stubs
 *(.eh_frame)
 .eh_frame      0x000000000800b1e0        0x0 c:/st/stm32cubeide_1.6.1/stm32cubeide/plugins/com.st.stm32cube.ide.mcu.externaltools.gnu-tools-for-stm32.9-2020-q2-update.win32_1.5.0.202011040924/tools/bin/../lib/gcc/arm-none-eabi/9.3.1/thumb/v7e-m+fp/hard/crtbegin.o
 *(.init)
 .init          0x000000000800b1e0        0x4 c:/st/stm32cubeide_1.6.1/stm32cubeide/plugins/com.st.stm32cube.ide.mcu.externaltools.gnu-tools-for-stm32.9-2020-q2-update.win32_1.5.0.202011040924/tools/bin/../lib/gcc/arm-none-eabi/9.3.1/thumb/v7e-m+fp/hard/crti.o
                0x000000000800b1e0                _init
 .init          0x000000000800b1e4        0x8 c:/st/stm32cubeide_1.6.1/stm32cubeide/plugins/com.st.stm32cube.ide.mcu.externaltools.gnu-tools-for-stm32.9-2020-q2-update.win32_1.5.0.202011040924/tools/bin/../lib/gcc/arm-none-eabi/9.3.1/thumb/v7e-m+fp/hard/crtn.o
 *(.fini)
 .fini          0x000000000800b1ec        0x4 c:/st/stm32cubeide_1.6.1/stm32cubeide/plugins/com.st.stm32cube.ide.mcu.externaltools.gnu-tools-for-stm32.9-2020-q2-update.win32_1.5.0.202011040924/tools/bin/../lib/gcc/arm-none-eabi/9.3.1/thumb/v7e-m+fp/hard/crti.o
                0x000000000800b1ec                _fini
 .fini          0x000000000800b1f0        0x8 c:/st/stm32cubeide_1.6.1/stm32cubeide/plugins/com.st.stm32cube.ide.mcu.externaltools.gnu-tools-for-stm32.9-2020-q2-update.win32_1.5.0.202011040924/tools/bin/../lib/gcc/arm-none-eabi/9.3.1/thumb/v7e-m+fp/hard/crtn.o
                0x000000000800b1f8                . = ALIGN (0x4)
                0x000000000800b1f8                _etext = .

.vfp11_veneer   0x000000000800b1f8        0x0
 .vfp11_veneer  0x000000000800b1f8        0x0 linker stubs

.v4_bx          0x000000000800b1f8        0x0
 .v4_bx         0x000000000800b1f8        0x0 linker stubs

.iplt           0x000000000800b1f8        0x0
 .iplt          0x000000000800b1f8        0x0 c:/st/stm32cubeide_1.6.1/stm32cubeide/plugins/com.st.stm32cube.ide.mcu.externaltools.gnu-tools-for-stm32.9-2020-q2-update.win32_1.5.0.202011040924/tools/bin/../lib/gcc/arm-none-eabi/9.3.1/thumb/v7e-m+fp/hard/crtbegin.o

.rodata         0x000000000800b1f8      0x130
                0x000000000800b1f8                . = ALIGN (0x4)
 *(.rodata)
 .rodata        0x000000000800b1f8       0x21 Core/Src/main.o
 *fill*         0x000000000800b219        0x3 
 .rodata        0x000000000800b21c        0x5 Middlewares/Third_Party/FreeRTOS/Source/tasks.o
 *fill*         0x000000000800b221        0x3 
 .rodata        0x000000000800b224        0xd Middlewares/Third_Party/FreeRTOS/Source/timers.o
 *fill*         0x000000000800b231        0x3 
 .rodata        0x000000000800b234       0x46 USB_DEVICE/App/usbd_desc.o
 *(.rodata*)
 *fill*         0x000000000800b27a        0x2 
 .rodata.defaultTask_attributes
                0x000000000800b27c       0x24 Core/Src/main.o
                0x000000000800b27c                defaultTask_attributes
 .rodata.myTask02_attributes
                0x000000000800b2a0       0x24 Core/Src/main.o
                0x000000000800b2a0                myTask02_attributes
 .rodata.myTask03_attributes
                0x000000000800b2c4       0x24 Core/Src/main.o
                0x000000000800b2c4                myTask03_attributes
 .rodata.AHBPrescTable
                0x000000000800b2e8       0x10 Core/Src/system_stm32l4xx.o
                0x000000000800b2e8                AHBPrescTable
 .rodata.MSIRangeTable
                0x000000000800b2f8       0x30 Core/Src/system_stm32l4xx.o
                0x000000000800b2f8                MSIRangeTable
                0x000000000800b328                . = ALIGN (0x4)

.rel.dyn        0x000000000800b328        0x0
 .rel.iplt      0x000000000800b328        0x0 c:/st/stm32cubeide_1.6.1/stm32cubeide/plugins/com.st.stm32cube.ide.mcu.externaltools.gnu-tools-for-stm32.9-2020-q2-update.win32_1.5.0.202011040924/tools/bin/../lib/gcc/arm-none-eabi/9.3.1/thumb/v7e-m+fp/hard/crtbegin.o

.ARM.extab      0x000000000800b328        0x0
                0x000000000800b328                . = ALIGN (0x4)
 *(.ARM.extab* .gnu.linkonce.armextab.*)
                0x000000000800b328                . = ALIGN (0x4)

.ARM            0x000000000800b328        0x0
                0x000000000800b328                . = ALIGN (0x4)
                0x000000000800b328                __exidx_start = .
 *(.ARM.exidx*)
                0x000000000800b328                __exidx_end = .
                0x000000000800b328                . = ALIGN (0x4)

.preinit_array  0x000000000800b328        0x0
                0x000000000800b328                . = ALIGN (0x4)
                0x000000000800b328                PROVIDE (__preinit_array_start = .)
 *(.preinit_array*)
                0x000000000800b328                PROVIDE (__preinit_array_end = .)
                0x000000000800b328                . = ALIGN (0x4)

.init_array     0x000000000800b328        0x4
                0x000000000800b328                . = ALIGN (0x4)
                0x000000000800b328                PROVIDE (__init_array_start = .)
 *(SORT_BY_NAME(.init_array.*))
 *(.init_array*)
 .init_array    0x000000000800b328        0x4 c:/st/stm32cubeide_1.6.1/stm32cubeide/plugins/com.st.stm32cube.ide.mcu.externaltools.gnu-tools-for-stm32.9-2020-q2-update.win32_1.5.0.202011040924/tools/bin/../lib/gcc/arm-none-eabi/9.3.1/thumb/v7e-m+fp/hard/crtbegin.o
                0x000000000800b32c                PROVIDE (__init_array_end = .)
                0x000000000800b32c                . = ALIGN (0x4)

.fini_array     0x000000000800b32c        0x4
                0x000000000800b32c                . = ALIGN (0x4)
                [!provide]                        PROVIDE (__fini_array_start = .)
 *(SORT_BY_NAME(.fini_array.*))
 *(.fini_array*)
 .fini_array    0x000000000800b32c        0x4 c:/st/stm32cubeide_1.6.1/stm32cubeide/plugins/com.st.stm32cube.ide.mcu.externaltools.gnu-tools-for-stm32.9-2020-q2-update.win32_1.5.0.202011040924/tools/bin/../lib/gcc/arm-none-eabi/9.3.1/thumb/v7e-m+fp/hard/crtbegin.o
                [!provide]                        PROVIDE (__fini_array_end = .)
                0x000000000800b330                . = ALIGN (0x4)
                0x000000000800b330                _sidata = LOADADDR (.data)

.data           0x0000000020000000      0x1a0 load address 0x000000000800b330
                0x0000000020000000                . = ALIGN (0x4)
                0x0000000020000000                _sdata = .
 *(.data)
 *(.data*)
 .data.xSen     0x0000000020000000        0x1 Core/Src/stm32l4xx_it.o
                0x0000000020000000                xSen
 .data.ySen     0x0000000020000001        0x1 Core/Src/stm32l4xx_it.o
                0x0000000020000001                ySen
 *fill*         0x0000000020000002        0x2 
 .data.SystemCoreClock
                0x0000000020000004        0x4 Core/Src/system_stm32l4xx.o
                0x0000000020000004                SystemCoreClock
 .data.uwTickPrio
                0x0000000020000008        0x4 Drivers/STM32L4xx_HAL_Driver/Src/stm32l4xx_hal.o
                0x0000000020000008                uwTickPrio
 .data.uwTickFreq
                0x000000002000000c        0x1 Drivers/STM32L4xx_HAL_Driver/Src/stm32l4xx_hal.o
                0x000000002000000c                uwTickFreq
 *fill*         0x000000002000000d        0x3 
 .data.USBD_CDC_DeviceQualifierDesc
                0x0000000020000010        0xa Middlewares/ST/STM32_USB_Device_Library/Class/CDC/Src/usbd_cdc.o
 *fill*         0x000000002000001a        0x2 
 .data.USBD_CDC
                0x000000002000001c       0x38 Middlewares/ST/STM32_USB_Device_Library/Class/CDC/Src/usbd_cdc.o
                0x000000002000001c                USBD_CDC
 .data.USBD_CDC_CfgHSDesc
                0x0000000020000054       0x43 Middlewares/ST/STM32_USB_Device_Library/Class/CDC/Src/usbd_cdc.o
 *fill*         0x0000000020000097        0x1 
 .data.USBD_CDC_CfgFSDesc
                0x0000000020000098       0x43 Middlewares/ST/STM32_USB_Device_Library/Class/CDC/Src/usbd_cdc.o
 *fill*         0x00000000200000db        0x1 
 .data.USBD_CDC_OtherSpeedCfgDesc
                0x00000000200000dc       0x43 Middlewares/ST/STM32_USB_Device_Library/Class/CDC/Src/usbd_cdc.o
 *fill*         0x000000002000011f        0x1 
 .data.uxCriticalNesting
                0x0000000020000120        0x4 Middlewares/Third_Party/FreeRTOS/Source/portable/GCC/ARM_CM4F/port.o
 .data.LineCoding
                0x0000000020000124        0x8 USB_DEVICE/App/usbd_cdc_if.o
                0x0000000020000124                LineCoding
 .data.USBD_Interface_fops_FS
                0x000000002000012c       0x14 USB_DEVICE/App/usbd_cdc_if.o
                0x000000002000012c                USBD_Interface_fops_FS
 .data.FS_Desc  0x0000000020000140       0x20 USB_DEVICE/App/usbd_desc.o
                0x0000000020000140                FS_Desc
 .data.USBD_FS_DeviceDesc
                0x0000000020000160       0x12 USB_DEVICE/App/usbd_desc.o
                0x0000000020000160                USBD_FS_DeviceDesc
 *fill*         0x0000000020000172        0x2 
 .data.USBD_FS_BOSDesc
                0x0000000020000174        0xc USB_DEVICE/App/usbd_desc.o
                0x0000000020000174                USBD_FS_BOSDesc
 .data.USBD_LangIDDesc
                0x0000000020000180        0x4 USB_DEVICE/App/usbd_desc.o
                0x0000000020000180                USBD_LangIDDesc
 .data.USBD_StringSerial
                0x0000000020000184       0x1a USB_DEVICE/App/usbd_desc.o
                0x0000000020000184                USBD_StringSerial
 *(.RamFunc)
 *(.RamFunc*)
                0x00000000200001a0                . = ALIGN (0x4)
 *fill*         0x000000002000019e        0x2 
                0x00000000200001a0                _edata = .

.igot.plt       0x00000000200001a0        0x0 load address 0x000000000800b4d0
 .igot.plt      0x00000000200001a0        0x0 c:/st/stm32cubeide_1.6.1/stm32cubeide/plugins/com.st.stm32cube.ide.mcu.externaltools.gnu-tools-for-stm32.9-2020-q2-update.win32_1.5.0.202011040924/tools/bin/../lib/gcc/arm-none-eabi/9.3.1/thumb/v7e-m+fp/hard/crtbegin.o
                0x00000000200001a0                . = ALIGN (0x4)

.bss            0x00000000200001a0     0x361c load address 0x000000000800b4d0
                0x00000000200001a0                _sbss = .
                0x00000000200001a0                __bss_start__ = _sbss
 *(.bss)
 .bss           0x00000000200001a0       0x1c c:/st/stm32cubeide_1.6.1/stm32cubeide/plugins/com.st.stm32cube.ide.mcu.externaltools.gnu-tools-for-stm32.9-2020-q2-update.win32_1.5.0.202011040924/tools/bin/../lib/gcc/arm-none-eabi/9.3.1/thumb/v7e-m+fp/hard/crtbegin.o
 *(.bss*)
 .bss.laps      0x00000000200001bc        0x4 Core/Src/main.o
                0x00000000200001bc                laps
 .bss.highMode  0x00000000200001c0        0x4 Core/Src/main.o
                0x00000000200001c0                highMode
 .bss.xcnt.9441
                0x00000000200001c4        0x4 Core/Src/stm32l4xx_it.o
 .bss.ycnt.9442
                0x00000000200001c8        0x4 Core/Src/stm32l4xx_it.o
 .bss.cfgidx.11054
                0x00000000200001cc        0x1 Middlewares/ST/STM32_USB_Device_Library/Core/Src/usbd_ctlreq.o
 *fill*         0x00000000200001cd        0x3 
 .bss.KernelState
                0x00000000200001d0        0x4 Middlewares/Third_Party/FreeRTOS/Source/CMSIS_RTOS_V2/cmsis_os2.o
 .bss.Idle_TCB.10910
                0x00000000200001d4       0x5c Middlewares/Third_Party/FreeRTOS/Source/CMSIS_RTOS_V2/cmsis_os2.o
 .bss.Idle_Stack.10911
                0x0000000020000230      0x200 Middlewares/Third_Party/FreeRTOS/Source/CMSIS_RTOS_V2/cmsis_os2.o
 .bss.Timer_TCB.10917
                0x0000000020000430       0x5c Middlewares/Third_Party/FreeRTOS/Source/CMSIS_RTOS_V2/cmsis_os2.o
 .bss.Timer_Stack.10918
                0x000000002000048c      0x400 Middlewares/Third_Party/FreeRTOS/Source/CMSIS_RTOS_V2/cmsis_os2.o
 .bss.pxCurrentTCB
                0x000000002000088c        0x4 Middlewares/Third_Party/FreeRTOS/Source/tasks.o
                0x000000002000088c                pxCurrentTCB
 .bss.pxReadyTasksLists
                0x0000000020000890      0x460 Middlewares/Third_Party/FreeRTOS/Source/tasks.o
 .bss.xDelayedTaskList1
                0x0000000020000cf0       0x14 Middlewares/Third_Party/FreeRTOS/Source/tasks.o
 .bss.xDelayedTaskList2
                0x0000000020000d04       0x14 Middlewares/Third_Party/FreeRTOS/Source/tasks.o
 .bss.pxDelayedTaskList
                0x0000000020000d18        0x4 Middlewares/Third_Party/FreeRTOS/Source/tasks.o
 .bss.pxOverflowDelayedTaskList
                0x0000000020000d1c        0x4 Middlewares/Third_Party/FreeRTOS/Source/tasks.o
 .bss.xPendingReadyList
                0x0000000020000d20       0x14 Middlewares/Third_Party/FreeRTOS/Source/tasks.o
 .bss.xTasksWaitingTermination
                0x0000000020000d34       0x14 Middlewares/Third_Party/FreeRTOS/Source/tasks.o
 .bss.uxDeletedTasksWaitingCleanUp
                0x0000000020000d48        0x4 Middlewares/Third_Party/FreeRTOS/Source/tasks.o
 .bss.xSuspendedTaskList
                0x0000000020000d4c       0x14 Middlewares/Third_Party/FreeRTOS/Source/tasks.o
 .bss.uxCurrentNumberOfTasks
                0x0000000020000d60        0x4 Middlewares/Third_Party/FreeRTOS/Source/tasks.o
 .bss.xTickCount
                0x0000000020000d64        0x4 Middlewares/Third_Party/FreeRTOS/Source/tasks.o
 .bss.uxTopReadyPriority
                0x0000000020000d68        0x4 Middlewares/Third_Party/FreeRTOS/Source/tasks.o
 .bss.xSchedulerRunning
                0x0000000020000d6c        0x4 Middlewares/Third_Party/FreeRTOS/Source/tasks.o
 .bss.xPendedTicks
                0x0000000020000d70        0x4 Middlewares/Third_Party/FreeRTOS/Source/tasks.o
 .bss.xYieldPending
                0x0000000020000d74        0x4 Middlewares/Third_Party/FreeRTOS/Source/tasks.o
 .bss.xNumOfOverflows
                0x0000000020000d78        0x4 Middlewares/Third_Party/FreeRTOS/Source/tasks.o
 .bss.uxTaskNumber
                0x0000000020000d7c        0x4 Middlewares/Third_Party/FreeRTOS/Source/tasks.o
 .bss.xNextTaskUnblockTime
                0x0000000020000d80        0x4 Middlewares/Third_Party/FreeRTOS/Source/tasks.o
 .bss.xIdleTaskHandle
                0x0000000020000d84        0x4 Middlewares/Third_Party/FreeRTOS/Source/tasks.o
 .bss.uxSchedulerSuspended
                0x0000000020000d88        0x4 Middlewares/Third_Party/FreeRTOS/Source/tasks.o
 .bss.xActiveTimerList1
                0x0000000020000d8c       0x14 Middlewares/Third_Party/FreeRTOS/Source/timers.o
 .bss.xActiveTimerList2
                0x0000000020000da0       0x14 Middlewares/Third_Party/FreeRTOS/Source/timers.o
 .bss.pxCurrentTimerList
                0x0000000020000db4        0x4 Middlewares/Third_Party/FreeRTOS/Source/timers.o
 .bss.pxOverflowTimerList
                0x0000000020000db8        0x4 Middlewares/Third_Party/FreeRTOS/Source/timers.o
 .bss.xTimerQueue
                0x0000000020000dbc        0x4 Middlewares/Third_Party/FreeRTOS/Source/timers.o
 .bss.xTimerTaskHandle
                0x0000000020000dc0        0x4 Middlewares/Third_Party/FreeRTOS/Source/timers.o
 .bss.xLastTime.6927
                0x0000000020000dc4        0x4 Middlewares/Third_Party/FreeRTOS/Source/timers.o
 .bss.ucStaticTimerQueueStorage.6978
                0x0000000020000dc8       0xa0 Middlewares/Third_Party/FreeRTOS/Source/timers.o
 .bss.xStaticTimerQueue.6977
                0x0000000020000e68       0x50 Middlewares/Third_Party/FreeRTOS/Source/timers.o
 .bss.ucMaxSysCallPriority
                0x0000000020000eb8        0x1 Middlewares/Third_Party/FreeRTOS/Source/portable/GCC/ARM_CM4F/port.o
 *fill*         0x0000000020000eb9        0x3 
 .bss.ulMaxPRIGROUPValue
                0x0000000020000ebc        0x4 Middlewares/Third_Party/FreeRTOS/Source/portable/GCC/ARM_CM4F/port.o
 .bss.ucHeap    0x0000000020000ec0      0xbb8 Middlewares/Third_Party/FreeRTOS/Source/portable/MemMang/heap_4.o
 .bss.xStart    0x0000000020001a78        0x8 Middlewares/Third_Party/FreeRTOS/Source/portable/MemMang/heap_4.o
 .bss.pxEnd     0x0000000020001a80        0x4 Middlewares/Third_Party/FreeRTOS/Source/portable/MemMang/heap_4.o
 .bss.xFreeBytesRemaining
                0x0000000020001a84        0x4 Middlewares/Third_Party/FreeRTOS/Source/portable/MemMang/heap_4.o
 .bss.xMinimumEverFreeBytesRemaining
                0x0000000020001a88        0x4 Middlewares/Third_Party/FreeRTOS/Source/portable/MemMang/heap_4.o
 .bss.xNumberOfSuccessfulAllocations
                0x0000000020001a8c        0x4 Middlewares/Third_Party/FreeRTOS/Source/portable/MemMang/heap_4.o
 .bss.xNumberOfSuccessfulFrees
                0x0000000020001a90        0x4 Middlewares/Third_Party/FreeRTOS/Source/portable/MemMang/heap_4.o
 .bss.xBlockAllocatedBit
                0x0000000020001a94        0x4 Middlewares/Third_Party/FreeRTOS/Source/portable/MemMang/heap_4.o
 .bss.mem.11202
                0x0000000020001a98      0x220 USB_DEVICE/Target/usbd_conf.o
 *(COMMON)
 COMMON         0x0000000020001cb8      0x1d5 Core/Src/main.o
                0x0000000020001cb8                rxbuf
                0x0000000020001cd8                defaultTaskHandle
                0x0000000020001cdc                Zneg
                0x0000000020001ce0                htim8
                0x0000000020001d2c                cnt
                0x0000000020001d30                Ypos
                0x0000000020001d34                htim5
                0x0000000020001d80                htim3
                0x0000000020001dcc                tim2Cnt
                0x0000000020001dd0                Xneg
                0x0000000020001dd4                tim4Cnt
                0x0000000020001dd8                Yneg
                0x0000000020001ddc                myTask02Handle
                0x0000000020001de0                feedback
                0x0000000020001de4                cnt_old
                0x0000000020001de8                htim1
                0x0000000020001e34                Xpos
                0x0000000020001e38                tim5Cnt
                0x0000000020001e3c                myTask03Handle
                0x0000000020001e40                htim2
                0x0000000020001e8c                Zpos
 *fill*         0x0000000020001e8d        0x3 
 COMMON         0x0000000020001e90        0xd Core/Src/stm32l4xx_it.o
                0x0000000020001e90                xPul
                0x0000000020001e94                xSpeed
                0x0000000020001e98                yPul
                0x0000000020001e9c                ySpeed
 *fill*         0x0000000020001e9d        0x3 
 COMMON         0x0000000020001ea0        0x4 Drivers/STM32L4xx_HAL_Driver/Src/stm32l4xx_hal.o
                0x0000000020001ea0                uwTick
 COMMON         0x0000000020001ea4       0x40 Middlewares/Third_Party/FreeRTOS/Source/queue.o
                0x0000000020001ea4                xQueueRegistry
 COMMON         0x0000000020001ee4      0x2d0 USB_DEVICE/App/usb_device.o
                0x0000000020001ee4                hUsbDeviceFS
 COMMON         0x00000000200021b4     0x1000 USB_DEVICE/App/usbd_cdc_if.o
                0x00000000200021b4                UserRxBufferFS
                0x00000000200029b4                UserTxBufferFS
 COMMON         0x00000000200031b4      0x200 USB_DEVICE/App/usbd_desc.o
                0x00000000200031b4                USBD_StrDesc
 COMMON         0x00000000200033b4      0x408 USB_DEVICE/Target/usbd_conf.o
                0x00000000200033b4                hpcd_USB_OTG_FS
                0x00000000200037bc                . = ALIGN (0x4)
                0x00000000200037bc                _ebss = .
                0x00000000200037bc                __bss_end__ = _ebss

._user_heap_stack
                0x00000000200037bc      0x604 load address 0x000000000800b4d0
                0x00000000200037c0                . = ALIGN (0x8)
 *fill*         0x00000000200037bc        0x4 
                [!provide]                        PROVIDE (end = .)
                0x00000000200037c0                PROVIDE (_end = .)
                0x00000000200039c0                . = (. + _Min_Heap_Size)
 *fill*         0x00000000200037c0      0x200 
                0x0000000020003dc0                . = (. + _Min_Stack_Size)
 *fill*         0x00000000200039c0      0x400 
                0x0000000020003dc0                . = ALIGN (0x8)

/DISCARD/
 libc.a(*)
 libm.a(*)
 libgcc.a(*)

.ARM.attributes
                0x0000000000000000       0x30
 *(.ARM.attributes)
 .ARM.attributes
                0x0000000000000000       0x1e c:/st/stm32cubeide_1.6.1/stm32cubeide/plugins/com.st.stm32cube.ide.mcu.externaltools.gnu-tools-for-stm32.9-2020-q2-update.win32_1.5.0.202011040924/tools/bin/../lib/gcc/arm-none-eabi/9.3.1/thumb/v7e-m+fp/hard/crti.o
 .ARM.attributes
                0x000000000000001e       0x34 c:/st/stm32cubeide_1.6.1/stm32cubeide/plugins/com.st.stm32cube.ide.mcu.externaltools.gnu-tools-for-stm32.9-2020-q2-update.win32_1.5.0.202011040924/tools/bin/../lib/gcc/arm-none-eabi/9.3.1/thumb/v7e-m+fp/hard/crtbegin.o
 .ARM.attributes
                0x0000000000000052       0x34 Core/Src/main.o
 .ARM.attributes
                0x0000000000000086       0x34 Core/Src/stm32l4xx_hal_msp.o
 .ARM.attributes
                0x00000000000000ba       0x34 Core/Src/stm32l4xx_it.o
 .ARM.attributes
                0x00000000000000ee       0x34 Core/Src/system_stm32l4xx.o
 .ARM.attributes
                0x0000000000000122       0x21 Core/Startup/startup_stm32l476vgtx.o
 .ARM.attributes
                0x0000000000000143       0x34 Drivers/STM32L4xx_HAL_Driver/Src/stm32l4xx_hal.o
 .ARM.attributes
                0x0000000000000177       0x34 Drivers/STM32L4xx_HAL_Driver/Src/stm32l4xx_hal_cortex.o
 .ARM.attributes
                0x00000000000001ab       0x34 Drivers/STM32L4xx_HAL_Driver/Src/stm32l4xx_hal_gpio.o
 .ARM.attributes
                0x00000000000001df       0x34 Drivers/STM32L4xx_HAL_Driver/Src/stm32l4xx_hal_i2c_ex.o
 .ARM.attributes
                0x0000000000000213       0x34 Drivers/STM32L4xx_HAL_Driver/Src/stm32l4xx_hal_pcd.o
 .ARM.attributes
                0x0000000000000247       0x34 Drivers/STM32L4xx_HAL_Driver/Src/stm32l4xx_hal_pcd_ex.o
 .ARM.attributes
                0x000000000000027b       0x34 Drivers/STM32L4xx_HAL_Driver/Src/stm32l4xx_hal_pwr_ex.o
 .ARM.attributes
                0x00000000000002af       0x34 Drivers/STM32L4xx_HAL_Driver/Src/stm32l4xx_hal_rcc.o
 .ARM.attributes
                0x00000000000002e3       0x34 Drivers/STM32L4xx_HAL_Driver/Src/stm32l4xx_hal_rcc_ex.o
 .ARM.attributes
                0x0000000000000317       0x34 Drivers/STM32L4xx_HAL_Driver/Src/stm32l4xx_hal_tim.o
 .ARM.attributes
                0x000000000000034b       0x34 Drivers/STM32L4xx_HAL_Driver/Src/stm32l4xx_hal_tim_ex.o
 .ARM.attributes
                0x000000000000037f       0x34 Drivers/STM32L4xx_HAL_Driver/Src/stm32l4xx_ll_usb.o
 .ARM.attributes
                0x00000000000003b3       0x34 Middlewares/ST/STM32_USB_Device_Library/Class/CDC/Src/usbd_cdc.o
 .ARM.attributes
                0x00000000000003e7       0x34 Middlewares/ST/STM32_USB_Device_Library/Core/Src/usbd_core.o
 .ARM.attributes
                0x000000000000041b       0x34 Middlewares/ST/STM32_USB_Device_Library/Core/Src/usbd_ctlreq.o
 .ARM.attributes
                0x000000000000044f       0x34 Middlewares/ST/STM32_USB_Device_Library/Core/Src/usbd_ioreq.o
 .ARM.attributes
                0x0000000000000483       0x34 Middlewares/Third_Party/FreeRTOS/Source/CMSIS_RTOS_V2/cmsis_os2.o
 .ARM.attributes
                0x00000000000004b7       0x34 Middlewares/Third_Party/FreeRTOS/Source/list.o
 .ARM.attributes
                0x00000000000004eb       0x34 Middlewares/Third_Party/FreeRTOS/Source/queue.o
 .ARM.attributes
                0x000000000000051f       0x34 Middlewares/Third_Party/FreeRTOS/Source/tasks.o
 .ARM.attributes
                0x0000000000000553       0x34 Middlewares/Third_Party/FreeRTOS/Source/timers.o
 .ARM.attributes
                0x0000000000000587       0x34 Middlewares/Third_Party/FreeRTOS/Source/portable/GCC/ARM_CM4F/port.o
 .ARM.attributes
                0x00000000000005bb       0x34 Middlewares/Third_Party/FreeRTOS/Source/portable/MemMang/heap_4.o
 .ARM.attributes
                0x00000000000005ef       0x34 USB_DEVICE/App/usb_device.o
 .ARM.attributes
                0x0000000000000623       0x34 USB_DEVICE/App/usbd_cdc_if.o
 .ARM.attributes
                0x0000000000000657       0x34 USB_DEVICE/App/usbd_desc.o
 .ARM.attributes
                0x000000000000068b       0x34 USB_DEVICE/Target/usbd_conf.o
 .ARM.attributes
                0x00000000000006bf       0x34 c:/st/stm32cubeide_1.6.1/stm32cubeide/plugins/com.st.stm32cube.ide.mcu.externaltools.gnu-tools-for-stm32.9-2020-q2-update.win32_1.5.0.202011040924/tools/bin/../lib/gcc/arm-none-eabi/9.3.1/../../../../arm-none-eabi/lib/thumb/v7e-m+fp/hard\libc_nano.a(lib_a-init.o)
 .ARM.attributes
                0x00000000000006f3       0x34 c:/st/stm32cubeide_1.6.1/stm32cubeide/plugins/com.st.stm32cube.ide.mcu.externaltools.gnu-tools-for-stm32.9-2020-q2-update.win32_1.5.0.202011040924/tools/bin/../lib/gcc/arm-none-eabi/9.3.1/../../../../arm-none-eabi/lib/thumb/v7e-m+fp/hard\libc_nano.a(lib_a-memcpy-stub.o)
 .ARM.attributes
                0x0000000000000727       0x34 c:/st/stm32cubeide_1.6.1/stm32cubeide/plugins/com.st.stm32cube.ide.mcu.externaltools.gnu-tools-for-stm32.9-2020-q2-update.win32_1.5.0.202011040924/tools/bin/../lib/gcc/arm-none-eabi/9.3.1/../../../../arm-none-eabi/lib/thumb/v7e-m+fp/hard\libc_nano.a(lib_a-memset.o)
 .ARM.attributes
                0x000000000000075b       0x1e c:/st/stm32cubeide_1.6.1/stm32cubeide/plugins/com.st.stm32cube.ide.mcu.externaltools.gnu-tools-for-stm32.9-2020-q2-update.win32_1.5.0.202011040924/tools/bin/../lib/gcc/arm-none-eabi/9.3.1/thumb/v7e-m+fp/hard/crtn.o
OUTPUT(Grating_2.elf elf32-littlearm)
LOAD linker stubs
LOAD c:/st/stm32cubeide_1.6.1/stm32cubeide/plugins/com.st.stm32cube.ide.mcu.externaltools.gnu-tools-for-stm32.9-2020-q2-update.win32_1.5.0.202011040924/tools/bin/../lib/gcc/arm-none-eabi/9.3.1/../../../../arm-none-eabi/lib/thumb/v7e-m+fp/hard\libc.a
LOAD c:/st/stm32cubeide_1.6.1/stm32cubeide/plugins/com.st.stm32cube.ide.mcu.externaltools.gnu-tools-for-stm32.9-2020-q2-update.win32_1.5.0.202011040924/tools/bin/../lib/gcc/arm-none-eabi/9.3.1/../../../../arm-none-eabi/lib/thumb/v7e-m+fp/hard\libm.a