main.c:115:5:main	8	static
main.c:232:6:SystemClock_Config	232	static
main.c:295:13:MX_TIM1_Init	40	static
main.c:342:13:MX_TIM2_Init	56	static
main.c:391:13:MX_TIM3_Init	56	static
main.c:440:13:MX_TIM5_Init	56	static
main.c:489:13:MX_TIM8_Init	56	static
main.c:540:13:MX_GPIO_Init	56	static
main.c:634:6:HAL_TIM_PeriodElapsedCallback	16	static
main.c:692:6:CDC_ReceiveCallback	24	static
main.c:711:6:StartDefaultTask	16	static
main.c:803:6:StartTask02	48	static
main.c:911:6:StartTask03	16	static
main.c:926:6:Error_Handler	4	static,ignoring_inline_asm
