main.c:122:5:main	8	static
main.c:240:6:SystemClock_Config	232	static
main.c:303:13:MX_TIM1_Init	40	static
main.c:350:13:MX_TIM2_Init	56	static
main.c:399:13:MX_TIM3_Init	56	static
main.c:448:13:MX_TIM5_Init	56	static
main.c:497:13:MX_TIM8_Init	56	static
main.c:548:13:MX_GPIO_Init	56	static
main.c:642:6:HAL_TIM_PeriodElapsedCallback	16	static
main.c:700:6:CDC_ReceiveCallback	24	static
main.c:720:6:StartDefaultTask	16	static
main.c:812:6:StartTask02	40	static
main.c:986:6:StartTask03	16	static
main.c:1001:6:Error_Handler	4	static,ignoring_inline_asm
