stm32l4xx_it.c:80:6:NMI_Handler	4	static
stm32l4xx_it.c:95:6:HardFault_Handler	4	static
stm32l4xx_it.c:110:6:MemManage_Handler	4	static
stm32l4xx_it.c:125:6:BusFault_Handler	4	static
stm32l4xx_it.c:140:6:UsageFault_Handler	4	static
stm32l4xx_it.c:155:6:DebugMon_Handler	4	static
stm32l4xx_it.c:168:6:SysTick_Handler	8	static
stm32l4xx_it.c:197:6:TIM1_BRK_TIM15_IRQHandler	8	static
stm32l4xx_it.c:211:6:TIM1_UP_TIM16_IRQHandler	8	static
stm32l4xx_it.c:270:6:TIM1_TRG_COM_TIM17_IRQHandler	8	static
stm32l4xx_it.c:284:6:TIM2_IRQHandler	8	static
stm32l4xx_it.c:334:6:EXTI15_10_IRQHandler	8	static
stm32l4xx_it.c:352:6:OTG_FS_IRQHandler	8	static
stm32l4xx_it.c:364:6:HAL_GPIO_EXTI_Callback	16	static
