stm32l4xx_it.c:77:6:NMI_Handler	4	static
stm32l4xx_it.c:92:6:HardFault_Handler	4	static
stm32l4xx_it.c:107:6:MemManage_Handler	4	static
stm32l4xx_it.c:122:6:BusFault_Handler	4	static
stm32l4xx_it.c:137:6:UsageFault_Handler	4	static
stm32l4xx_it.c:152:6:DebugMon_Handler	4	static
stm32l4xx_it.c:165:6:SysTick_Handler	8	static
stm32l4xx_it.c:194:6:RCC_IRQHandler	4	static
stm32l4xx_it.c:207:6:TIM1_BRK_TIM15_IRQHandler	8	static
stm32l4xx_it.c:221:6:TIM1_UP_TIM16_IRQHandler	8	static
stm32l4xx_it.c:272:6:TIM1_TRG_COM_TIM17_IRQHandler	8	static
stm32l4xx_it.c:286:6:TIM1_CC_IRQHandler	8	static
stm32l4xx_it.c:300:6:EXTI15_10_IRQHandler	8	static
stm32l4xx_it.c:315:6:OTG_FS_IRQHandler	8	static
stm32l4xx_it.c:327:6:HAL_GPIO_EXTI_Callback	16	static
